C:\Windows\SysWOW64\inetsrv> "C:\Windows\Microsoft.NET\Framework\v2.0.50727\csc.exe" /t:library /utf8output /R:"C:\inetpub\wwwroot\LearnSite\App_Data\Temp\root\e71f0f18\660a51c4\assembly\dl3\bc09e849\00a28c71_c690cf01\NPOI.DLL" /R:"C:\Windows\Microsoft.NET\Framework\v2.0.50727\mscorlib.dll" /R:"C:\Windows\assembly\GAC_MSIL\System.WorkflowServices\3.5.0.0__31bf3856ad364e35\System.WorkflowServices.dll" /R:"C:\inetpub\wwwroot\LearnSite\App_Data\Temp\root\e71f0f18\660a51c4\assembly\dl3\067eb611\0071b915_d746cd01\LitJSON.DLL" /R:"C:\inetpub\wwwroot\LearnSite\App_Data\Temp\root\e71f0f18\660a51c4\assembly\dl3\2d412ca8\00bbafb3_68fbcb01\Anthem.DLL" /R:"C:\Windows\assembly\GAC_MSIL\System.Web.Services\2.0.0.0__b03f5f7f11d50a3a\System.Web.Services.dll" /R:"C:\inetpub\wwwroot\LearnSite\App_Data\Temp\root\e71f0f18\660a51c4\assembly\dl3\abbb4660\001108a8_db91cf01\NPOI.OpenXmlFormats.DLL" /R:"C:\Windows\assembly\GAC_MSIL\System.ServiceModel\3.0.0.0__b77a5c561934e089\System.ServiceModel.dll" /R:"C:\inetpub\wwwroot\LearnSite\App_Data\Temp\root\e71f0f18\660a51c4\assembly\dl3\e0083570\00694688_5596d501\Newtonsoft.Json.DLL" /R:"C:\Windows\assembly\GAC_32\System.EnterpriseServices\2.0.0.0__b03f5f7f11d50a3a\System.EnterpriseServices.dll" /R:"C:\Windows\assembly\GAC_MSIL\System.Runtime.Serialization\3.0.0.0__b77a5c561934e089\System.Runtime.Serialization.dll" /R:"C:\Windows\assembly\GAC_MSIL\System.IdentityModel\3.0.0.0__b77a5c561934e089\System.IdentityModel.dll" /R:"C:\Windows\assembly\GAC_MSIL\System\2.0.0.0__b77a5c561934e089\System.dll" /R:"C:\Windows\assembly\GAC_MSIL\System.Drawing\2.0.0.0__b03f5f7f11d50a3a\System.Drawing.dll" /R:"C:\Windows\assembly\GAC_32\System.Web\2.0.0.0__b03f5f7f11d50a3a\System.Web.dll" /R:"C:\inetpub\wwwroot\LearnSite\App_Data\Temp\root\e71f0f18\660a51c4\assembly\dl3\af9d943e\0004936e_e323ce01\SimplePsd.DLL" /R:"C:\inetpub\wwwroot\LearnSite\App_Data\Temp\root\e71f0f18\660a51c4\App_Web_4tvqywjb.dll" /R:"C:\Windows\assembly\GAC_MSIL\System.Configuration\2.0.0.0__b03f5f7f11d50a3a\System.Configuration.dll" /R:"C:\inetpub\wwwroot\LearnSite\App_Data\Temp\root\e71f0f18\660a51c4\assembly\dl3\34c23e83\807a2337_ef7ddc01\LearnSite.DLL" /R:"C:\inetpub\wwwroot\LearnSite\App_Data\Temp\root\e71f0f18\660a51c4\assembly\dl3\6e12f1ce\80b5c7af_db91cf01\NPOI.OOXML.DLL" /R:"C:\inetpub\wwwroot\LearnSite\App_Data\Temp\root\e71f0f18\660a51c4\App_Web_zgidwflv.dll" /R:"C:\inetpub\wwwroot\LearnSite\App_Data\Temp\root\e71f0f18\660a51c4\assembly\dl3\10d7ac7e\80323bdd_c23ccf01\ICSharpCode.SharpZipLib.DLL" /R:"C:\inetpub\wwwroot\LearnSite\App_Data\Temp\root\e71f0f18\660a51c4\assembly\dl3\ca1836be\00c88898_db91cf01\NPOI.OpenXml4Net.DLL" /R:"C:\inetpub\wwwroot\LearnSite\App_Data\Temp\root\e71f0f18\660a51c4\assembly\dl3\c315d9ca\0066bc14_4a69cd01\NPinyin.DLL" /R:"C:\inetpub\wwwroot\LearnSite\App_Data\Temp\root\e71f0f18\660a51c4\assembly\dl3\13f6cbc8\00ce4eae_0e4dd701\mxgraph.DLL" /R:"C:\Windows\assembly\GAC_MSIL\System.Xml\2.0.0.0__b77a5c561934e089\System.Xml.dll" /R:"C:\inetpub\wwwroot\LearnSite\App_Data\Temp\root\e71f0f18\660a51c4\assembly\dl3\c9b19b62\000cf6d8_6b03cd01\SwfDotNet.IO.DLL" /R:"C:\Windows\assembly\GAC_MSIL\System.ServiceModel.Web\3.5.0.0__31bf3856ad364e35\System.ServiceModel.Web.dll" /R:"C:\Windows\assembly\GAC_32\System.Data\2.0.0.0__b77a5c561934e089\System.Data.dll" /R:"C:\inetpub\wwwroot\LearnSite\App_Data\Temp\root\e71f0f18\660a51c4\assembly\dl3\c2a9c016\0036a627_973ace01\MailLog.DLL" /R:"C:\inetpub\wwwroot\LearnSite\App_Data\Temp\root\e71f0f18\660a51c4\assembly\dl3\ac5ed3d9\009cd9e5_624ac301\log4net.DLL" /R:"C:\inetpub\wwwroot\LearnSite\App_Data\Temp\root\e71f0f18\660a51c4\assembly\dl3\04e48fd2\00439c98_ce5ec701\zlib.net.DLL" /R:"C:\Windows\assembly\GAC_MSIL\System.Web.Mobile\2.0.0.0__b03f5f7f11d50a3a\System.Web.Mobile.dll" /out:"C:\inetpub\wwwroot\LearnSite\App_Data\Temp\root\e71f0f18\660a51c4\App_Web_kpvsktpg.dll" /D:DEBUG /debug+ /optimize- /win32res:"C:\inetpub\wwwroot\LearnSite\App_Data\Temp\root\e71f0f18\660a51c4\kpvsktpg.res" /w:4 /nowarn:1659;1699;1701  "C:\inetpub\wwwroot\LearnSite\App_Data\Temp\root\e71f0f18\660a51c4\App_Web_kpvsktpg.3.cs" "C:\inetpub\wwwroot\LearnSite\App_Data\Temp\root\e71f0f18\660a51c4\App_Web_kpvsktpg.5.cs" "C:\inetpub\wwwroot\LearnSite\App_Data\Temp\root\e71f0f18\660a51c4\App_Web_kpvsktpg.4.cs" "C:\inetpub\wwwroot\LearnSite\App_Data\Temp\root\e71f0f18\660a51c4\App_Web_kpvsktpg.16.cs" "C:\inetpub\wwwroot\LearnSite\App_Data\Temp\root\e71f0f18\660a51c4\App_Web_kpvsktpg.7.cs" "C:\inetpub\wwwroot\LearnSite\App_Data\Temp\root\e71f0f18\660a51c4\App_Web_kpvsktpg.2.cs" "C:\inetpub\wwwroot\LearnSite\App_Data\Temp\root\e71f0f18\660a51c4\App_Web_kpvsktpg.9.cs" "C:\inetpub\wwwroot\LearnSite\App_Data\Temp\root\e71f0f18\660a51c4\App_Web_kpvsktpg.14.cs" "C:\inetpub\wwwroot\LearnSite\App_Data\Temp\root\e71f0f18\660a51c4\App_Web_kpvsktpg.15.cs" "C:\inetpub\wwwroot\LearnSite\App_Data\Temp\root\e71f0f18\660a51c4\App_Web_kpvsktpg.12.cs" "C:\inetpub\wwwroot\LearnSite\App_Data\Temp\root\e71f0f18\660a51c4\App_Web_kpvsktpg.13.cs" "C:\inetpub\wwwroot\LearnSite\App_Data\Temp\root\e71f0f18\660a51c4\App_Web_kpvsktpg.10.cs" "C:\inetpub\wwwroot\LearnSite\App_Data\Temp\root\e71f0f18\660a51c4\App_Web_kpvsktpg.11.cs" "C:\inetpub\wwwroot\LearnSite\App_Data\Temp\root\e71f0f18\660a51c4\App_Web_kpvsktpg.6.cs" "C:\inetpub\wwwroot\LearnSite\App_Data\Temp\root\e71f0f18\660a51c4\App_Web_kpvsktpg.0.cs" "C:\inetpub\wwwroot\LearnSite\App_Data\Temp\root\e71f0f18\660a51c4\App_Web_kpvsktpg.1.cs" "C:\inetpub\wwwroot\LearnSite\App_Data\Temp\root\e71f0f18\660a51c4\App_Web_kpvsktpg.8.cs"


Microsoft (R) Visual C# 2005 编译器 版本 8.00.50727.9031
用于 Microsoft (R) Windows (R) 2005 Framework 版本 2.0.50727
版权所有(C) Microsoft Corporation 2001-2005。保留所有权利。

c:\inetpub\wwwroot\LearnSite\App_Data\Temp\root\e71f0f18\660a51c4\App_Web_kpvsktpg.3.cs(135,53): warning CS0108: “ASP.student_typerclass_aspx.Profile”隐藏了继承的成员“Student_typerclass.Profile”。如果是有意隐藏，请使用关键字 new。
c:\inetpub\wwwroot\LearnSite\App_Data\Temp\root\e71f0f18\660a51c4\assembly\dl3\34c23e83\807a2337_ef7ddc01\LearnSite.DLL: (与前一个警告相关的符号位置)
c:\inetpub\wwwroot\LearnSite\App_Data\Temp\root\e71f0f18\660a51c4\App_Web_kpvsktpg.3.cs(141,46): warning CS0108: “ASP.student_typerclass_aspx.ApplicationInstance”隐藏了继承的成员“Student_typerclass.ApplicationInstance”。如果是有意隐藏，请使用关键字 new。
c:\inetpub\wwwroot\LearnSite\App_Data\Temp\root\e71f0f18\660a51c4\assembly\dl3\34c23e83\807a2337_ef7ddc01\LearnSite.DLL: (与前一个警告相关的符号位置)
c:\inetpub\wwwroot\LearnSite\App_Data\Temp\root\e71f0f18\660a51c4\App_Web_kpvsktpg.5.cs(135,53): warning CS0108: “ASP.student_txtform_aspx.Profile”隐藏了继承的成员“Student_txtform.Profile”。如果是有意隐藏，请使用关键字 new。
c:\inetpub\wwwroot\LearnSite\App_Data\Temp\root\e71f0f18\660a51c4\assembly\dl3\34c23e83\807a2337_ef7ddc01\LearnSite.DLL: (与前一个警告相关的符号位置)
c:\inetpub\wwwroot\LearnSite\App_Data\Temp\root\e71f0f18\660a51c4\App_Web_kpvsktpg.5.cs(141,46): warning CS0108: “ASP.student_txtform_aspx.ApplicationInstance”隐藏了继承的成员“Student_txtform.ApplicationInstance”。如果是有意隐藏，请使用关键字 new。
c:\inetpub\wwwroot\LearnSite\App_Data\Temp\root\e71f0f18\660a51c4\assembly\dl3\34c23e83\807a2337_ef7ddc01\LearnSite.DLL: (与前一个警告相关的符号位置)
c:\inetpub\wwwroot\LearnSite\App_Data\Temp\root\e71f0f18\660a51c4\App_Web_kpvsktpg.4.cs(135,53): warning CS0108: “ASP.student_myfile_aspx.Profile”隐藏了继承的成员“Student_myfile.Profile”。如果是有意隐藏，请使用关键字 new。
c:\inetpub\wwwroot\LearnSite\App_Data\Temp\root\e71f0f18\660a51c4\assembly\dl3\34c23e83\807a2337_ef7ddc01\LearnSite.DLL: (与前一个警告相关的符号位置)
c:\inetpub\wwwroot\LearnSite\App_Data\Temp\root\e71f0f18\660a51c4\App_Web_kpvsktpg.4.cs(141,46): warning CS0108: “ASP.student_myfile_aspx.ApplicationInstance”隐藏了继承的成员“Student_myfile.ApplicationInstance”。如果是有意隐藏，请使用关键字 new。
c:\inetpub\wwwroot\LearnSite\App_Data\Temp\root\e71f0f18\660a51c4\assembly\dl3\34c23e83\807a2337_ef7ddc01\LearnSite.DLL: (与前一个警告相关的符号位置)
c:\inetpub\wwwroot\LearnSite\App_Data\Temp\root\e71f0f18\660a51c4\App_Web_kpvsktpg.7.cs(141,53): warning CS0108: “ASP.student_mysurvey_aspx.Profile”隐藏了继承的成员“Student_mysurvey.Profile”。如果是有意隐藏，请使用关键字 new。
c:\inetpub\wwwroot\LearnSite\App_Data\Temp\root\e71f0f18\660a51c4\assembly\dl3\34c23e83\807a2337_ef7ddc01\LearnSite.DLL: (与前一个警告相关的符号位置)
c:\inetpub\wwwroot\LearnSite\App_Data\Temp\root\e71f0f18\660a51c4\App_Web_kpvsktpg.7.cs(147,46): warning CS0108: “ASP.student_mysurvey_aspx.ApplicationInstance”隐藏了继承的成员“Student_mysurvey.ApplicationInstance”。如果是有意隐藏，请使用关键字 new。
c:\inetpub\wwwroot\LearnSite\App_Data\Temp\root\e71f0f18\660a51c4\assembly\dl3\34c23e83\807a2337_ef7ddc01\LearnSite.DLL: (与前一个警告相关的符号位置)
c:\inetpub\wwwroot\LearnSite\App_Data\Temp\root\e71f0f18\660a51c4\App_Web_kpvsktpg.2.cs(135,53): warning CS0108: “ASP.student_myinfo_aspx.Profile”隐藏了继承的成员“Student_myinfo.Profile”。如果是有意隐藏，请使用关键字 new。
c:\inetpub\wwwroot\LearnSite\App_Data\Temp\root\e71f0f18\660a51c4\assembly\dl3\34c23e83\807a2337_ef7ddc01\LearnSite.DLL: (与前一个警告相关的符号位置)
c:\inetpub\wwwroot\LearnSite\App_Data\Temp\root\e71f0f18\660a51c4\App_Web_kpvsktpg.2.cs(141,46): warning CS0108: “ASP.student_myinfo_aspx.ApplicationInstance”隐藏了继承的成员“Student_myinfo.ApplicationInstance”。如果是有意隐藏，请使用关键字 new。
c:\inetpub\wwwroot\LearnSite\App_Data\Temp\root\e71f0f18\660a51c4\assembly\dl3\34c23e83\807a2337_ef7ddc01\LearnSite.DLL: (与前一个警告相关的符号位置)
c:\inetpub\wwwroot\LearnSite\App_Data\Temp\root\e71f0f18\660a51c4\App_Web_kpvsktpg.9.cs(135,53): warning CS0108: “ASP.student_summary_aspx.Profile”隐藏了继承的成员“Student_summary.Profile”。如果是有意隐藏，请使用关键字 new。
c:\inetpub\wwwroot\LearnSite\App_Data\Temp\root\e71f0f18\660a51c4\assembly\dl3\34c23e83\807a2337_ef7ddc01\LearnSite.DLL: (与前一个警告相关的符号位置)
c:\inetpub\wwwroot\LearnSite\App_Data\Temp\root\e71f0f18\660a51c4\App_Web_kpvsktpg.9.cs(141,46): warning CS0108: “ASP.student_summary_aspx.ApplicationInstance”隐藏了继承的成员“Student_summary.ApplicationInstance”。如果是有意隐藏，请使用关键字 new。
c:\inetpub\wwwroot\LearnSite\App_Data\Temp\root\e71f0f18\660a51c4\assembly\dl3\34c23e83\807a2337_ef7ddc01\LearnSite.DLL: (与前一个警告相关的符号位置)
c:\inetpub\wwwroot\LearnSite\App_Data\Temp\root\e71f0f18\660a51c4\App_Web_kpvsktpg.14.cs(135,53): warning CS0108: “ASP.student_summaryedit_aspx.Profile”隐藏了继承的成员“Student_summaryedit.Profile”。如果是有意隐藏，请使用关键字 new。
c:\inetpub\wwwroot\LearnSite\App_Data\Temp\root\e71f0f18\660a51c4\assembly\dl3\34c23e83\807a2337_ef7ddc01\LearnSite.DLL: (与前一个警告相关的符号位置)
c:\inetpub\wwwroot\LearnSite\App_Data\Temp\root\e71f0f18\660a51c4\App_Web_kpvsktpg.14.cs(141,46): warning CS0108: “ASP.student_summaryedit_aspx.ApplicationInstance”隐藏了继承的成员“Student_summaryedit.ApplicationInstance”。如果是有意隐藏，请使用关键字 new。
c:\inetpub\wwwroot\LearnSite\App_Data\Temp\root\e71f0f18\660a51c4\assembly\dl3\34c23e83\807a2337_ef7ddc01\LearnSite.DLL: (与前一个警告相关的符号位置)
c:\inetpub\wwwroot\LearnSite\App_Data\Temp\root\e71f0f18\660a51c4\App_Web_kpvsktpg.15.cs(135,53): warning CS0108: “ASP.student_allfinger_aspx.Profile”隐藏了继承的成员“Student_allfinger.Profile”。如果是有意隐藏，请使用关键字 new。
c:\inetpub\wwwroot\LearnSite\App_Data\Temp\root\e71f0f18\660a51c4\assembly\dl3\34c23e83\807a2337_ef7ddc01\LearnSite.DLL: (与前一个警告相关的符号位置)
c:\inetpub\wwwroot\LearnSite\App_Data\Temp\root\e71f0f18\660a51c4\App_Web_kpvsktpg.15.cs(141,46): warning CS0108: “ASP.student_allfinger_aspx.ApplicationInstance”隐藏了继承的成员“Student_allfinger.ApplicationInstance”。如果是有意隐藏，请使用关键字 new。
c:\inetpub\wwwroot\LearnSite\App_Data\Temp\root\e71f0f18\660a51c4\assembly\dl3\34c23e83\807a2337_ef7ddc01\LearnSite.DLL: (与前一个警告相关的符号位置)
c:\inetpub\wwwroot\LearnSite\App_Data\Temp\root\e71f0f18\660a51c4\App_Web_kpvsktpg.12.cs(135,53): warning CS0108: “ASP.student_myquiz_aspx.Profile”隐藏了继承的成员“Student_myquiz.Profile”。如果是有意隐藏，请使用关键字 new。
c:\inetpub\wwwroot\LearnSite\App_Data\Temp\root\e71f0f18\660a51c4\assembly\dl3\34c23e83\807a2337_ef7ddc01\LearnSite.DLL: (与前一个警告相关的符号位置)
c:\inetpub\wwwroot\LearnSite\App_Data\Temp\root\e71f0f18\660a51c4\App_Web_kpvsktpg.12.cs(141,46): warning CS0108: “ASP.student_myquiz_aspx.ApplicationInstance”隐藏了继承的成员“Student_myquiz.ApplicationInstance”。如果是有意隐藏，请使用关键字 new。
c:\inetpub\wwwroot\LearnSite\App_Data\Temp\root\e71f0f18\660a51c4\assembly\dl3\34c23e83\807a2337_ef7ddc01\LearnSite.DLL: (与前一个警告相关的符号位置)
c:\inetpub\wwwroot\LearnSite\App_Data\Temp\root\e71f0f18\660a51c4\App_Web_kpvsktpg.13.cs(135,53): warning CS0108: “ASP.student_program_aspx.Profile”隐藏了继承的成员“Student_program.Profile”。如果是有意隐藏，请使用关键字 new。
c:\inetpub\wwwroot\LearnSite\App_Data\Temp\root\e71f0f18\660a51c4\assembly\dl3\34c23e83\807a2337_ef7ddc01\LearnSite.DLL: (与前一个警告相关的符号位置)
c:\inetpub\wwwroot\LearnSite\App_Data\Temp\root\e71f0f18\660a51c4\App_Web_kpvsktpg.13.cs(141,46): warning CS0108: “ASP.student_program_aspx.ApplicationInstance”隐藏了继承的成员“Student_program.ApplicationInstance”。如果是有意隐藏，请使用关键字 new。
c:\inetpub\wwwroot\LearnSite\App_Data\Temp\root\e71f0f18\660a51c4\assembly\dl3\34c23e83\807a2337_ef7ddc01\LearnSite.DLL: (与前一个警告相关的符号位置)
c:\inetpub\wwwroot\LearnSite\App_Data\Temp\root\e71f0f18\660a51c4\App_Web_kpvsktpg.10.cs(135,53): warning CS0108: “ASP.student_mywork_aspx.Profile”隐藏了继承的成员“Student_mywork.Profile”。如果是有意隐藏，请使用关键字 new。
c:\inetpub\wwwroot\LearnSite\App_Data\Temp\root\e71f0f18\660a51c4\assembly\dl3\34c23e83\807a2337_ef7ddc01\LearnSite.DLL: (与前一个警告相关的符号位置)
c:\inetpub\wwwroot\LearnSite\App_Data\Temp\root\e71f0f18\660a51c4\App_Web_kpvsktpg.10.cs(141,46): warning CS0108: “ASP.student_mywork_aspx.ApplicationInstance”隐藏了继承的成员“Student_mywork.ApplicationInstance”。如果是有意隐藏，请使用关键字 new。
c:\inetpub\wwwroot\LearnSite\App_Data\Temp\root\e71f0f18\660a51c4\assembly\dl3\34c23e83\807a2337_ef7ddc01\LearnSite.DLL: (与前一个警告相关的符号位置)
c:\inetpub\wwwroot\LearnSite\App_Data\Temp\root\e71f0f18\660a51c4\App_Web_kpvsktpg.11.cs(135,53): warning CS0108: “ASP.student_showtask_aspx.Profile”隐藏了继承的成员“Student_showtask.Profile”。如果是有意隐藏，请使用关键字 new。
c:\inetpub\wwwroot\LearnSite\App_Data\Temp\root\e71f0f18\660a51c4\assembly\dl3\34c23e83\807a2337_ef7ddc01\LearnSite.DLL: (与前一个警告相关的符号位置)
c:\inetpub\wwwroot\LearnSite\App_Data\Temp\root\e71f0f18\660a51c4\App_Web_kpvsktpg.11.cs(141,46): warning CS0108: “ASP.student_showtask_aspx.ApplicationInstance”隐藏了继承的成员“Student_showtask.ApplicationInstance”。如果是有意隐藏，请使用关键字 new。
c:\inetpub\wwwroot\LearnSite\App_Data\Temp\root\e71f0f18\660a51c4\assembly\dl3\34c23e83\807a2337_ef7ddc01\LearnSite.DLL: (与前一个警告相关的符号位置)
c:\inetpub\wwwroot\LearnSite\App_Data\Temp\root\e71f0f18\660a51c4\App_Web_kpvsktpg.6.cs(135,53): warning CS0108: “ASP.student_console_aspx.Profile”隐藏了继承的成员“Student_console.Profile”。如果是有意隐藏，请使用关键字 new。
c:\inetpub\wwwroot\LearnSite\App_Data\Temp\root\e71f0f18\660a51c4\assembly\dl3\34c23e83\807a2337_ef7ddc01\LearnSite.DLL: (与前一个警告相关的符号位置)
c:\inetpub\wwwroot\LearnSite\App_Data\Temp\root\e71f0f18\660a51c4\App_Web_kpvsktpg.6.cs(141,46): warning CS0108: “ASP.student_console_aspx.ApplicationInstance”隐藏了继承的成员“Student_console.ApplicationInstance”。如果是有意隐藏，请使用关键字 new。
c:\inetpub\wwwroot\LearnSite\App_Data\Temp\root\e71f0f18\660a51c4\assembly\dl3\34c23e83\807a2337_ef7ddc01\LearnSite.DLL: (与前一个警告相关的符号位置)
c:\inetpub\wwwroot\LearnSite\App_Data\Temp\root\e71f0f18\660a51c4\App_Web_kpvsktpg.0.cs(135,53): warning CS0108: “ASP.student_mytype_aspx.Profile”隐藏了继承的成员“Student_mytype.Profile”。如果是有意隐藏，请使用关键字 new。
c:\inetpub\wwwroot\LearnSite\App_Data\Temp\root\e71f0f18\660a51c4\assembly\dl3\34c23e83\807a2337_ef7ddc01\LearnSite.DLL: (与前一个警告相关的符号位置)
c:\inetpub\wwwroot\LearnSite\App_Data\Temp\root\e71f0f18\660a51c4\App_Web_kpvsktpg.0.cs(141,46): warning CS0108: “ASP.student_mytype_aspx.ApplicationInstance”隐藏了继承的成员“Student_mytype.ApplicationInstance”。如果是有意隐藏，请使用关键字 new。
c:\inetpub\wwwroot\LearnSite\App_Data\Temp\root\e71f0f18\660a51c4\assembly\dl3\34c23e83\807a2337_ef7ddc01\LearnSite.DLL: (与前一个警告相关的符号位置)
c:\inetpub\wwwroot\LearnSite\App_Data\Temp\root\e71f0f18\660a51c4\App_Web_kpvsktpg.1.cs(135,53): warning CS0108: “ASP.student_myexam_aspx.Profile”隐藏了继承的成员“student_myexam.Profile”。如果是有意隐藏，请使用关键字 new。
c:\inetpub\wwwroot\LearnSite\App_Data\Temp\root\e71f0f18\660a51c4\assembly\dl3\34c23e83\807a2337_ef7ddc01\LearnSite.DLL: (与前一个警告相关的符号位置)
c:\inetpub\wwwroot\LearnSite\App_Data\Temp\root\e71f0f18\660a51c4\App_Web_kpvsktpg.1.cs(141,46): warning CS0108: “ASP.student_myexam_aspx.ApplicationInstance”隐藏了继承的成员“student_myexam.ApplicationInstance”。如果是有意隐藏，请使用关键字 new。
c:\inetpub\wwwroot\LearnSite\App_Data\Temp\root\e71f0f18\660a51c4\assembly\dl3\34c23e83\807a2337_ef7ddc01\LearnSite.DLL: (与前一个警告相关的符号位置)
c:\inetpub\wwwroot\LearnSite\App_Data\Temp\root\e71f0f18\660a51c4\App_Web_kpvsktpg.8.cs(135,53): warning CS0108: “ASP.student_downfile_aspx.Profile”隐藏了继承的成员“Student_downfile.Profile”。如果是有意隐藏，请使用关键字 new。
c:\inetpub\wwwroot\LearnSite\App_Data\Temp\root\e71f0f18\660a51c4\assembly\dl3\34c23e83\807a2337_ef7ddc01\LearnSite.DLL: (与前一个警告相关的符号位置)
c:\inetpub\wwwroot\LearnSite\App_Data\Temp\root\e71f0f18\660a51c4\App_Web_kpvsktpg.8.cs(141,46): warning CS0108: “ASP.student_downfile_aspx.ApplicationInstance”隐藏了继承的成员“Student_downfile.ApplicationInstance”。如果是有意隐藏，请使用关键字 new。
c:\inetpub\wwwroot\LearnSite\App_Data\Temp\root\e71f0f18\660a51c4\assembly\dl3\34c23e83\807a2337_ef7ddc01\LearnSite.DLL: (与前一个警告相关的符号位置)
