C:\Windows\SysWOW64\inetsrv> "C:\Windows\Microsoft.NET\Framework\v2.0.50727\csc.exe" /t:library /utf8output /R:"C:\Windows\assembly\GAC_32\System.Data\2.0.0.0__b77a5c561934e089\System.Data.dll" /R:"C:\inetpub\wwwroot\LearnSite\App_Data\Temp\root\e71f0f18\660a51c4\assembly\dl3\10d7ac7e\80323bdd_c23ccf01\ICSharpCode.SharpZipLib.DLL" /R:"C:\inetpub\wwwroot\LearnSite\App_Data\Temp\root\e71f0f18\660a51c4\assembly\dl3\34c23e83\807a2337_ef7ddc01\LearnSite.DLL" /R:"C:\Windows\assembly\GAC_MSIL\System\2.0.0.0__b77a5c561934e089\System.dll" /R:"C:\inetpub\wwwroot\LearnSite\App_Data\Temp\root\e71f0f18\660a51c4\assembly\dl3\c2a9c016\0036a627_973ace01\MailLog.DLL" /R:"C:\inetpub\wwwroot\LearnSite\App_Data\Temp\root\e71f0f18\660a51c4\assembly\dl3\2d412ca8\00bbafb3_68fbcb01\Anthem.DLL" /R:"C:\Windows\assembly\GAC_MSIL\System.Xml\2.0.0.0__b77a5c561934e089\System.Xml.dll" /R:"C:\Windows\assembly\GAC_MSIL\System.ServiceModel\3.0.0.0__b77a5c561934e089\System.ServiceModel.dll" /R:"C:\inetpub\wwwroot\LearnSite\App_Data\Temp\root\e71f0f18\660a51c4\assembly\dl3\e0083570\00694688_5596d501\Newtonsoft.Json.DLL" /R:"C:\inetpub\wwwroot\LearnSite\App_Data\Temp\root\e71f0f18\660a51c4\assembly\dl3\c315d9ca\0066bc14_4a69cd01\NPinyin.DLL" /R:"C:\inetpub\wwwroot\LearnSite\App_Data\Temp\root\e71f0f18\660a51c4\assembly\dl3\ca1836be\00c88898_db91cf01\NPOI.OpenXml4Net.DLL" /R:"C:\Windows\assembly\GAC_MSIL\System.Runtime.Serialization\3.0.0.0__b77a5c561934e089\System.Runtime.Serialization.dll" /R:"C:\inetpub\wwwroot\LearnSite\App_Data\Temp\root\e71f0f18\660a51c4\assembly\dl3\bc09e849\00a28c71_c690cf01\NPOI.DLL" /R:"C:\Windows\assembly\GAC_MSIL\System.WorkflowServices\3.5.0.0__31bf3856ad364e35\System.WorkflowServices.dll" /R:"C:\inetpub\wwwroot\LearnSite\App_Data\Temp\root\e71f0f18\660a51c4\assembly\dl3\c9b19b62\000cf6d8_6b03cd01\SwfDotNet.IO.DLL" /R:"C:\inetpub\wwwroot\LearnSite\App_Data\Temp\root\e71f0f18\660a51c4\assembly\dl3\6e12f1ce\80b5c7af_db91cf01\NPOI.OOXML.DLL" /R:"C:\inetpub\wwwroot\LearnSite\App_Data\Temp\root\e71f0f18\660a51c4\assembly\dl3\067eb611\0071b915_d746cd01\LitJSON.DLL" /R:"C:\inetpub\wwwroot\LearnSite\App_Data\Temp\root\e71f0f18\660a51c4\assembly\dl3\af9d943e\0004936e_e323ce01\SimplePsd.DLL" /R:"C:\Windows\assembly\GAC_MSIL\System.Web.Mobile\2.0.0.0__b03f5f7f11d50a3a\System.Web.Mobile.dll" /R:"C:\Windows\assembly\GAC_MSIL\System.Configuration\2.0.0.0__b03f5f7f11d50a3a\System.Configuration.dll" /R:"C:\inetpub\wwwroot\LearnSite\App_Data\Temp\root\e71f0f18\660a51c4\assembly\dl3\13f6cbc8\00ce4eae_0e4dd701\mxgraph.DLL" /R:"C:\Windows\assembly\GAC_32\System.Web\2.0.0.0__b03f5f7f11d50a3a\System.Web.dll" /R:"C:\Windows\assembly\GAC_MSIL\System.Drawing\2.0.0.0__b03f5f7f11d50a3a\System.Drawing.dll" /R:"C:\Windows\assembly\GAC_MSIL\System.ServiceModel.Web\3.5.0.0__31bf3856ad364e35\System.ServiceModel.Web.dll" /R:"C:\inetpub\wwwroot\LearnSite\App_Data\Temp\root\e71f0f18\660a51c4\assembly\dl3\abbb4660\001108a8_db91cf01\NPOI.OpenXmlFormats.DLL" /R:"C:\Windows\assembly\GAC_MSIL\System.Web.Services\2.0.0.0__b03f5f7f11d50a3a\System.Web.Services.dll" /R:"C:\inetpub\wwwroot\LearnSite\App_Data\Temp\root\e71f0f18\660a51c4\assembly\dl3\ac5ed3d9\009cd9e5_624ac301\log4net.DLL" /R:"C:\inetpub\wwwroot\LearnSite\App_Data\Temp\root\e71f0f18\660a51c4\assembly\dl3\04e48fd2\00439c98_ce5ec701\zlib.net.DLL" /R:"C:\Windows\assembly\GAC_MSIL\System.IdentityModel\3.0.0.0__b77a5c561934e089\System.IdentityModel.dll" /R:"C:\Windows\assembly\GAC_32\System.EnterpriseServices\2.0.0.0__b03f5f7f11d50a3a\System.EnterpriseServices.dll" /R:"C:\Windows\Microsoft.NET\Framework\v2.0.50727\mscorlib.dll" /out:"C:\inetpub\wwwroot\LearnSite\App_Data\Temp\root\e71f0f18\660a51c4\App_Web_zgidwflv.dll" /D:DEBUG /debug+ /optimize- /win32res:"C:\inetpub\wwwroot\LearnSite\App_Data\Temp\root\e71f0f18\660a51c4\zgidwflv.res" /w:4 /nowarn:1659;1699;1701  "C:\inetpub\wwwroot\LearnSite\App_Data\Temp\root\e71f0f18\660a51c4\App_Web_zgidwflv.27.cs" "C:\inetpub\wwwroot\LearnSite\App_Data\Temp\root\e71f0f18\660a51c4\App_Web_zgidwflv.2.cs" "C:\inetpub\wwwroot\LearnSite\App_Data\Temp\root\e71f0f18\660a51c4\App_Web_zgidwflv.23.cs" "C:\inetpub\wwwroot\LearnSite\App_Data\Temp\root\e71f0f18\660a51c4\App_Web_zgidwflv.22.cs" "C:\inetpub\wwwroot\LearnSite\App_Data\Temp\root\e71f0f18\660a51c4\App_Web_zgidwflv.4.cs" "C:\inetpub\wwwroot\LearnSite\App_Data\Temp\root\e71f0f18\660a51c4\App_Web_zgidwflv.29.cs" "C:\inetpub\wwwroot\LearnSite\App_Data\Temp\root\e71f0f18\660a51c4\App_Web_zgidwflv.28.cs" "C:\inetpub\wwwroot\LearnSite\App_Data\Temp\root\e71f0f18\660a51c4\App_Web_zgidwflv.6.cs" "C:\inetpub\wwwroot\LearnSite\App_Data\Temp\root\e71f0f18\660a51c4\App_Web_zgidwflv.31.cs" "C:\inetpub\wwwroot\LearnSite\App_Data\Temp\root\e71f0f18\660a51c4\App_Web_zgidwflv.30.cs" "C:\inetpub\wwwroot\LearnSite\App_Data\Temp\root\e71f0f18\660a51c4\App_Web_zgidwflv.3.cs" "C:\inetpub\wwwroot\LearnSite\App_Data\Temp\root\e71f0f18\660a51c4\App_Web_zgidwflv.8.cs" "C:\inetpub\wwwroot\LearnSite\App_Data\Temp\root\e71f0f18\660a51c4\App_Web_zgidwflv.25.cs" "C:\inetpub\wwwroot\LearnSite\App_Data\Temp\root\e71f0f18\660a51c4\App_Web_zgidwflv.24.cs" "C:\inetpub\wwwroot\LearnSite\App_Data\Temp\root\e71f0f18\660a51c4\App_Web_zgidwflv.5.cs" "C:\inetpub\wwwroot\LearnSite\App_Data\Temp\root\e71f0f18\660a51c4\App_Web_zgidwflv.26.cs" "C:\inetpub\wwwroot\LearnSite\App_Data\Temp\root\e71f0f18\660a51c4\App_Web_zgidwflv.21.cs" "C:\inetpub\wwwroot\LearnSite\App_Data\Temp\root\e71f0f18\660a51c4\App_Web_zgidwflv.20.cs" "C:\inetpub\wwwroot\LearnSite\App_Data\Temp\root\e71f0f18\660a51c4\App_Web_zgidwflv.15.cs" "C:\inetpub\wwwroot\LearnSite\App_Data\Temp\root\e71f0f18\660a51c4\App_Web_zgidwflv.14.cs" "C:\inetpub\wwwroot\LearnSite\App_Data\Temp\root\e71f0f18\660a51c4\App_Web_zgidwflv.17.cs" "C:\inetpub\wwwroot\LearnSite\App_Data\Temp\root\e71f0f18\660a51c4\App_Web_zgidwflv.7.cs" "C:\inetpub\wwwroot\LearnSite\App_Data\Temp\root\e71f0f18\660a51c4\App_Web_zgidwflv.11.cs" "C:\inetpub\wwwroot\LearnSite\App_Data\Temp\root\e71f0f18\660a51c4\App_Web_zgidwflv.10.cs" "C:\inetpub\wwwroot\LearnSite\App_Data\Temp\root\e71f0f18\660a51c4\App_Web_zgidwflv.13.cs" "C:\inetpub\wwwroot\LearnSite\App_Data\Temp\root\e71f0f18\660a51c4\App_Web_zgidwflv.12.cs" "C:\inetpub\wwwroot\LearnSite\App_Data\Temp\root\e71f0f18\660a51c4\App_Web_zgidwflv.16.cs" "C:\inetpub\wwwroot\LearnSite\App_Data\Temp\root\e71f0f18\660a51c4\App_Web_zgidwflv.1.cs" "C:\inetpub\wwwroot\LearnSite\App_Data\Temp\root\e71f0f18\660a51c4\App_Web_zgidwflv.0.cs" "C:\inetpub\wwwroot\LearnSite\App_Data\Temp\root\e71f0f18\660a51c4\App_Web_zgidwflv.9.cs" "C:\inetpub\wwwroot\LearnSite\App_Data\Temp\root\e71f0f18\660a51c4\App_Web_zgidwflv.18.cs" "C:\inetpub\wwwroot\LearnSite\App_Data\Temp\root\e71f0f18\660a51c4\App_Web_zgidwflv.19.cs"


Microsoft (R) Visual C# 2005 编译器 版本 8.00.50727.9031
用于 Microsoft (R) Windows (R) 2005 Framework 版本 2.0.50727
版权所有(C) Microsoft Corporation 2001-2005。保留所有权利。

c:\inetpub\wwwroot\LearnSite\App_Data\Temp\root\e71f0f18\660a51c4\App_Web_zgidwflv.22.cs(128,53): warning CS0108: “ASP.student_htmleditor_aspx.Profile”隐藏了继承的成员“student_htmleditor.Profile”。如果是有意隐藏，请使用关键字 new。
c:\inetpub\wwwroot\LearnSite\App_Data\Temp\root\e71f0f18\660a51c4\assembly\dl3\34c23e83\807a2337_ef7ddc01\LearnSite.DLL: (与前一个警告相关的符号位置)
c:\inetpub\wwwroot\LearnSite\App_Data\Temp\root\e71f0f18\660a51c4\App_Web_zgidwflv.22.cs(134,46): warning CS0108: “ASP.student_htmleditor_aspx.ApplicationInstance”隐藏了继承的成员“student_htmleditor.ApplicationInstance”。如果是有意隐藏，请使用关键字 new。
c:\inetpub\wwwroot\LearnSite\App_Data\Temp\root\e71f0f18\660a51c4\assembly\dl3\34c23e83\807a2337_ef7ddc01\LearnSite.DLL: (与前一个警告相关的符号位置)
c:\inetpub\wwwroot\LearnSite\App_Data\Temp\root\e71f0f18\660a51c4\App_Web_zgidwflv.4.cs(128,53): warning CS0108: “ASP.student_pythonidle_aspx.Profile”隐藏了继承的成员“Student_pythonIdle.Profile”。如果是有意隐藏，请使用关键字 new。
c:\inetpub\wwwroot\LearnSite\App_Data\Temp\root\e71f0f18\660a51c4\assembly\dl3\34c23e83\807a2337_ef7ddc01\LearnSite.DLL: (与前一个警告相关的符号位置)
c:\inetpub\wwwroot\LearnSite\App_Data\Temp\root\e71f0f18\660a51c4\App_Web_zgidwflv.4.cs(134,46): warning CS0108: “ASP.student_pythonidle_aspx.ApplicationInstance”隐藏了继承的成员“Student_pythonIdle.ApplicationInstance”。如果是有意隐藏，请使用关键字 new。
c:\inetpub\wwwroot\LearnSite\App_Data\Temp\root\e71f0f18\660a51c4\assembly\dl3\34c23e83\807a2337_ef7ddc01\LearnSite.DLL: (与前一个警告相关的符号位置)
c:\inetpub\wwwroot\LearnSite\App_Data\Temp\root\e71f0f18\660a51c4\App_Web_zgidwflv.29.cs(128,53): warning CS0108: “ASP.student_downwork_aspx.Profile”隐藏了继承的成员“Student_downwork.Profile”。如果是有意隐藏，请使用关键字 new。
c:\inetpub\wwwroot\LearnSite\App_Data\Temp\root\e71f0f18\660a51c4\assembly\dl3\34c23e83\807a2337_ef7ddc01\LearnSite.DLL: (与前一个警告相关的符号位置)
c:\inetpub\wwwroot\LearnSite\App_Data\Temp\root\e71f0f18\660a51c4\App_Web_zgidwflv.29.cs(134,46): warning CS0108: “ASP.student_downwork_aspx.ApplicationInstance”隐藏了继承的成员“Student_downwork.ApplicationInstance”。如果是有意隐藏，请使用关键字 new。
c:\inetpub\wwwroot\LearnSite\App_Data\Temp\root\e71f0f18\660a51c4\assembly\dl3\34c23e83\807a2337_ef7ddc01\LearnSite.DLL: (与前一个警告相关的符号位置)
c:\inetpub\wwwroot\LearnSite\App_Data\Temp\root\e71f0f18\660a51c4\App_Web_zgidwflv.6.cs(128,53): warning CS0108: “ASP.student_pythonblockly_aspx.Profile”隐藏了继承的成员“student_pythonblockly.Profile”。如果是有意隐藏，请使用关键字 new。
c:\inetpub\wwwroot\LearnSite\App_Data\Temp\root\e71f0f18\660a51c4\assembly\dl3\34c23e83\807a2337_ef7ddc01\LearnSite.DLL: (与前一个警告相关的符号位置)
c:\inetpub\wwwroot\LearnSite\App_Data\Temp\root\e71f0f18\660a51c4\App_Web_zgidwflv.6.cs(134,46): warning CS0108: “ASP.student_pythonblockly_aspx.ApplicationInstance”隐藏了继承的成员“student_pythonblockly.ApplicationInstance”。如果是有意隐藏，请使用关键字 new。
c:\inetpub\wwwroot\LearnSite\App_Data\Temp\root\e71f0f18\660a51c4\assembly\dl3\34c23e83\807a2337_ef7ddc01\LearnSite.DLL: (与前一个警告相关的符号位置)
c:\inetpub\wwwroot\LearnSite\App_Data\Temp\root\e71f0f18\660a51c4\App_Web_zgidwflv.3.cs(124,53): warning CS0108: “ASP.student_stud_master.Profile”隐藏了继承的成员“Student_Stud.Profile”。如果是有意隐藏，请使用关键字 new。
c:\inetpub\wwwroot\LearnSite\App_Data\Temp\root\e71f0f18\660a51c4\assembly\dl3\34c23e83\807a2337_ef7ddc01\LearnSite.DLL: (与前一个警告相关的符号位置)
c:\inetpub\wwwroot\LearnSite\App_Data\Temp\root\e71f0f18\660a51c4\App_Web_zgidwflv.3.cs(130,46): warning CS0108: “ASP.student_stud_master.ApplicationInstance”隐藏了继承的成员“Student_Stud.ApplicationInstance”。如果是有意隐藏，请使用关键字 new。
c:\inetpub\wwwroot\LearnSite\App_Data\Temp\root\e71f0f18\660a51c4\assembly\dl3\34c23e83\807a2337_ef7ddc01\LearnSite.DLL: (与前一个警告相关的符号位置)
c:\inetpub\wwwroot\LearnSite\App_Data\Temp\root\e71f0f18\660a51c4\App_Web_zgidwflv.8.cs(128,53): warning CS0108: “ASP.student_coding_aspx.Profile”隐藏了继承的成员“Student_coding.Profile”。如果是有意隐藏，请使用关键字 new。
c:\inetpub\wwwroot\LearnSite\App_Data\Temp\root\e71f0f18\660a51c4\assembly\dl3\34c23e83\807a2337_ef7ddc01\LearnSite.DLL: (与前一个警告相关的符号位置)
c:\inetpub\wwwroot\LearnSite\App_Data\Temp\root\e71f0f18\660a51c4\App_Web_zgidwflv.8.cs(134,46): warning CS0108: “ASP.student_coding_aspx.ApplicationInstance”隐藏了继承的成员“Student_coding.ApplicationInstance”。如果是有意隐藏，请使用关键字 new。
c:\inetpub\wwwroot\LearnSite\App_Data\Temp\root\e71f0f18\660a51c4\assembly\dl3\34c23e83\807a2337_ef7ddc01\LearnSite.DLL: (与前一个警告相关的符号位置)
c:\inetpub\wwwroot\LearnSite\App_Data\Temp\root\e71f0f18\660a51c4\App_Web_zgidwflv.24.cs(128,53): warning CS0108: “ASP.student_codeproject_aspx.Profile”隐藏了继承的成员“Student_codeproject.Profile”。如果是有意隐藏，请使用关键字 new。
c:\inetpub\wwwroot\LearnSite\App_Data\Temp\root\e71f0f18\660a51c4\assembly\dl3\34c23e83\807a2337_ef7ddc01\LearnSite.DLL: (与前一个警告相关的符号位置)
c:\inetpub\wwwroot\LearnSite\App_Data\Temp\root\e71f0f18\660a51c4\App_Web_zgidwflv.24.cs(134,46): warning CS0108: “ASP.student_codeproject_aspx.ApplicationInstance”隐藏了继承的成员“Student_codeproject.ApplicationInstance”。如果是有意隐藏，请使用关键字 new。
c:\inetpub\wwwroot\LearnSite\App_Data\Temp\root\e71f0f18\660a51c4\assembly\dl3\34c23e83\807a2337_ef7ddc01\LearnSite.DLL: (与前一个警告相关的符号位置)
c:\inetpub\wwwroot\LearnSite\App_Data\Temp\root\e71f0f18\660a51c4\App_Web_zgidwflv.5.cs(128,53): warning CS0108: “ASP.student_word_aspx.Profile”隐藏了继承的成员“student_word.Profile”。如果是有意隐藏，请使用关键字 new。
c:\inetpub\wwwroot\LearnSite\App_Data\Temp\root\e71f0f18\660a51c4\assembly\dl3\34c23e83\807a2337_ef7ddc01\LearnSite.DLL: (与前一个警告相关的符号位置)
c:\inetpub\wwwroot\LearnSite\App_Data\Temp\root\e71f0f18\660a51c4\App_Web_zgidwflv.5.cs(134,46): warning CS0108: “ASP.student_word_aspx.ApplicationInstance”隐藏了继承的成员“student_word.ApplicationInstance”。如果是有意隐藏，请使用关键字 new。
c:\inetpub\wwwroot\LearnSite\App_Data\Temp\root\e71f0f18\660a51c4\assembly\dl3\34c23e83\807a2337_ef7ddc01\LearnSite.DLL: (与前一个警告相关的符号位置)
c:\inetpub\wwwroot\LearnSite\App_Data\Temp\root\e71f0f18\660a51c4\App_Web_zgidwflv.26.cs(128,53): warning CS0108: “ASP.student_iframe_aspx.Profile”隐藏了继承的成员“student_iframe.Profile”。如果是有意隐藏，请使用关键字 new。
c:\inetpub\wwwroot\LearnSite\App_Data\Temp\root\e71f0f18\660a51c4\assembly\dl3\34c23e83\807a2337_ef7ddc01\LearnSite.DLL: (与前一个警告相关的符号位置)
c:\inetpub\wwwroot\LearnSite\App_Data\Temp\root\e71f0f18\660a51c4\App_Web_zgidwflv.26.cs(134,46): warning CS0108: “ASP.student_iframe_aspx.ApplicationInstance”隐藏了继承的成员“student_iframe.ApplicationInstance”。如果是有意隐藏，请使用关键字 new。
c:\inetpub\wwwroot\LearnSite\App_Data\Temp\root\e71f0f18\660a51c4\assembly\dl3\34c23e83\807a2337_ef7ddc01\LearnSite.DLL: (与前一个警告相关的符号位置)
c:\inetpub\wwwroot\LearnSite\App_Data\Temp\root\e71f0f18\660a51c4\App_Web_zgidwflv.21.cs(128,53): warning CS0108: “ASP.student_chat_aspx.Profile”隐藏了继承的成员“student_chat.Profile”。如果是有意隐藏，请使用关键字 new。
c:\inetpub\wwwroot\LearnSite\App_Data\Temp\root\e71f0f18\660a51c4\assembly\dl3\34c23e83\807a2337_ef7ddc01\LearnSite.DLL: (与前一个警告相关的符号位置)
c:\inetpub\wwwroot\LearnSite\App_Data\Temp\root\e71f0f18\660a51c4\App_Web_zgidwflv.21.cs(134,46): warning CS0108: “ASP.student_chat_aspx.ApplicationInstance”隐藏了继承的成员“student_chat.ApplicationInstance”。如果是有意隐藏，请使用关键字 new。
c:\inetpub\wwwroot\LearnSite\App_Data\Temp\root\e71f0f18\660a51c4\assembly\dl3\34c23e83\807a2337_ef7ddc01\LearnSite.DLL: (与前一个警告相关的符号位置)
c:\inetpub\wwwroot\LearnSite\App_Data\Temp\root\e71f0f18\660a51c4\App_Web_zgidwflv.20.cs(128,53): warning CS0108: “ASP.student_allchinese_aspx.Profile”隐藏了继承的成员“Student_allchinese.Profile”。如果是有意隐藏，请使用关键字 new。
c:\inetpub\wwwroot\LearnSite\App_Data\Temp\root\e71f0f18\660a51c4\assembly\dl3\34c23e83\807a2337_ef7ddc01\LearnSite.DLL: (与前一个警告相关的符号位置)
c:\inetpub\wwwroot\LearnSite\App_Data\Temp\root\e71f0f18\660a51c4\App_Web_zgidwflv.20.cs(134,46): warning CS0108: “ASP.student_allchinese_aspx.ApplicationInstance”隐藏了继承的成员“Student_allchinese.ApplicationInstance”。如果是有意隐藏，请使用关键字 new。
c:\inetpub\wwwroot\LearnSite\App_Data\Temp\root\e71f0f18\660a51c4\assembly\dl3\34c23e83\807a2337_ef7ddc01\LearnSite.DLL: (与前一个警告相关的符号位置)
c:\inetpub\wwwroot\LearnSite\App_Data\Temp\root\e71f0f18\660a51c4\App_Web_zgidwflv.15.cs(128,53): warning CS0108: “ASP.student_style_aspx.Profile”隐藏了继承的成员“student_style.Profile”。如果是有意隐藏，请使用关键字 new。
c:\inetpub\wwwroot\LearnSite\App_Data\Temp\root\e71f0f18\660a51c4\assembly\dl3\34c23e83\807a2337_ef7ddc01\LearnSite.DLL: (与前一个警告相关的符号位置)
c:\inetpub\wwwroot\LearnSite\App_Data\Temp\root\e71f0f18\660a51c4\App_Web_zgidwflv.15.cs(134,46): warning CS0108: “ASP.student_style_aspx.ApplicationInstance”隐藏了继承的成员“student_style.ApplicationInstance”。如果是有意隐藏，请使用关键字 new。
c:\inetpub\wwwroot\LearnSite\App_Data\Temp\root\e71f0f18\660a51c4\assembly\dl3\34c23e83\807a2337_ef7ddc01\LearnSite.DLL: (与前一个警告相关的符号位置)
c:\inetpub\wwwroot\LearnSite\App_Data\Temp\root\e71f0f18\660a51c4\App_Web_zgidwflv.14.cs(128,53): warning CS0108: “ASP.student_pptist_aspx.Profile”隐藏了继承的成员“student_pptist.Profile”。如果是有意隐藏，请使用关键字 new。
c:\inetpub\wwwroot\LearnSite\App_Data\Temp\root\e71f0f18\660a51c4\assembly\dl3\34c23e83\807a2337_ef7ddc01\LearnSite.DLL: (与前一个警告相关的符号位置)
c:\inetpub\wwwroot\LearnSite\App_Data\Temp\root\e71f0f18\660a51c4\App_Web_zgidwflv.14.cs(134,46): warning CS0108: “ASP.student_pptist_aspx.ApplicationInstance”隐藏了继承的成员“student_pptist.ApplicationInstance”。如果是有意隐藏，请使用关键字 new。
c:\inetpub\wwwroot\LearnSite\App_Data\Temp\root\e71f0f18\660a51c4\assembly\dl3\34c23e83\807a2337_ef7ddc01\LearnSite.DLL: (与前一个警告相关的符号位置)
c:\inetpub\wwwroot\LearnSite\App_Data\Temp\root\e71f0f18\660a51c4\App_Web_zgidwflv.17.cs(128,53): warning CS0108: “ASP.student_qrcode_aspx.Profile”隐藏了继承的成员“student_qrcode.Profile”。如果是有意隐藏，请使用关键字 new。
c:\inetpub\wwwroot\LearnSite\App_Data\Temp\root\e71f0f18\660a51c4\assembly\dl3\34c23e83\807a2337_ef7ddc01\LearnSite.DLL: (与前一个警告相关的符号位置)
c:\inetpub\wwwroot\LearnSite\App_Data\Temp\root\e71f0f18\660a51c4\App_Web_zgidwflv.17.cs(134,46): warning CS0108: “ASP.student_qrcode_aspx.ApplicationInstance”隐藏了继承的成员“student_qrcode.ApplicationInstance”。如果是有意隐藏，请使用关键字 new。
c:\inetpub\wwwroot\LearnSite\App_Data\Temp\root\e71f0f18\660a51c4\assembly\dl3\34c23e83\807a2337_ef7ddc01\LearnSite.DLL: (与前一个警告相关的符号位置)
c:\inetpub\wwwroot\LearnSite\App_Data\Temp\root\e71f0f18\660a51c4\App_Web_zgidwflv.13.cs(128,53): warning CS0108: “ASP.student_autoupload_aspx.Profile”隐藏了继承的成员“Student_autoupload.Profile”。如果是有意隐藏，请使用关键字 new。
c:\inetpub\wwwroot\LearnSite\App_Data\Temp\root\e71f0f18\660a51c4\assembly\dl3\34c23e83\807a2337_ef7ddc01\LearnSite.DLL: (与前一个警告相关的符号位置)
c:\inetpub\wwwroot\LearnSite\App_Data\Temp\root\e71f0f18\660a51c4\App_Web_zgidwflv.13.cs(134,46): warning CS0108: “ASP.student_autoupload_aspx.ApplicationInstance”隐藏了继承的成员“Student_autoupload.ApplicationInstance”。如果是有意隐藏，请使用关键字 new。
c:\inetpub\wwwroot\LearnSite\App_Data\Temp\root\e71f0f18\660a51c4\assembly\dl3\34c23e83\807a2337_ef7ddc01\LearnSite.DLL: (与前一个警告相关的符号位置)
c:\inetpub\wwwroot\LearnSite\App_Data\Temp\root\e71f0f18\660a51c4\App_Web_zgidwflv.12.cs(128,53): warning CS0108: “ASP.student_website_aspx.Profile”隐藏了继承的成员“student_website.Profile”。如果是有意隐藏，请使用关键字 new。
c:\inetpub\wwwroot\LearnSite\App_Data\Temp\root\e71f0f18\660a51c4\assembly\dl3\34c23e83\807a2337_ef7ddc01\LearnSite.DLL: (与前一个警告相关的符号位置)
c:\inetpub\wwwroot\LearnSite\App_Data\Temp\root\e71f0f18\660a51c4\App_Web_zgidwflv.12.cs(134,46): warning CS0108: “ASP.student_website_aspx.ApplicationInstance”隐藏了继承的成员“student_website.ApplicationInstance”。如果是有意隐藏，请使用关键字 new。
c:\inetpub\wwwroot\LearnSite\App_Data\Temp\root\e71f0f18\660a51c4\assembly\dl3\34c23e83\807a2337_ef7ddc01\LearnSite.DLL: (与前一个警告相关的符号位置)
c:\inetpub\wwwroot\LearnSite\App_Data\Temp\root\e71f0f18\660a51c4\App_Web_zgidwflv.16.cs(128,53): warning CS0108: “ASP.student_register_aspx.Profile”隐藏了继承的成员“Student_register.Profile”。如果是有意隐藏，请使用关键字 new。
c:\inetpub\wwwroot\LearnSite\App_Data\Temp\root\e71f0f18\660a51c4\assembly\dl3\34c23e83\807a2337_ef7ddc01\LearnSite.DLL: (与前一个警告相关的符号位置)
c:\inetpub\wwwroot\LearnSite\App_Data\Temp\root\e71f0f18\660a51c4\App_Web_zgidwflv.16.cs(134,46): warning CS0108: “ASP.student_register_aspx.ApplicationInstance”隐藏了继承的成员“Student_register.ApplicationInstance”。如果是有意隐藏，请使用关键字 new。
c:\inetpub\wwwroot\LearnSite\App_Data\Temp\root\e71f0f18\660a51c4\assembly\dl3\34c23e83\807a2337_ef7ddc01\LearnSite.DLL: (与前一个警告相关的符号位置)
c:\inetpub\wwwroot\LearnSite\App_Data\Temp\root\e71f0f18\660a51c4\App_Web_zgidwflv.1.cs(125,53): warning CS0108: “ASP.student_uploadwork_aspx.Profile”隐藏了继承的成员“Student_uploadwork.Profile”。如果是有意隐藏，请使用关键字 new。
c:\inetpub\wwwroot\LearnSite\App_Data\Temp\root\e71f0f18\660a51c4\assembly\dl3\34c23e83\807a2337_ef7ddc01\LearnSite.DLL: (与前一个警告相关的符号位置)
c:\inetpub\wwwroot\LearnSite\App_Data\Temp\root\e71f0f18\660a51c4\App_Web_zgidwflv.1.cs(131,46): warning CS0108: “ASP.student_uploadwork_aspx.ApplicationInstance”隐藏了继承的成员“Student_uploadwork.ApplicationInstance”。如果是有意隐藏，请使用关键字 new。
c:\inetpub\wwwroot\LearnSite\App_Data\Temp\root\e71f0f18\660a51c4\assembly\dl3\34c23e83\807a2337_ef7ddc01\LearnSite.DLL: (与前一个警告相关的符号位置)
c:\inetpub\wwwroot\LearnSite\App_Data\Temp\root\e71f0f18\660a51c4\App_Web_zgidwflv.18.cs(128,53): warning CS0108: “ASP.student_pixel_aspx.Profile”隐藏了继承的成员“Student_pixel.Profile”。如果是有意隐藏，请使用关键字 new。
c:\inetpub\wwwroot\LearnSite\App_Data\Temp\root\e71f0f18\660a51c4\assembly\dl3\34c23e83\807a2337_ef7ddc01\LearnSite.DLL: (与前一个警告相关的符号位置)
c:\inetpub\wwwroot\LearnSite\App_Data\Temp\root\e71f0f18\660a51c4\App_Web_zgidwflv.18.cs(134,46): warning CS0108: “ASP.student_pixel_aspx.ApplicationInstance”隐藏了继承的成员“Student_pixel.ApplicationInstance”。如果是有意隐藏，请使用关键字 new。
c:\inetpub\wwwroot\LearnSite\App_Data\Temp\root\e71f0f18\660a51c4\assembly\dl3\34c23e83\807a2337_ef7ddc01\LearnSite.DLL: (与前一个警告相关的符号位置)
c:\inetpub\wwwroot\LearnSite\App_Data\Temp\root\e71f0f18\660a51c4\App_Web_zgidwflv.19.cs(128,53): warning CS0108: “ASP.student_markdown_aspx.Profile”隐藏了继承的成员“student_markdown.Profile”。如果是有意隐藏，请使用关键字 new。
c:\inetpub\wwwroot\LearnSite\App_Data\Temp\root\e71f0f18\660a51c4\assembly\dl3\34c23e83\807a2337_ef7ddc01\LearnSite.DLL: (与前一个警告相关的符号位置)
c:\inetpub\wwwroot\LearnSite\App_Data\Temp\root\e71f0f18\660a51c4\App_Web_zgidwflv.19.cs(134,46): warning CS0108: “ASP.student_markdown_aspx.ApplicationInstance”隐藏了继承的成员“student_markdown.ApplicationInstance”。如果是有意隐藏，请使用关键字 new。
c:\inetpub\wwwroot\LearnSite\App_Data\Temp\root\e71f0f18\660a51c4\assembly\dl3\34c23e83\807a2337_ef7ddc01\LearnSite.DLL: (与前一个警告相关的符号位置)
