C:\Windows\SysWOW64\inetsrv> "C:\Windows\Microsoft.NET\Framework\v2.0.50727\csc.exe" /t:library /utf8output /R:"C:\Windows\assembly\GAC_MSIL\System.Xml\2.0.0.0__b77a5c561934e089\System.Xml.dll" /R:"C:\Windows\assembly\GAC_MSIL\System.Web.Services\2.0.0.0__b03f5f7f11d50a3a\System.Web.Services.dll" /R:"C:\Windows\assembly\GAC_MSIL\System.Drawing\2.0.0.0__b03f5f7f11d50a3a\System.Drawing.dll" /R:"C:\Windows\assembly\GAC_MSIL\System.Configuration\2.0.0.0__b03f5f7f11d50a3a\System.Configuration.dll" /R:"C:\Windows\assembly\GAC_MSIL\System.IdentityModel\3.0.0.0__b77a5c561934e089\System.IdentityModel.dll" /R:"C:\Windows\assembly\GAC_MSIL\System\2.0.0.0__b77a5c561934e089\System.dll" /R:"C:\Windows\assembly\GAC_MSIL\System.Runtime.Serialization\3.0.0.0__b77a5c561934e089\System.Runtime.Serialization.dll" /R:"C:\Windows\assembly\GAC_MSIL\System.ServiceModel\3.0.0.0__b77a5c561934e089\System.ServiceModel.dll" /R:"C:\Windows\assembly\GAC_32\System.Data\2.0.0.0__b77a5c561934e089\System.Data.dll" /R:"C:\inetpub\wwwroot\LearnSite\App_Data\Temp\root\63743304\f306749f\App_Web_manage.master.a9b56182.pgndgdcn.dll" /R:"C:\inetpub\wwwroot\LearnSite\App_Data\Temp\root\63743304\f306749f\assembly\dl3\0ca46d5f\00cfbd72_c690cf01\NPOI.DLL" /R:"C:\inetpub\wwwroot\LearnSite\App_Data\Temp\root\63743304\f306749f\assembly\dl3\31078fc9\004c60b0_db91cf01\NPOI.OOXML.DLL" /R:"C:\Windows\assembly\GAC_32\System.EnterpriseServices\2.0.0.0__b03f5f7f11d50a3a\System.EnterpriseServices.dll" /R:"C:\inetpub\wwwroot\LearnSite\App_Data\Temp\root\63743304\f306749f\assembly\dl3\61e7a036\0011bc37_ef7ddc01\LearnSite.DLL" /R:"C:\inetpub\wwwroot\LearnSite\App_Data\Temp\root\63743304\f306749f\assembly\dl3\1050af08\0036a627_973ace01\MailLog.DLL" /R:"C:\inetpub\wwwroot\LearnSite\App_Data\Temp\root\63743304\f306749f\assembly\dl3\242fb043\009cd9e5_624ac301\log4net.DLL" /R:"C:\inetpub\wwwroot\LearnSite\App_Data\Temp\root\63743304\f306749f\assembly\dl3\a6907888\00fb7faf_0e4dd701\mxgraph.DLL" /R:"C:\inetpub\wwwroot\LearnSite\App_Data\Temp\root\63743304\f306749f\App_Code.7hkk5a1e.dll" /R:"C:\inetpub\wwwroot\LearnSite\App_Data\Temp\root\63743304\f306749f\assembly\dl3\46fa227f\00bbafb3_68fbcb01\Anthem.DLL" /R:"C:\inetpub\wwwroot\LearnSite\App_Data\Temp\root\63743304\f306749f\assembly\dl3\fa3c3ed7\0004936e_e323ce01\SimplePsd.DLL" /R:"C:\inetpub\wwwroot\LearnSite\App_Data\Temp\root\63743304\f306749f\assembly\dl3\c1855a30\0093ed15_4a69cd01\NPinyin.DLL" /R:"C:\inetpub\wwwroot\LearnSite\App_Data\Temp\root\63743304\f306749f\assembly\dl3\735e3235\00f5b999_db91cf01\NPOI.OpenXml4Net.DLL" /R:"C:\inetpub\wwwroot\LearnSite\App_Data\Temp\root\63743304\f306749f\assembly\dl3\826e4dc1\00439c98_ce5ec701\zlib.net.DLL" /R:"C:\Windows\Microsoft.NET\Framework\v2.0.50727\mscorlib.dll" /R:"C:\inetpub\wwwroot\LearnSite\App_Data\Temp\root\63743304\f306749f\assembly\dl3\5442a6bd\0071b915_d746cd01\LitJSON.DLL" /R:"C:\inetpub\wwwroot\LearnSite\App_Data\Temp\root\63743304\f306749f\assembly\dl3\7257dba8\00c9d3dd_c23ccf01\ICSharpCode.SharpZipLib.DLL" /R:"C:\inetpub\wwwroot\LearnSite\App_Data\Temp\root\63743304\f306749f\assembly\dl3\f667e9c2\003e39a9_db91cf01\NPOI.OpenXmlFormats.DLL" /R:"C:\Windows\assembly\GAC_32\System.Web\2.0.0.0__b03f5f7f11d50a3a\System.Web.dll" /R:"C:\inetpub\wwwroot\LearnSite\App_Data\Temp\root\63743304\f306749f\assembly\dl3\524bc22e\00694688_5596d501\Newtonsoft.Json.DLL" /R:"C:\Windows\assembly\GAC_MSIL\System.Web.Mobile\2.0.0.0__b03f5f7f11d50a3a\System.Web.Mobile.dll" /R:"C:\Windows\assembly\GAC_MSIL\System.WorkflowServices\3.5.0.0__31bf3856ad364e35\System.WorkflowServices.dll" /R:"C:\Windows\assembly\GAC_MSIL\System.ServiceModel.Web\3.5.0.0__31bf3856ad364e35\System.ServiceModel.Web.dll" /R:"C:\inetpub\wwwroot\LearnSite\App_Data\Temp\root\63743304\f306749f\assembly\dl3\abe098b7\000cf6d8_6b03cd01\SwfDotNet.IO.DLL" /out:"C:\inetpub\wwwroot\LearnSite\App_Data\Temp\root\63743304\f306749f\App_Web_5qa_rpu0.dll" /D:DEBUG /debug+ /optimize- /win32res:"C:\inetpub\wwwroot\LearnSite\App_Data\Temp\root\63743304\f306749f\5qa_rpu0.res" /w:4 /nowarn:1659;1699;1701  "C:\inetpub\wwwroot\LearnSite\App_Data\Temp\root\63743304\f306749f\App_Web_5qa_rpu0.16.cs" "C:\inetpub\wwwroot\LearnSite\App_Data\Temp\root\63743304\f306749f\App_Web_5qa_rpu0.15.cs" "C:\inetpub\wwwroot\LearnSite\App_Data\Temp\root\63743304\f306749f\App_Web_5qa_rpu0.14.cs" "C:\inetpub\wwwroot\LearnSite\App_Data\Temp\root\63743304\f306749f\App_Web_5qa_rpu0.13.cs" "C:\inetpub\wwwroot\LearnSite\App_Data\Temp\root\63743304\f306749f\App_Web_5qa_rpu0.12.cs" "C:\inetpub\wwwroot\LearnSite\App_Data\Temp\root\63743304\f306749f\App_Web_5qa_rpu0.11.cs" "C:\inetpub\wwwroot\LearnSite\App_Data\Temp\root\63743304\f306749f\App_Web_5qa_rpu0.10.cs" "C:\inetpub\wwwroot\LearnSite\App_Data\Temp\root\63743304\f306749f\App_Web_5qa_rpu0.42.cs" "C:\inetpub\wwwroot\LearnSite\App_Data\Temp\root\63743304\f306749f\App_Web_5qa_rpu0.4.cs" "C:\inetpub\wwwroot\LearnSite\App_Data\Temp\root\63743304\f306749f\App_Web_5qa_rpu0.39.cs" "C:\inetpub\wwwroot\LearnSite\App_Data\Temp\root\63743304\f306749f\App_Web_5qa_rpu0.35.cs" "C:\inetpub\wwwroot\LearnSite\App_Data\Temp\root\63743304\f306749f\App_Web_5qa_rpu0.45.cs" "C:\inetpub\wwwroot\LearnSite\App_Data\Temp\root\63743304\f306749f\App_Web_5qa_rpu0.44.cs" "C:\inetpub\wwwroot\LearnSite\App_Data\Temp\root\63743304\f306749f\App_Web_5qa_rpu0.43.cs" "C:\inetpub\wwwroot\LearnSite\App_Data\Temp\root\63743304\f306749f\App_Web_5qa_rpu0.5.cs" "C:\inetpub\wwwroot\LearnSite\App_Data\Temp\root\63743304\f306749f\App_Web_5qa_rpu0.41.cs" "C:\inetpub\wwwroot\LearnSite\App_Data\Temp\root\63743304\f306749f\App_Web_5qa_rpu0.40.cs" "C:\inetpub\wwwroot\LearnSite\App_Data\Temp\root\63743304\f306749f\App_Web_5qa_rpu0.6.cs" "C:\inetpub\wwwroot\LearnSite\App_Data\Temp\root\63743304\f306749f\App_Web_5qa_rpu0.7.cs" "C:\inetpub\wwwroot\LearnSite\App_Data\Temp\root\63743304\f306749f\App_Web_5qa_rpu0.8.cs" "C:\inetpub\wwwroot\LearnSite\App_Data\Temp\root\63743304\f306749f\App_Web_5qa_rpu0.2.cs" "C:\inetpub\wwwroot\LearnSite\App_Data\Temp\root\63743304\f306749f\App_Web_5qa_rpu0.0.cs" "C:\inetpub\wwwroot\LearnSite\App_Data\Temp\root\63743304\f306749f\App_Web_5qa_rpu0.9.cs" "C:\inetpub\wwwroot\LearnSite\App_Data\Temp\root\63743304\f306749f\App_Web_5qa_rpu0.38.cs" "C:\inetpub\wwwroot\LearnSite\App_Data\Temp\root\63743304\f306749f\App_Web_5qa_rpu0.37.cs" "C:\inetpub\wwwroot\LearnSite\App_Data\Temp\root\63743304\f306749f\App_Web_5qa_rpu0.36.cs" "C:\inetpub\wwwroot\LearnSite\App_Data\Temp\root\63743304\f306749f\App_Web_5qa_rpu0.3.cs" "C:\inetpub\wwwroot\LearnSite\App_Data\Temp\root\63743304\f306749f\App_Web_5qa_rpu0.34.cs" "C:\inetpub\wwwroot\LearnSite\App_Data\Temp\root\63743304\f306749f\App_Web_5qa_rpu0.33.cs" "C:\inetpub\wwwroot\LearnSite\App_Data\Temp\root\63743304\f306749f\App_Web_5qa_rpu0.32.cs" "C:\inetpub\wwwroot\LearnSite\App_Data\Temp\root\63743304\f306749f\App_Web_5qa_rpu0.31.cs" "C:\inetpub\wwwroot\LearnSite\App_Data\Temp\root\63743304\f306749f\App_Web_5qa_rpu0.30.cs" "C:\inetpub\wwwroot\LearnSite\App_Data\Temp\root\63743304\f306749f\App_Web_5qa_rpu0.1.cs" "C:\inetpub\wwwroot\LearnSite\App_Data\Temp\root\63743304\f306749f\App_Web_5qa_rpu0.29.cs" "C:\inetpub\wwwroot\LearnSite\App_Data\Temp\root\63743304\f306749f\App_Web_5qa_rpu0.28.cs" "C:\inetpub\wwwroot\LearnSite\App_Data\Temp\root\63743304\f306749f\App_Web_5qa_rpu0.27.cs" "C:\inetpub\wwwroot\LearnSite\App_Data\Temp\root\63743304\f306749f\App_Web_5qa_rpu0.26.cs" "C:\inetpub\wwwroot\LearnSite\App_Data\Temp\root\63743304\f306749f\App_Web_5qa_rpu0.25.cs" "C:\inetpub\wwwroot\LearnSite\App_Data\Temp\root\63743304\f306749f\App_Web_5qa_rpu0.24.cs" "C:\inetpub\wwwroot\LearnSite\App_Data\Temp\root\63743304\f306749f\App_Web_5qa_rpu0.23.cs" "C:\inetpub\wwwroot\LearnSite\App_Data\Temp\root\63743304\f306749f\App_Web_5qa_rpu0.22.cs" "C:\inetpub\wwwroot\LearnSite\App_Data\Temp\root\63743304\f306749f\App_Web_5qa_rpu0.21.cs" "C:\inetpub\wwwroot\LearnSite\App_Data\Temp\root\63743304\f306749f\App_Web_5qa_rpu0.20.cs" "C:\inetpub\wwwroot\LearnSite\App_Data\Temp\root\63743304\f306749f\App_Web_5qa_rpu0.19.cs" "C:\inetpub\wwwroot\LearnSite\App_Data\Temp\root\63743304\f306749f\App_Web_5qa_rpu0.18.cs" "C:\inetpub\wwwroot\LearnSite\App_Data\Temp\root\63743304\f306749f\App_Web_5qa_rpu0.17.cs"


Microsoft (R) Visual C# 2005 编译器 版本 8.00.50727.9031
用于 Microsoft (R) Windows (R) 2005 Framework 版本 2.0.50727
版权所有(C) Microsoft Corporation 2001-2005。保留所有权利。

c:\inetpub\wwwroot\LearnSite\App_Data\Temp\root\63743304\f306749f\App_Web_5qa_rpu0.13.cs(128,53): warning CS0108: “ASP.teacher_shareview_aspx.Profile”隐藏了继承的成员“Teacher_shareview.Profile”。如果是有意隐藏，请使用关键字 new。
c:\inetpub\wwwroot\LearnSite\App_Data\Temp\root\63743304\f306749f\assembly\dl3\61e7a036\0011bc37_ef7ddc01\LearnSite.DLL: (与前一个警告相关的符号位置)
c:\inetpub\wwwroot\LearnSite\App_Data\Temp\root\63743304\f306749f\App_Web_5qa_rpu0.13.cs(134,46): warning CS0108: “ASP.teacher_shareview_aspx.ApplicationInstance”隐藏了继承的成员“Teacher_shareview.ApplicationInstance”。如果是有意隐藏，请使用关键字 new。
c:\inetpub\wwwroot\LearnSite\App_Data\Temp\root\63743304\f306749f\assembly\dl3\61e7a036\0011bc37_ef7ddc01\LearnSite.DLL: (与前一个警告相关的符号位置)
c:\inetpub\wwwroot\LearnSite\App_Data\Temp\root\63743304\f306749f\App_Web_5qa_rpu0.11.cs(128,53): warning CS0108: “ASP.teacher_consolepreview_aspx.Profile”隐藏了继承的成员“Teacher_consolepreview.Profile”。如果是有意隐藏，请使用关键字 new。
c:\inetpub\wwwroot\LearnSite\App_Data\Temp\root\63743304\f306749f\assembly\dl3\61e7a036\0011bc37_ef7ddc01\LearnSite.DLL: (与前一个警告相关的符号位置)
c:\inetpub\wwwroot\LearnSite\App_Data\Temp\root\63743304\f306749f\App_Web_5qa_rpu0.11.cs(134,46): warning CS0108: “ASP.teacher_consolepreview_aspx.ApplicationInstance”隐藏了继承的成员“Teacher_consolepreview.ApplicationInstance”。如果是有意隐藏，请使用关键字 new。
c:\inetpub\wwwroot\LearnSite\App_Data\Temp\root\63743304\f306749f\assembly\dl3\61e7a036\0011bc37_ef7ddc01\LearnSite.DLL: (与前一个警告相关的符号位置)
c:\inetpub\wwwroot\LearnSite\App_Data\Temp\root\63743304\f306749f\App_Web_5qa_rpu0.39.cs(225,53): warning CS0108: “ASP.teacher_studentadd_aspx.Profile”隐藏了继承的成员“Teacher_studentadd.Profile”。如果是有意隐藏，请使用关键字 new。
c:\inetpub\wwwroot\LearnSite\App_Data\Temp\root\63743304\f306749f\assembly\dl3\61e7a036\0011bc37_ef7ddc01\LearnSite.DLL: (与前一个警告相关的符号位置)
c:\inetpub\wwwroot\LearnSite\App_Data\Temp\root\63743304\f306749f\App_Web_5qa_rpu0.39.cs(231,46): warning CS0108: “ASP.teacher_studentadd_aspx.ApplicationInstance”隐藏了继承的成员“Teacher_studentadd.ApplicationInstance”。如果是有意隐藏，请使用关键字 new。
c:\inetpub\wwwroot\LearnSite\App_Data\Temp\root\63743304\f306749f\assembly\dl3\61e7a036\0011bc37_ef7ddc01\LearnSite.DLL: (与前一个警告相关的符号位置)
c:\inetpub\wwwroot\LearnSite\App_Data\Temp\root\63743304\f306749f\App_Web_5qa_rpu0.5.cs(128,53): warning CS0108: “ASP.teacher_circlegroup_aspx.Profile”隐藏了继承的成员“Teacher_circlegroup.Profile”。如果是有意隐藏，请使用关键字 new。
c:\inetpub\wwwroot\LearnSite\App_Data\Temp\root\63743304\f306749f\assembly\dl3\61e7a036\0011bc37_ef7ddc01\LearnSite.DLL: (与前一个警告相关的符号位置)
c:\inetpub\wwwroot\LearnSite\App_Data\Temp\root\63743304\f306749f\App_Web_5qa_rpu0.5.cs(134,46): warning CS0108: “ASP.teacher_circlegroup_aspx.ApplicationInstance”隐藏了继承的成员“Teacher_circlegroup.ApplicationInstance”。如果是有意隐藏，请使用关键字 new。
c:\inetpub\wwwroot\LearnSite\App_Data\Temp\root\63743304\f306749f\assembly\dl3\61e7a036\0011bc37_ef7ddc01\LearnSite.DLL: (与前一个警告相关的符号位置)
c:\inetpub\wwwroot\LearnSite\App_Data\Temp\root\63743304\f306749f\App_Web_5qa_rpu0.40.cs(128,53): warning CS0108: “ASP.teacher_studentshow_aspx.Profile”隐藏了继承的成员“Teacher_studentshow.Profile”。如果是有意隐藏，请使用关键字 new。
c:\inetpub\wwwroot\LearnSite\App_Data\Temp\root\63743304\f306749f\assembly\dl3\61e7a036\0011bc37_ef7ddc01\LearnSite.DLL: (与前一个警告相关的符号位置)
c:\inetpub\wwwroot\LearnSite\App_Data\Temp\root\63743304\f306749f\App_Web_5qa_rpu0.40.cs(134,46): warning CS0108: “ASP.teacher_studentshow_aspx.ApplicationInstance”隐藏了继承的成员“Teacher_studentshow.ApplicationInstance”。如果是有意隐藏，请使用关键字 new。
c:\inetpub\wwwroot\LearnSite\App_Data\Temp\root\63743304\f306749f\assembly\dl3\61e7a036\0011bc37_ef7ddc01\LearnSite.DLL: (与前一个警告相关的符号位置)
c:\Users\Administrator\downloads\learnsite\teacher\roomselect.aspx(236,20): warning CS0108: “ASP.teacher_roomselect_aspx.Btnselect_Click(object, System.EventArgs)”隐藏了继承的成员“Manager_roomselect.Btnselect_Click(object, System.EventArgs)”。如果是有意隐藏，请使用关键字 new。
c:\inetpub\wwwroot\LearnSite\App_Data\Temp\root\63743304\f306749f\assembly\dl3\61e7a036\0011bc37_ef7ddc01\LearnSite.DLL: (与前一个警告相关的符号位置)
c:\Users\Administrator\downloads\learnsite\teacher\roomselect.aspx(255,20): warning CS0108: “ASP.teacher_roomselect_aspx.Btnreturn_Click(object, System.EventArgs)”隐藏了继承的成员“Manager_roomselect.Btnreturn_Click(object, System.EventArgs)”。如果是有意隐藏，请使用关键字 new。
c:\inetpub\wwwroot\LearnSite\App_Data\Temp\root\63743304\f306749f\assembly\dl3\61e7a036\0011bc37_ef7ddc01\LearnSite.DLL: (与前一个警告相关的符号位置)
c:\Users\Administrator\downloads\learnsite\teacher\roomselect.aspx(348,20): warning CS0108: “ASP.teacher_roomselect_aspx.DLroom_ItemDataBound(object, System.Web.UI.WebControls.DataListItemEventArgs)”隐藏了继承的成员“Manager_roomselect.DLroom_ItemDataBound(object, System.Web.UI.WebControls.DataListItemEventArgs)”。如果是有意隐藏，请使用关键字 new。
c:\inetpub\wwwroot\LearnSite\App_Data\Temp\root\63743304\f306749f\assembly\dl3\61e7a036\0011bc37_ef7ddc01\LearnSite.DLL: (与前一个警告相关的符号位置)
c:\inetpub\wwwroot\LearnSite\App_Data\Temp\root\63743304\f306749f\App_Web_5qa_rpu0.6.cs(1061,53): warning CS0108: “ASP.teacher_roomselect_aspx.Profile”隐藏了继承的成员“Manager_roomselect.Profile”。如果是有意隐藏，请使用关键字 new。
c:\inetpub\wwwroot\LearnSite\App_Data\Temp\root\63743304\f306749f\assembly\dl3\61e7a036\0011bc37_ef7ddc01\LearnSite.DLL: (与前一个警告相关的符号位置)
c:\inetpub\wwwroot\LearnSite\App_Data\Temp\root\63743304\f306749f\App_Web_5qa_rpu0.6.cs(1067,46): warning CS0108: “ASP.teacher_roomselect_aspx.ApplicationInstance”隐藏了继承的成员“Manager_roomselect.ApplicationInstance”。如果是有意隐藏，请使用关键字 new。
c:\inetpub\wwwroot\LearnSite\App_Data\Temp\root\63743304\f306749f\assembly\dl3\61e7a036\0011bc37_ef7ddc01\LearnSite.DLL: (与前一个警告相关的符号位置)
c:\inetpub\wwwroot\LearnSite\App_Data\Temp\root\63743304\f306749f\App_Web_5qa_rpu0.37.cs(128,53): warning CS0108: “ASP.teacher_studentwork_aspx.Profile”隐藏了继承的成员“Teacher_studentwork.Profile”。如果是有意隐藏，请使用关键字 new。
c:\inetpub\wwwroot\LearnSite\App_Data\Temp\root\63743304\f306749f\assembly\dl3\61e7a036\0011bc37_ef7ddc01\LearnSite.DLL: (与前一个警告相关的符号位置)
c:\inetpub\wwwroot\LearnSite\App_Data\Temp\root\63743304\f306749f\App_Web_5qa_rpu0.37.cs(134,46): warning CS0108: “ASP.teacher_studentwork_aspx.ApplicationInstance”隐藏了继承的成员“Teacher_studentwork.ApplicationInstance”。如果是有意隐藏，请使用关键字 new。
c:\inetpub\wwwroot\LearnSite\App_Data\Temp\root\63743304\f306749f\assembly\dl3\61e7a036\0011bc37_ef7ddc01\LearnSite.DLL: (与前一个警告相关的符号位置)
c:\inetpub\wwwroot\LearnSite\App_Data\Temp\root\63743304\f306749f\App_Web_5qa_rpu0.36.cs(128,53): warning CS0108: “ASP.teacher_sharegview_aspx.Profile”隐藏了继承的成员“Teacher_sharegview.Profile”。如果是有意隐藏，请使用关键字 new。
c:\inetpub\wwwroot\LearnSite\App_Data\Temp\root\63743304\f306749f\assembly\dl3\61e7a036\0011bc37_ef7ddc01\LearnSite.DLL: (与前一个警告相关的符号位置)
c:\inetpub\wwwroot\LearnSite\App_Data\Temp\root\63743304\f306749f\App_Web_5qa_rpu0.36.cs(134,46): warning CS0108: “ASP.teacher_sharegview_aspx.ApplicationInstance”隐藏了继承的成员“Teacher_sharegview.ApplicationInstance”。如果是有意隐藏，请使用关键字 new。
c:\inetpub\wwwroot\LearnSite\App_Data\Temp\root\63743304\f306749f\assembly\dl3\61e7a036\0011bc37_ef7ddc01\LearnSite.DLL: (与前一个警告相关的符号位置)
c:\inetpub\wwwroot\LearnSite\App_Data\Temp\root\63743304\f306749f\App_Web_5qa_rpu0.34.cs(128,53): warning CS0108: “ASP.teacher_mygraph_aspx.Profile”隐藏了继承的成员“Teacher_mygraph.Profile”。如果是有意隐藏，请使用关键字 new。
c:\inetpub\wwwroot\LearnSite\App_Data\Temp\root\63743304\f306749f\assembly\dl3\61e7a036\0011bc37_ef7ddc01\LearnSite.DLL: (与前一个警告相关的符号位置)
c:\inetpub\wwwroot\LearnSite\App_Data\Temp\root\63743304\f306749f\App_Web_5qa_rpu0.34.cs(134,46): warning CS0108: “ASP.teacher_mygraph_aspx.ApplicationInstance”隐藏了继承的成员“Teacher_mygraph.ApplicationInstance”。如果是有意隐藏，请使用关键字 new。
c:\inetpub\wwwroot\LearnSite\App_Data\Temp\root\63743304\f306749f\assembly\dl3\61e7a036\0011bc37_ef7ddc01\LearnSite.DLL: (与前一个警告相关的符号位置)
c:\inetpub\wwwroot\LearnSite\App_Data\Temp\root\63743304\f306749f\App_Web_5qa_rpu0.33.cs(128,53): warning CS0108: “ASP.teacher_ipstudent_aspx.Profile”隐藏了继承的成员“Teacher_ipstudent.Profile”。如果是有意隐藏，请使用关键字 new。
c:\inetpub\wwwroot\LearnSite\App_Data\Temp\root\63743304\f306749f\assembly\dl3\61e7a036\0011bc37_ef7ddc01\LearnSite.DLL: (与前一个警告相关的符号位置)
c:\inetpub\wwwroot\LearnSite\App_Data\Temp\root\63743304\f306749f\App_Web_5qa_rpu0.33.cs(134,46): warning CS0108: “ASP.teacher_ipstudent_aspx.ApplicationInstance”隐藏了继承的成员“Teacher_ipstudent.ApplicationInstance”。如果是有意隐藏，请使用关键字 new。
c:\inetpub\wwwroot\LearnSite\App_Data\Temp\root\63743304\f306749f\assembly\dl3\61e7a036\0011bc37_ef7ddc01\LearnSite.DLL: (与前一个警告相关的符号位置)
c:\inetpub\wwwroot\LearnSite\App_Data\Temp\root\63743304\f306749f\App_Web_5qa_rpu0.28.cs(128,53): warning CS0108: “ASP.teacher_notsign_aspx.Profile”隐藏了继承的成员“Teacher_notsign.Profile”。如果是有意隐藏，请使用关键字 new。
c:\inetpub\wwwroot\LearnSite\App_Data\Temp\root\63743304\f306749f\assembly\dl3\61e7a036\0011bc37_ef7ddc01\LearnSite.DLL: (与前一个警告相关的符号位置)
c:\inetpub\wwwroot\LearnSite\App_Data\Temp\root\63743304\f306749f\App_Web_5qa_rpu0.28.cs(134,46): warning CS0108: “ASP.teacher_notsign_aspx.ApplicationInstance”隐藏了继承的成员“Teacher_notsign.ApplicationInstance”。如果是有意隐藏，请使用关键字 new。
c:\inetpub\wwwroot\LearnSite\App_Data\Temp\root\63743304\f306749f\assembly\dl3\61e7a036\0011bc37_ef7ddc01\LearnSite.DLL: (与前一个警告相关的符号位置)
c:\inetpub\wwwroot\LearnSite\App_Data\Temp\root\63743304\f306749f\App_Web_5qa_rpu0.27.cs(203,53): warning CS0108: “ASP.teacher_attitude_aspx.Profile”隐藏了继承的成员“Teacher_attitude.Profile”。如果是有意隐藏，请使用关键字 new。
c:\inetpub\wwwroot\LearnSite\App_Data\Temp\root\63743304\f306749f\assembly\dl3\61e7a036\0011bc37_ef7ddc01\LearnSite.DLL: (与前一个警告相关的符号位置)
c:\inetpub\wwwroot\LearnSite\App_Data\Temp\root\63743304\f306749f\App_Web_5qa_rpu0.27.cs(209,46): warning CS0108: “ASP.teacher_attitude_aspx.ApplicationInstance”隐藏了继承的成员“Teacher_attitude.ApplicationInstance”。如果是有意隐藏，请使用关键字 new。
c:\inetpub\wwwroot\LearnSite\App_Data\Temp\root\63743304\f306749f\assembly\dl3\61e7a036\0011bc37_ef7ddc01\LearnSite.DLL: (与前一个警告相关的符号位置)
c:\inetpub\wwwroot\LearnSite\App_Data\Temp\root\63743304\f306749f\App_Web_5qa_rpu0.25.cs(128,53): warning CS0108: “ASP.teacher_studentedit_aspx.Profile”隐藏了继承的成员“Teacher_studentedit.Profile”。如果是有意隐藏，请使用关键字 new。
c:\inetpub\wwwroot\LearnSite\App_Data\Temp\root\63743304\f306749f\assembly\dl3\61e7a036\0011bc37_ef7ddc01\LearnSite.DLL: (与前一个警告相关的符号位置)
c:\inetpub\wwwroot\LearnSite\App_Data\Temp\root\63743304\f306749f\App_Web_5qa_rpu0.25.cs(134,46): warning CS0108: “ASP.teacher_studentedit_aspx.ApplicationInstance”隐藏了继承的成员“Teacher_studentedit.ApplicationInstance”。如果是有意隐藏，请使用关键字 new。
c:\inetpub\wwwroot\LearnSite\App_Data\Temp\root\63743304\f306749f\assembly\dl3\61e7a036\0011bc37_ef7ddc01\LearnSite.DLL: (与前一个警告相关的符号位置)
c:\inetpub\wwwroot\LearnSite\App_Data\Temp\root\63743304\f306749f\App_Web_5qa_rpu0.24.cs(128,53): warning CS0108: “ASP.teacher_attitudegroup_aspx.Profile”隐藏了继承的成员“Teacher_attitudegroup.Profile”。如果是有意隐藏，请使用关键字 new。
c:\inetpub\wwwroot\LearnSite\App_Data\Temp\root\63743304\f306749f\assembly\dl3\61e7a036\0011bc37_ef7ddc01\LearnSite.DLL: (与前一个警告相关的符号位置)
c:\inetpub\wwwroot\LearnSite\App_Data\Temp\root\63743304\f306749f\App_Web_5qa_rpu0.24.cs(134,46): warning CS0108: “ASP.teacher_attitudegroup_aspx.ApplicationInstance”隐藏了继承的成员“Teacher_attitudegroup.ApplicationInstance”。如果是有意隐藏，请使用关键字 new。
c:\inetpub\wwwroot\LearnSite\App_Data\Temp\root\63743304\f306749f\assembly\dl3\61e7a036\0011bc37_ef7ddc01\LearnSite.DLL: (与前一个警告相关的符号位置)
c:\inetpub\wwwroot\LearnSite\App_Data\Temp\root\63743304\f306749f\App_Web_5qa_rpu0.23.cs(128,53): warning CS0108: “ASP.teacher_workpackage_aspx.Profile”隐藏了继承的成员“Teacher_workpackage.Profile”。如果是有意隐藏，请使用关键字 new。
c:\inetpub\wwwroot\LearnSite\App_Data\Temp\root\63743304\f306749f\assembly\dl3\61e7a036\0011bc37_ef7ddc01\LearnSite.DLL: (与前一个警告相关的符号位置)
c:\inetpub\wwwroot\LearnSite\App_Data\Temp\root\63743304\f306749f\App_Web_5qa_rpu0.23.cs(134,46): warning CS0108: “ASP.teacher_workpackage_aspx.ApplicationInstance”隐藏了继承的成员“Teacher_workpackage.ApplicationInstance”。如果是有意隐藏，请使用关键字 new。
c:\inetpub\wwwroot\LearnSite\App_Data\Temp\root\63743304\f306749f\assembly\dl3\61e7a036\0011bc37_ef7ddc01\LearnSite.DLL: (与前一个警告相关的符号位置)
c:\inetpub\wwwroot\LearnSite\App_Data\Temp\root\63743304\f306749f\App_Web_5qa_rpu0.19.cs(128,53): warning CS0108: “ASP.teacher_circlegroups_aspx.Profile”隐藏了继承的成员“Teacher_circlegroups.Profile”。如果是有意隐藏，请使用关键字 new。
c:\inetpub\wwwroot\LearnSite\App_Data\Temp\root\63743304\f306749f\assembly\dl3\61e7a036\0011bc37_ef7ddc01\LearnSite.DLL: (与前一个警告相关的符号位置)
c:\inetpub\wwwroot\LearnSite\App_Data\Temp\root\63743304\f306749f\App_Web_5qa_rpu0.19.cs(134,46): warning CS0108: “ASP.teacher_circlegroups_aspx.ApplicationInstance”隐藏了继承的成员“Teacher_circlegroups.ApplicationInstance”。如果是有意隐藏，请使用关键字 new。
c:\inetpub\wwwroot\LearnSite\App_Data\Temp\root\63743304\f306749f\assembly\dl3\61e7a036\0011bc37_ef7ddc01\LearnSite.DLL: (与前一个警告相关的符号位置)
