C:\Windows\SysWOW64\inetsrv> "C:\Windows\Microsoft.NET\Framework\v2.0.50727\csc.exe" /t:library /utf8output /R:"C:\inetpub\wwwroot\LearnSite\App_Data\Temp\root\63743304\f306749f\assembly\dl3\a6907888\00fb7faf_0e4dd701\mxgraph.DLL" /R:"C:\Windows\Microsoft.NET\Framework\v2.0.50727\mscorlib.dll" /R:"C:\inetpub\wwwroot\LearnSite\App_Data\Temp\root\63743304\f306749f\assembly\dl3\fa3c3ed7\0004936e_e323ce01\SimplePsd.DLL" /R:"C:\inetpub\wwwroot\LearnSite\App_Data\Temp\root\63743304\f306749f\assembly\dl3\7257dba8\00c9d3dd_c23ccf01\ICSharpCode.SharpZipLib.DLL" /R:"C:\Windows\assembly\GAC_MSIL\System.ServiceModel.Web\3.5.0.0__31bf3856ad364e35\System.ServiceModel.Web.dll" /R:"C:\inetpub\wwwroot\LearnSite\App_Data\Temp\root\63743304\f306749f\assembly\dl3\5442a6bd\0071b915_d746cd01\LitJSON.DLL" /R:"C:\Windows\assembly\GAC_MSIL\System.Web.Mobile\2.0.0.0__b03f5f7f11d50a3a\System.Web.Mobile.dll" /R:"C:\inetpub\wwwroot\LearnSite\App_Data\Temp\root\63743304\f306749f\assembly\dl3\31078fc9\004c60b0_db91cf01\NPOI.OOXML.DLL" /R:"C:\Windows\assembly\GAC_MSIL\System.ServiceModel\3.0.0.0__b77a5c561934e089\System.ServiceModel.dll" /R:"C:\Windows\assembly\GAC_MSIL\System.Configuration\2.0.0.0__b03f5f7f11d50a3a\System.Configuration.dll" /R:"C:\Windows\assembly\GAC_MSIL\System.Runtime.Serialization\3.0.0.0__b77a5c561934e089\System.Runtime.Serialization.dll" /R:"C:\inetpub\wwwroot\LearnSite\App_Data\Temp\root\63743304\f306749f\assembly\dl3\735e3235\00f5b999_db91cf01\NPOI.OpenXml4Net.DLL" /R:"C:\inetpub\wwwroot\LearnSite\App_Data\Temp\root\63743304\f306749f\App_Code.7hkk5a1e.dll" /R:"C:\inetpub\wwwroot\LearnSite\App_Data\Temp\root\63743304\f306749f\assembly\dl3\abe098b7\000cf6d8_6b03cd01\SwfDotNet.IO.DLL" /R:"C:\Windows\assembly\GAC_32\System.Web\2.0.0.0__b03f5f7f11d50a3a\System.Web.dll" /R:"C:\Windows\assembly\GAC_MSIL\System.Xml\2.0.0.0__b77a5c561934e089\System.Xml.dll" /R:"C:\inetpub\wwwroot\LearnSite\App_Data\Temp\root\63743304\f306749f\assembly\dl3\61e7a036\0011bc37_ef7ddc01\LearnSite.DLL" /R:"C:\inetpub\wwwroot\LearnSite\App_Data\Temp\root\63743304\f306749f\assembly\dl3\524bc22e\00694688_5596d501\Newtonsoft.Json.DLL" /R:"C:\Windows\assembly\GAC_MSIL\System\2.0.0.0__b77a5c561934e089\System.dll" /R:"C:\inetpub\wwwroot\LearnSite\App_Data\Temp\root\63743304\f306749f\assembly\dl3\c1855a30\0093ed15_4a69cd01\NPinyin.DLL" /R:"C:\Windows\assembly\GAC_MSIL\System.Web.Services\2.0.0.0__b03f5f7f11d50a3a\System.Web.Services.dll" /R:"C:\inetpub\wwwroot\LearnSite\App_Data\Temp\root\63743304\f306749f\assembly\dl3\f667e9c2\003e39a9_db91cf01\NPOI.OpenXmlFormats.DLL" /R:"C:\Windows\assembly\GAC_MSIL\System.WorkflowServices\3.5.0.0__31bf3856ad364e35\System.WorkflowServices.dll" /R:"C:\Windows\assembly\GAC_MSIL\System.IdentityModel\3.0.0.0__b77a5c561934e089\System.IdentityModel.dll" /R:"C:\Windows\assembly\GAC_MSIL\System.Drawing\2.0.0.0__b03f5f7f11d50a3a\System.Drawing.dll" /R:"C:\Windows\assembly\GAC_32\System.Data\2.0.0.0__b77a5c561934e089\System.Data.dll" /R:"C:\inetpub\wwwroot\LearnSite\App_Data\Temp\root\63743304\f306749f\App_Web_mfitwus_.dll" /R:"C:\inetpub\wwwroot\LearnSite\App_Data\Temp\root\63743304\f306749f\assembly\dl3\46fa227f\00bbafb3_68fbcb01\Anthem.DLL" /R:"C:\inetpub\wwwroot\LearnSite\App_Data\Temp\root\63743304\f306749f\assembly\dl3\1050af08\0036a627_973ace01\MailLog.DLL" /R:"C:\Windows\assembly\GAC_32\System.EnterpriseServices\2.0.0.0__b03f5f7f11d50a3a\System.EnterpriseServices.dll" /R:"C:\inetpub\wwwroot\LearnSite\App_Data\Temp\root\63743304\f306749f\assembly\dl3\826e4dc1\00439c98_ce5ec701\zlib.net.DLL" /R:"C:\inetpub\wwwroot\LearnSite\App_Data\Temp\root\63743304\f306749f\assembly\dl3\0ca46d5f\00cfbd72_c690cf01\NPOI.DLL" /R:"C:\inetpub\wwwroot\LearnSite\App_Data\Temp\root\63743304\f306749f\assembly\dl3\242fb043\009cd9e5_624ac301\log4net.DLL" /out:"C:\inetpub\wwwroot\LearnSite\App_Data\Temp\root\63743304\f306749f\App_Web_bquhs6lj.dll" /D:DEBUG /debug+ /optimize- /win32res:"C:\inetpub\wwwroot\LearnSite\App_Data\Temp\root\63743304\f306749f\bquhs6lj.res" /w:4 /nowarn:1659;1699;1701  "C:\inetpub\wwwroot\LearnSite\App_Data\Temp\root\63743304\f306749f\App_Web_bquhs6lj.7.cs" "C:\inetpub\wwwroot\LearnSite\App_Data\Temp\root\63743304\f306749f\App_Web_bquhs6lj.15.cs" "C:\inetpub\wwwroot\LearnSite\App_Data\Temp\root\63743304\f306749f\App_Web_bquhs6lj.14.cs" "C:\inetpub\wwwroot\LearnSite\App_Data\Temp\root\63743304\f306749f\App_Web_bquhs6lj.19.cs" "C:\inetpub\wwwroot\LearnSite\App_Data\Temp\root\63743304\f306749f\App_Web_bquhs6lj.9.cs" "C:\inetpub\wwwroot\LearnSite\App_Data\Temp\root\63743304\f306749f\App_Web_bquhs6lj.18.cs" "C:\inetpub\wwwroot\LearnSite\App_Data\Temp\root\63743304\f306749f\App_Web_bquhs6lj.1.cs" "C:\inetpub\wwwroot\LearnSite\App_Data\Temp\root\63743304\f306749f\App_Web_bquhs6lj.21.cs" "C:\inetpub\wwwroot\LearnSite\App_Data\Temp\root\63743304\f306749f\App_Web_bquhs6lj.20.cs" "C:\inetpub\wwwroot\LearnSite\App_Data\Temp\root\63743304\f306749f\App_Web_bquhs6lj.4.cs" "C:\inetpub\wwwroot\LearnSite\App_Data\Temp\root\63743304\f306749f\App_Web_bquhs6lj.3.cs" "C:\inetpub\wwwroot\LearnSite\App_Data\Temp\root\63743304\f306749f\App_Web_bquhs6lj.6.cs" "C:\inetpub\wwwroot\LearnSite\App_Data\Temp\root\63743304\f306749f\App_Web_bquhs6lj.8.cs" "C:\inetpub\wwwroot\LearnSite\App_Data\Temp\root\63743304\f306749f\App_Web_bquhs6lj.0.cs" "C:\inetpub\wwwroot\LearnSite\App_Data\Temp\root\63743304\f306749f\App_Web_bquhs6lj.2.cs" "C:\inetpub\wwwroot\LearnSite\App_Data\Temp\root\63743304\f306749f\App_Web_bquhs6lj.5.cs" "C:\inetpub\wwwroot\LearnSite\App_Data\Temp\root\63743304\f306749f\App_Web_bquhs6lj.17.cs" "C:\inetpub\wwwroot\LearnSite\App_Data\Temp\root\63743304\f306749f\App_Web_bquhs6lj.13.cs" "C:\inetpub\wwwroot\LearnSite\App_Data\Temp\root\63743304\f306749f\App_Web_bquhs6lj.12.cs" "C:\inetpub\wwwroot\LearnSite\App_Data\Temp\root\63743304\f306749f\App_Web_bquhs6lj.11.cs" "C:\inetpub\wwwroot\LearnSite\App_Data\Temp\root\63743304\f306749f\App_Web_bquhs6lj.10.cs" "C:\inetpub\wwwroot\LearnSite\App_Data\Temp\root\63743304\f306749f\App_Web_bquhs6lj.16.cs"


Microsoft (R) Visual C# 2005 编译器 版本 8.00.50727.9031
用于 Microsoft (R) Windows (R) 2005 Framework 版本 2.0.50727
版权所有(C) Microsoft Corporation 2001-2005。保留所有权利。

c:\inetpub\wwwroot\LearnSite\App_Data\Temp\root\63743304\f306749f\App_Web_bquhs6lj.7.cs(135,53): warning CS0108: “ASP.teacher_pixeladd_aspx.Profile”隐藏了继承的成员“Teacher_pixeladd.Profile”。如果是有意隐藏，请使用关键字 new。
c:\inetpub\wwwroot\LearnSite\App_Data\Temp\root\63743304\f306749f\assembly\dl3\61e7a036\0011bc37_ef7ddc01\LearnSite.DLL: (与前一个警告相关的符号位置)
c:\inetpub\wwwroot\LearnSite\App_Data\Temp\root\63743304\f306749f\App_Web_bquhs6lj.7.cs(141,46): warning CS0108: “ASP.teacher_pixeladd_aspx.ApplicationInstance”隐藏了继承的成员“Teacher_pixeladd.ApplicationInstance”。如果是有意隐藏，请使用关键字 new。
c:\inetpub\wwwroot\LearnSite\App_Data\Temp\root\63743304\f306749f\assembly\dl3\61e7a036\0011bc37_ef7ddc01\LearnSite.DLL: (与前一个警告相关的符号位置)
c:\inetpub\wwwroot\LearnSite\App_Data\Temp\root\63743304\f306749f\App_Web_bquhs6lj.15.cs(135,53): warning CS0108: “ASP.teacher_typeshow_aspx.Profile”隐藏了继承的成员“Teacher_typeshow.Profile”。如果是有意隐藏，请使用关键字 new。
c:\inetpub\wwwroot\LearnSite\App_Data\Temp\root\63743304\f306749f\assembly\dl3\61e7a036\0011bc37_ef7ddc01\LearnSite.DLL: (与前一个警告相关的符号位置)
c:\inetpub\wwwroot\LearnSite\App_Data\Temp\root\63743304\f306749f\App_Web_bquhs6lj.15.cs(141,46): warning CS0108: “ASP.teacher_typeshow_aspx.ApplicationInstance”隐藏了继承的成员“Teacher_typeshow.ApplicationInstance”。如果是有意隐藏，请使用关键字 new。
c:\inetpub\wwwroot\LearnSite\App_Data\Temp\root\63743304\f306749f\assembly\dl3\61e7a036\0011bc37_ef7ddc01\LearnSite.DLL: (与前一个警告相关的符号位置)
c:\inetpub\wwwroot\LearnSite\App_Data\Temp\root\63743304\f306749f\App_Web_bquhs6lj.14.cs(135,53): warning CS0108: “ASP.teacher_typechineseadd_aspx.Profile”隐藏了继承的成员“Teacher_typechineseadd.Profile”。如果是有意隐藏，请使用关键字 new。
c:\inetpub\wwwroot\LearnSite\App_Data\Temp\root\63743304\f306749f\assembly\dl3\61e7a036\0011bc37_ef7ddc01\LearnSite.DLL: (与前一个警告相关的符号位置)
c:\inetpub\wwwroot\LearnSite\App_Data\Temp\root\63743304\f306749f\App_Web_bquhs6lj.14.cs(141,46): warning CS0108: “ASP.teacher_typechineseadd_aspx.ApplicationInstance”隐藏了继承的成员“Teacher_typechineseadd.ApplicationInstance”。如果是有意隐藏，请使用关键字 new。
c:\inetpub\wwwroot\LearnSite\App_Data\Temp\root\63743304\f306749f\assembly\dl3\61e7a036\0011bc37_ef7ddc01\LearnSite.DLL: (与前一个警告相关的符号位置)
c:\inetpub\wwwroot\LearnSite\App_Data\Temp\root\63743304\f306749f\App_Web_bquhs6lj.19.cs(135,53): warning CS0108: “ASP.teacher_coursedel_aspx.Profile”隐藏了继承的成员“Teacher_coursedel.Profile”。如果是有意隐藏，请使用关键字 new。
c:\inetpub\wwwroot\LearnSite\App_Data\Temp\root\63743304\f306749f\assembly\dl3\61e7a036\0011bc37_ef7ddc01\LearnSite.DLL: (与前一个警告相关的符号位置)
c:\inetpub\wwwroot\LearnSite\App_Data\Temp\root\63743304\f306749f\App_Web_bquhs6lj.19.cs(141,46): warning CS0108: “ASP.teacher_coursedel_aspx.ApplicationInstance”隐藏了继承的成员“Teacher_coursedel.ApplicationInstance”。如果是有意隐藏，请使用关键字 new。
c:\inetpub\wwwroot\LearnSite\App_Data\Temp\root\63743304\f306749f\assembly\dl3\61e7a036\0011bc37_ef7ddc01\LearnSite.DLL: (与前一个警告相关的符号位置)
c:\inetpub\wwwroot\LearnSite\App_Data\Temp\root\63743304\f306749f\App_Web_bquhs6lj.9.cs(135,53): warning CS0108: “ASP.teacher_wareedit_aspx.Profile”隐藏了继承的成员“teacher_wareedit.Profile”。如果是有意隐藏，请使用关键字 new。
c:\inetpub\wwwroot\LearnSite\App_Data\Temp\root\63743304\f306749f\assembly\dl3\61e7a036\0011bc37_ef7ddc01\LearnSite.DLL: (与前一个警告相关的符号位置)
c:\inetpub\wwwroot\LearnSite\App_Data\Temp\root\63743304\f306749f\App_Web_bquhs6lj.9.cs(141,46): warning CS0108: “ASP.teacher_wareedit_aspx.ApplicationInstance”隐藏了继承的成员“teacher_wareedit.ApplicationInstance”。如果是有意隐藏，请使用关键字 new。
c:\inetpub\wwwroot\LearnSite\App_Data\Temp\root\63743304\f306749f\assembly\dl3\61e7a036\0011bc37_ef7ddc01\LearnSite.DLL: (与前一个警告相关的符号位置)
c:\inetpub\wwwroot\LearnSite\App_Data\Temp\root\63743304\f306749f\App_Web_bquhs6lj.18.cs(135,53): warning CS0108: “ASP.teacher_typechineseshow_aspx.Profile”隐藏了继承的成员“Teacher_typechineseshow.Profile”。如果是有意隐藏，请使用关键字 new。
c:\inetpub\wwwroot\LearnSite\App_Data\Temp\root\63743304\f306749f\assembly\dl3\61e7a036\0011bc37_ef7ddc01\LearnSite.DLL: (与前一个警告相关的符号位置)
c:\inetpub\wwwroot\LearnSite\App_Data\Temp\root\63743304\f306749f\App_Web_bquhs6lj.18.cs(141,46): warning CS0108: “ASP.teacher_typechineseshow_aspx.ApplicationInstance”隐藏了继承的成员“Teacher_typechineseshow.ApplicationInstance”。如果是有意隐藏，请使用关键字 new。
c:\inetpub\wwwroot\LearnSite\App_Data\Temp\root\63743304\f306749f\assembly\dl3\61e7a036\0011bc37_ef7ddc01\LearnSite.DLL: (与前一个警告相关的符号位置)
c:\inetpub\wwwroot\LearnSite\App_Data\Temp\root\63743304\f306749f\App_Web_bquhs6lj.4.cs(135,53): warning CS0108: “ASP.teacher_htmlshow_aspx.Profile”隐藏了继承的成员“teacher_htmlshow.Profile”。如果是有意隐藏，请使用关键字 new。
c:\inetpub\wwwroot\LearnSite\App_Data\Temp\root\63743304\f306749f\assembly\dl3\61e7a036\0011bc37_ef7ddc01\LearnSite.DLL: (与前一个警告相关的符号位置)
c:\inetpub\wwwroot\LearnSite\App_Data\Temp\root\63743304\f306749f\App_Web_bquhs6lj.4.cs(141,46): warning CS0108: “ASP.teacher_htmlshow_aspx.ApplicationInstance”隐藏了继承的成员“teacher_htmlshow.ApplicationInstance”。如果是有意隐藏，请使用关键字 new。
c:\inetpub\wwwroot\LearnSite\App_Data\Temp\root\63743304\f306749f\assembly\dl3\61e7a036\0011bc37_ef7ddc01\LearnSite.DLL: (与前一个警告相关的符号位置)
c:\inetpub\wwwroot\LearnSite\App_Data\Temp\root\63743304\f306749f\App_Web_bquhs6lj.6.cs(135,53): warning CS0108: “ASP.teacher_softnomic_aspx.Profile”隐藏了继承的成员“Teacher_softnomic.Profile”。如果是有意隐藏，请使用关键字 new。
c:\inetpub\wwwroot\LearnSite\App_Data\Temp\root\63743304\f306749f\assembly\dl3\61e7a036\0011bc37_ef7ddc01\LearnSite.DLL: (与前一个警告相关的符号位置)
c:\inetpub\wwwroot\LearnSite\App_Data\Temp\root\63743304\f306749f\App_Web_bquhs6lj.6.cs(141,46): warning CS0108: “ASP.teacher_softnomic_aspx.ApplicationInstance”隐藏了继承的成员“Teacher_softnomic.ApplicationInstance”。如果是有意隐藏，请使用关键字 new。
c:\inetpub\wwwroot\LearnSite\App_Data\Temp\root\63743304\f306749f\assembly\dl3\61e7a036\0011bc37_ef7ddc01\LearnSite.DLL: (与前一个警告相关的符号位置)
c:\inetpub\wwwroot\LearnSite\App_Data\Temp\root\63743304\f306749f\App_Web_bquhs6lj.8.cs(135,53): warning CS0108: “ASP.teacher_softdel_aspx.Profile”隐藏了继承的成员“Teacher_softdel.Profile”。如果是有意隐藏，请使用关键字 new。
c:\inetpub\wwwroot\LearnSite\App_Data\Temp\root\63743304\f306749f\assembly\dl3\61e7a036\0011bc37_ef7ddc01\LearnSite.DLL: (与前一个警告相关的符号位置)
c:\inetpub\wwwroot\LearnSite\App_Data\Temp\root\63743304\f306749f\App_Web_bquhs6lj.8.cs(141,46): warning CS0108: “ASP.teacher_softdel_aspx.ApplicationInstance”隐藏了继承的成员“Teacher_softdel.ApplicationInstance”。如果是有意隐藏，请使用关键字 new。
c:\inetpub\wwwroot\LearnSite\App_Data\Temp\root\63743304\f306749f\assembly\dl3\61e7a036\0011bc37_ef7ddc01\LearnSite.DLL: (与前一个警告相关的符号位置)
c:\inetpub\wwwroot\LearnSite\App_Data\Temp\root\63743304\f306749f\App_Web_bquhs6lj.0.cs(205,53): warning CS0108: “ASP.teacher_programshow1_aspx.Profile”隐藏了继承的成员“Teacher_programshow.Profile”。如果是有意隐藏，请使用关键字 new。
c:\inetpub\wwwroot\LearnSite\App_Data\Temp\root\63743304\f306749f\assembly\dl3\61e7a036\0011bc37_ef7ddc01\LearnSite.DLL: (与前一个警告相关的符号位置)
c:\inetpub\wwwroot\LearnSite\App_Data\Temp\root\63743304\f306749f\App_Web_bquhs6lj.0.cs(211,46): warning CS0108: “ASP.teacher_programshow1_aspx.ApplicationInstance”隐藏了继承的成员“Teacher_programshow.ApplicationInstance”。如果是有意隐藏，请使用关键字 new。
c:\inetpub\wwwroot\LearnSite\App_Data\Temp\root\63743304\f306749f\assembly\dl3\61e7a036\0011bc37_ef7ddc01\LearnSite.DLL: (与前一个警告相关的符号位置)
c:\inetpub\wwwroot\LearnSite\App_Data\Temp\root\63743304\f306749f\App_Web_bquhs6lj.2.cs(135,53): warning CS0108: “ASP.teacher_excelshow_aspx.Profile”隐藏了继承的成员“teacher_excelshow.Profile”。如果是有意隐藏，请使用关键字 new。
c:\inetpub\wwwroot\LearnSite\App_Data\Temp\root\63743304\f306749f\assembly\dl3\61e7a036\0011bc37_ef7ddc01\LearnSite.DLL: (与前一个警告相关的符号位置)
c:\inetpub\wwwroot\LearnSite\App_Data\Temp\root\63743304\f306749f\App_Web_bquhs6lj.2.cs(141,46): warning CS0108: “ASP.teacher_excelshow_aspx.ApplicationInstance”隐藏了继承的成员“teacher_excelshow.ApplicationInstance”。如果是有意隐藏，请使用关键字 new。
c:\inetpub\wwwroot\LearnSite\App_Data\Temp\root\63743304\f306749f\assembly\dl3\61e7a036\0011bc37_ef7ddc01\LearnSite.DLL: (与前一个警告相关的符号位置)
c:\inetpub\wwwroot\LearnSite\App_Data\Temp\root\63743304\f306749f\App_Web_bquhs6lj.5.cs(135,53): warning CS0108: “ASP.teacher_pythonedit_aspx.Profile”隐藏了继承的成员“Teacher_pythonedit.Profile”。如果是有意隐藏，请使用关键字 new。
c:\inetpub\wwwroot\LearnSite\App_Data\Temp\root\63743304\f306749f\assembly\dl3\61e7a036\0011bc37_ef7ddc01\LearnSite.DLL: (与前一个警告相关的符号位置)
c:\inetpub\wwwroot\LearnSite\App_Data\Temp\root\63743304\f306749f\App_Web_bquhs6lj.5.cs(141,46): warning CS0108: “ASP.teacher_pythonedit_aspx.ApplicationInstance”隐藏了继承的成员“Teacher_pythonedit.ApplicationInstance”。如果是有意隐藏，请使用关键字 new。
c:\inetpub\wwwroot\LearnSite\App_Data\Temp\root\63743304\f306749f\assembly\dl3\61e7a036\0011bc37_ef7ddc01\LearnSite.DLL: (与前一个警告相关的符号位置)
c:\inetpub\wwwroot\LearnSite\App_Data\Temp\root\63743304\f306749f\App_Web_bquhs6lj.17.cs(135,53): warning CS0108: “ASP.teacher_systeminfo_aspx.Profile”隐藏了继承的成员“Teacher_systeminfo.Profile”。如果是有意隐藏，请使用关键字 new。
c:\inetpub\wwwroot\LearnSite\App_Data\Temp\root\63743304\f306749f\assembly\dl3\61e7a036\0011bc37_ef7ddc01\LearnSite.DLL: (与前一个警告相关的符号位置)
c:\inetpub\wwwroot\LearnSite\App_Data\Temp\root\63743304\f306749f\App_Web_bquhs6lj.17.cs(141,46): warning CS0108: “ASP.teacher_systeminfo_aspx.ApplicationInstance”隐藏了继承的成员“Teacher_systeminfo.ApplicationInstance”。如果是有意隐藏，请使用关键字 new。
c:\inetpub\wwwroot\LearnSite\App_Data\Temp\root\63743304\f306749f\assembly\dl3\61e7a036\0011bc37_ef7ddc01\LearnSite.DLL: (与前一个警告相关的符号位置)
c:\inetpub\wwwroot\LearnSite\App_Data\Temp\root\63743304\f306749f\App_Web_bquhs6lj.13.cs(135,53): warning CS0108: “ASP.teacher_signin_aspx.Profile”隐藏了继承的成员“Teacher_signin.Profile”。如果是有意隐藏，请使用关键字 new。
c:\inetpub\wwwroot\LearnSite\App_Data\Temp\root\63743304\f306749f\assembly\dl3\61e7a036\0011bc37_ef7ddc01\LearnSite.DLL: (与前一个警告相关的符号位置)
c:\inetpub\wwwroot\LearnSite\App_Data\Temp\root\63743304\f306749f\App_Web_bquhs6lj.13.cs(141,46): warning CS0108: “ASP.teacher_signin_aspx.ApplicationInstance”隐藏了继承的成员“Teacher_signin.ApplicationInstance”。如果是有意隐藏，请使用关键字 new。
c:\inetpub\wwwroot\LearnSite\App_Data\Temp\root\63743304\f306749f\assembly\dl3\61e7a036\0011bc37_ef7ddc01\LearnSite.DLL: (与前一个警告相关的符号位置)
c:\inetpub\wwwroot\LearnSite\App_Data\Temp\root\63743304\f306749f\App_Web_bquhs6lj.12.cs(135,53): warning CS0108: “ASP.teacher_termscores_aspx.Profile”隐藏了继承的成员“Teacher_termscores.Profile”。如果是有意隐藏，请使用关键字 new。
c:\inetpub\wwwroot\LearnSite\App_Data\Temp\root\63743304\f306749f\assembly\dl3\61e7a036\0011bc37_ef7ddc01\LearnSite.DLL: (与前一个警告相关的符号位置)
c:\inetpub\wwwroot\LearnSite\App_Data\Temp\root\63743304\f306749f\App_Web_bquhs6lj.12.cs(141,46): warning CS0108: “ASP.teacher_termscores_aspx.ApplicationInstance”隐藏了继承的成员“Teacher_termscores.ApplicationInstance”。如果是有意隐藏，请使用关键字 new。
c:\inetpub\wwwroot\LearnSite\App_Data\Temp\root\63743304\f306749f\assembly\dl3\61e7a036\0011bc37_ef7ddc01\LearnSite.DLL: (与前一个警告相关的符号位置)
c:\inetpub\wwwroot\LearnSite\App_Data\Temp\root\63743304\f306749f\App_Web_bquhs6lj.11.cs(135,53): warning CS0108: “ASP.teacher_typechinesedel_aspx.Profile”隐藏了继承的成员“Teacher_typechinesedel.Profile”。如果是有意隐藏，请使用关键字 new。
c:\inetpub\wwwroot\LearnSite\App_Data\Temp\root\63743304\f306749f\assembly\dl3\61e7a036\0011bc37_ef7ddc01\LearnSite.DLL: (与前一个警告相关的符号位置)
c:\inetpub\wwwroot\LearnSite\App_Data\Temp\root\63743304\f306749f\App_Web_bquhs6lj.11.cs(141,46): warning CS0108: “ASP.teacher_typechinesedel_aspx.ApplicationInstance”隐藏了继承的成员“Teacher_typechinesedel.ApplicationInstance”。如果是有意隐藏，请使用关键字 new。
c:\inetpub\wwwroot\LearnSite\App_Data\Temp\root\63743304\f306749f\assembly\dl3\61e7a036\0011bc37_ef7ddc01\LearnSite.DLL: (与前一个警告相关的符号位置)
c:\inetpub\wwwroot\LearnSite\App_Data\Temp\root\63743304\f306749f\App_Web_bquhs6lj.10.cs(135,53): warning CS0108: “ASP.teacher_coursetotal_aspx.Profile”隐藏了继承的成员“Teacher_coursetotal.Profile”。如果是有意隐藏，请使用关键字 new。
c:\inetpub\wwwroot\LearnSite\App_Data\Temp\root\63743304\f306749f\assembly\dl3\61e7a036\0011bc37_ef7ddc01\LearnSite.DLL: (与前一个警告相关的符号位置)
c:\inetpub\wwwroot\LearnSite\App_Data\Temp\root\63743304\f306749f\App_Web_bquhs6lj.10.cs(141,46): warning CS0108: “ASP.teacher_coursetotal_aspx.ApplicationInstance”隐藏了继承的成员“Teacher_coursetotal.ApplicationInstance”。如果是有意隐藏，请使用关键字 new。
c:\inetpub\wwwroot\LearnSite\App_Data\Temp\root\63743304\f306749f\assembly\dl3\61e7a036\0011bc37_ef7ddc01\LearnSite.DLL: (与前一个警告相关的符号位置)
c:\inetpub\wwwroot\LearnSite\App_Data\Temp\root\63743304\f306749f\App_Web_bquhs6lj.16.cs(163,53): warning CS0108: “ASP.teacher_courseedit_aspx.Profile”隐藏了继承的成员“Teacher_courseedit.Profile”。如果是有意隐藏，请使用关键字 new。
c:\inetpub\wwwroot\LearnSite\App_Data\Temp\root\63743304\f306749f\assembly\dl3\61e7a036\0011bc37_ef7ddc01\LearnSite.DLL: (与前一个警告相关的符号位置)
c:\inetpub\wwwroot\LearnSite\App_Data\Temp\root\63743304\f306749f\App_Web_bquhs6lj.16.cs(169,46): warning CS0108: “ASP.teacher_courseedit_aspx.ApplicationInstance”隐藏了继承的成员“Teacher_courseedit.ApplicationInstance”。如果是有意隐藏，请使用关键字 new。
c:\inetpub\wwwroot\LearnSite\App_Data\Temp\root\63743304\f306749f\assembly\dl3\61e7a036\0011bc37_ef7ddc01\LearnSite.DLL: (与前一个警告相关的符号位置)
