C:\Windows\SysWOW64\inetsrv> "C:\Windows\Microsoft.NET\Framework\v2.0.50727\csc.exe" /t:library /utf8output /R:"C:\inetpub\wwwroot\LearnSite\App_Data\Temp\root\63743304\f306749f\assembly\dl3\a6907888\00fb7faf_0e4dd701\mxgraph.DLL" /R:"C:\Windows\Microsoft.NET\Framework\v2.0.50727\mscorlib.dll" /R:"C:\inetpub\wwwroot\LearnSite\App_Data\Temp\root\63743304\f306749f\assembly\dl3\fa3c3ed7\0004936e_e323ce01\SimplePsd.DLL" /R:"C:\inetpub\wwwroot\LearnSite\App_Data\Temp\root\63743304\f306749f\assembly\dl3\7257dba8\00c9d3dd_c23ccf01\ICSharpCode.SharpZipLib.DLL" /R:"C:\Windows\assembly\GAC_MSIL\System.ServiceModel.Web\3.5.0.0__31bf3856ad364e35\System.ServiceModel.Web.dll" /R:"C:\inetpub\wwwroot\LearnSite\App_Data\Temp\root\63743304\f306749f\assembly\dl3\5442a6bd\0071b915_d746cd01\LitJSON.DLL" /R:"C:\Windows\assembly\GAC_MSIL\System.Web.Mobile\2.0.0.0__b03f5f7f11d50a3a\System.Web.Mobile.dll" /R:"C:\inetpub\wwwroot\LearnSite\App_Data\Temp\root\63743304\f306749f\assembly\dl3\31078fc9\004c60b0_db91cf01\NPOI.OOXML.DLL" /R:"C:\Windows\assembly\GAC_MSIL\System.ServiceModel\3.0.0.0__b77a5c561934e089\System.ServiceModel.dll" /R:"C:\Windows\assembly\GAC_MSIL\System.Configuration\2.0.0.0__b03f5f7f11d50a3a\System.Configuration.dll" /R:"C:\Windows\assembly\GAC_MSIL\System.Runtime.Serialization\3.0.0.0__b77a5c561934e089\System.Runtime.Serialization.dll" /R:"C:\inetpub\wwwroot\LearnSite\App_Data\Temp\root\63743304\f306749f\assembly\dl3\735e3235\00f5b999_db91cf01\NPOI.OpenXml4Net.DLL" /R:"C:\inetpub\wwwroot\LearnSite\App_Data\Temp\root\63743304\f306749f\App_Code.7hkk5a1e.dll" /R:"C:\inetpub\wwwroot\LearnSite\App_Data\Temp\root\63743304\f306749f\assembly\dl3\abe098b7\000cf6d8_6b03cd01\SwfDotNet.IO.DLL" /R:"C:\Windows\assembly\GAC_32\System.Web\2.0.0.0__b03f5f7f11d50a3a\System.Web.dll" /R:"C:\Windows\assembly\GAC_MSIL\System.Xml\2.0.0.0__b77a5c561934e089\System.Xml.dll" /R:"C:\inetpub\wwwroot\LearnSite\App_Data\Temp\root\63743304\f306749f\assembly\dl3\61e7a036\0011bc37_ef7ddc01\LearnSite.DLL" /R:"C:\inetpub\wwwroot\LearnSite\App_Data\Temp\root\63743304\f306749f\assembly\dl3\524bc22e\00694688_5596d501\Newtonsoft.Json.DLL" /R:"C:\Windows\assembly\GAC_MSIL\System\2.0.0.0__b77a5c561934e089\System.dll" /R:"C:\inetpub\wwwroot\LearnSite\App_Data\Temp\root\63743304\f306749f\assembly\dl3\c1855a30\0093ed15_4a69cd01\NPinyin.DLL" /R:"C:\Windows\assembly\GAC_MSIL\System.Web.Services\2.0.0.0__b03f5f7f11d50a3a\System.Web.Services.dll" /R:"C:\inetpub\wwwroot\LearnSite\App_Data\Temp\root\63743304\f306749f\assembly\dl3\f667e9c2\003e39a9_db91cf01\NPOI.OpenXmlFormats.DLL" /R:"C:\Windows\assembly\GAC_MSIL\System.WorkflowServices\3.5.0.0__31bf3856ad364e35\System.WorkflowServices.dll" /R:"C:\Windows\assembly\GAC_MSIL\System.IdentityModel\3.0.0.0__b77a5c561934e089\System.IdentityModel.dll" /R:"C:\Windows\assembly\GAC_MSIL\System.Drawing\2.0.0.0__b03f5f7f11d50a3a\System.Drawing.dll" /R:"C:\Windows\assembly\GAC_32\System.Data\2.0.0.0__b77a5c561934e089\System.Data.dll" /R:"C:\inetpub\wwwroot\LearnSite\App_Data\Temp\root\63743304\f306749f\App_Web_mfitwus_.dll" /R:"C:\inetpub\wwwroot\LearnSite\App_Data\Temp\root\63743304\f306749f\assembly\dl3\46fa227f\00bbafb3_68fbcb01\Anthem.DLL" /R:"C:\inetpub\wwwroot\LearnSite\App_Data\Temp\root\63743304\f306749f\assembly\dl3\1050af08\0036a627_973ace01\MailLog.DLL" /R:"C:\Windows\assembly\GAC_32\System.EnterpriseServices\2.0.0.0__b03f5f7f11d50a3a\System.EnterpriseServices.dll" /R:"C:\inetpub\wwwroot\LearnSite\App_Data\Temp\root\63743304\f306749f\assembly\dl3\826e4dc1\00439c98_ce5ec701\zlib.net.DLL" /R:"C:\inetpub\wwwroot\LearnSite\App_Data\Temp\root\63743304\f306749f\assembly\dl3\0ca46d5f\00cfbd72_c690cf01\NPOI.DLL" /R:"C:\inetpub\wwwroot\LearnSite\App_Data\Temp\root\63743304\f306749f\assembly\dl3\242fb043\009cd9e5_624ac301\log4net.DLL" /out:"C:\inetpub\wwwroot\LearnSite\App_Data\Temp\root\63743304\f306749f\App_Web_n1mp_bw2.dll" /D:DEBUG /debug+ /optimize- /win32res:"C:\inetpub\wwwroot\LearnSite\App_Data\Temp\root\63743304\f306749f\n1mp_bw2.res" /w:4 /nowarn:1659;1699;1701  "C:\inetpub\wwwroot\LearnSite\App_Data\Temp\root\63743304\f306749f\App_Web_n1mp_bw2.9.cs" "C:\inetpub\wwwroot\LearnSite\App_Data\Temp\root\63743304\f306749f\App_Web_n1mp_bw2.16.cs" "C:\inetpub\wwwroot\LearnSite\App_Data\Temp\root\63743304\f306749f\App_Web_n1mp_bw2.17.cs" "C:\inetpub\wwwroot\LearnSite\App_Data\Temp\root\63743304\f306749f\App_Web_n1mp_bw2.14.cs" "C:\inetpub\wwwroot\LearnSite\App_Data\Temp\root\63743304\f306749f\App_Web_n1mp_bw2.15.cs" "C:\inetpub\wwwroot\LearnSite\App_Data\Temp\root\63743304\f306749f\App_Web_n1mp_bw2.12.cs" "C:\inetpub\wwwroot\LearnSite\App_Data\Temp\root\63743304\f306749f\App_Web_n1mp_bw2.13.cs" "C:\inetpub\wwwroot\LearnSite\App_Data\Temp\root\63743304\f306749f\App_Web_n1mp_bw2.10.cs" "C:\inetpub\wwwroot\LearnSite\App_Data\Temp\root\63743304\f306749f\App_Web_n1mp_bw2.11.cs" "C:\inetpub\wwwroot\LearnSite\App_Data\Temp\root\63743304\f306749f\App_Web_n1mp_bw2.6.cs" "C:\inetpub\wwwroot\LearnSite\App_Data\Temp\root\63743304\f306749f\App_Web_n1mp_bw2.18.cs" "C:\inetpub\wwwroot\LearnSite\App_Data\Temp\root\63743304\f306749f\App_Web_n1mp_bw2.19.cs" "C:\inetpub\wwwroot\LearnSite\App_Data\Temp\root\63743304\f306749f\App_Web_n1mp_bw2.1.cs" "C:\inetpub\wwwroot\LearnSite\App_Data\Temp\root\63743304\f306749f\App_Web_n1mp_bw2.8.cs" "C:\inetpub\wwwroot\LearnSite\App_Data\Temp\root\63743304\f306749f\App_Web_n1mp_bw2.24.cs" "C:\inetpub\wwwroot\LearnSite\App_Data\Temp\root\63743304\f306749f\App_Web_n1mp_bw2.3.cs" "C:\inetpub\wwwroot\LearnSite\App_Data\Temp\root\63743304\f306749f\App_Web_n1mp_bw2.22.cs" "C:\inetpub\wwwroot\LearnSite\App_Data\Temp\root\63743304\f306749f\App_Web_n1mp_bw2.23.cs" "C:\inetpub\wwwroot\LearnSite\App_Data\Temp\root\63743304\f306749f\App_Web_n1mp_bw2.20.cs" "C:\inetpub\wwwroot\LearnSite\App_Data\Temp\root\63743304\f306749f\App_Web_n1mp_bw2.21.cs" "C:\inetpub\wwwroot\LearnSite\App_Data\Temp\root\63743304\f306749f\App_Web_n1mp_bw2.5.cs" "C:\inetpub\wwwroot\LearnSite\App_Data\Temp\root\63743304\f306749f\App_Web_n1mp_bw2.4.cs" "C:\inetpub\wwwroot\LearnSite\App_Data\Temp\root\63743304\f306749f\App_Web_n1mp_bw2.0.cs" "C:\inetpub\wwwroot\LearnSite\App_Data\Temp\root\63743304\f306749f\App_Web_n1mp_bw2.7.cs" "C:\inetpub\wwwroot\LearnSite\App_Data\Temp\root\63743304\f306749f\App_Web_n1mp_bw2.2.cs"


Microsoft (R) Visual C# 2005 编译器 版本 8.00.50727.9031
用于 Microsoft (R) Windows (R) 2005 Framework 版本 2.0.50727
版权所有(C) Microsoft Corporation 2001-2005。保留所有权利。

c:\inetpub\wwwroot\LearnSite\App_Data\Temp\root\63743304\f306749f\App_Web_n1mp_bw2.9.cs(135,53): warning CS0108: “ASP.teacher_course_aspx.Profile”隐藏了继承的成员“Teacher_course.Profile”。如果是有意隐藏，请使用关键字 new。
c:\inetpub\wwwroot\LearnSite\App_Data\Temp\root\63743304\f306749f\assembly\dl3\61e7a036\0011bc37_ef7ddc01\LearnSite.DLL: (与前一个警告相关的符号位置)
c:\inetpub\wwwroot\LearnSite\App_Data\Temp\root\63743304\f306749f\App_Web_n1mp_bw2.9.cs(141,46): warning CS0108: “ASP.teacher_course_aspx.ApplicationInstance”隐藏了继承的成员“Teacher_course.ApplicationInstance”。如果是有意隐藏，请使用关键字 new。
c:\inetpub\wwwroot\LearnSite\App_Data\Temp\root\63743304\f306749f\assembly\dl3\61e7a036\0011bc37_ef7ddc01\LearnSite.DLL: (与前一个警告相关的符号位置)
c:\inetpub\wwwroot\LearnSite\App_Data\Temp\root\63743304\f306749f\App_Web_n1mp_bw2.15.cs(135,53): warning CS0108: “ASP.teacher_topicedit_aspx.Profile”隐藏了继承的成员“Teacher_topicedit.Profile”。如果是有意隐藏，请使用关键字 new。
c:\inetpub\wwwroot\LearnSite\App_Data\Temp\root\63743304\f306749f\assembly\dl3\61e7a036\0011bc37_ef7ddc01\LearnSite.DLL: (与前一个警告相关的符号位置)
c:\inetpub\wwwroot\LearnSite\App_Data\Temp\root\63743304\f306749f\App_Web_n1mp_bw2.15.cs(141,46): warning CS0108: “ASP.teacher_topicedit_aspx.ApplicationInstance”隐藏了继承的成员“Teacher_topicedit.ApplicationInstance”。如果是有意隐藏，请使用关键字 new。
c:\inetpub\wwwroot\LearnSite\App_Data\Temp\root\63743304\f306749f\assembly\dl3\61e7a036\0011bc37_ef7ddc01\LearnSite.DLL: (与前一个警告相关的符号位置)
c:\inetpub\wwwroot\LearnSite\App_Data\Temp\root\63743304\f306749f\App_Web_n1mp_bw2.12.cs(135,53): warning CS0108: “ASP.teacher_typeedit_aspx.Profile”隐藏了继承的成员“Teacher_typeedit.Profile”。如果是有意隐藏，请使用关键字 new。
c:\inetpub\wwwroot\LearnSite\App_Data\Temp\root\63743304\f306749f\assembly\dl3\61e7a036\0011bc37_ef7ddc01\LearnSite.DLL: (与前一个警告相关的符号位置)
c:\inetpub\wwwroot\LearnSite\App_Data\Temp\root\63743304\f306749f\App_Web_n1mp_bw2.12.cs(141,46): warning CS0108: “ASP.teacher_typeedit_aspx.ApplicationInstance”隐藏了继承的成员“Teacher_typeedit.ApplicationInstance”。如果是有意隐藏，请使用关键字 new。
c:\inetpub\wwwroot\LearnSite\App_Data\Temp\root\63743304\f306749f\assembly\dl3\61e7a036\0011bc37_ef7ddc01\LearnSite.DLL: (与前一个警告相关的符号位置)
c:\inetpub\wwwroot\LearnSite\App_Data\Temp\root\63743304\f306749f\App_Web_n1mp_bw2.13.cs(135,53): warning CS0108: “ASP.teacher_programedit_aspx.Profile”隐藏了继承的成员“Teacher_programedit.Profile”。如果是有意隐藏，请使用关键字 new。
c:\inetpub\wwwroot\LearnSite\App_Data\Temp\root\63743304\f306749f\assembly\dl3\61e7a036\0011bc37_ef7ddc01\LearnSite.DLL: (与前一个警告相关的符号位置)
c:\inetpub\wwwroot\LearnSite\App_Data\Temp\root\63743304\f306749f\App_Web_n1mp_bw2.13.cs(141,46): warning CS0108: “ASP.teacher_programedit_aspx.ApplicationInstance”隐藏了继承的成员“Teacher_programedit.ApplicationInstance”。如果是有意隐藏，请使用关键字 new。
c:\inetpub\wwwroot\LearnSite\App_Data\Temp\root\63743304\f306749f\assembly\dl3\61e7a036\0011bc37_ef7ddc01\LearnSite.DLL: (与前一个警告相关的符号位置)
c:\inetpub\wwwroot\LearnSite\App_Data\Temp\root\63743304\f306749f\App_Web_n1mp_bw2.11.cs(135,53): warning CS0108: “ASP.teacher_htmladd_aspx.Profile”隐藏了继承的成员“teacher_htmladd.Profile”。如果是有意隐藏，请使用关键字 new。
c:\inetpub\wwwroot\LearnSite\App_Data\Temp\root\63743304\f306749f\assembly\dl3\61e7a036\0011bc37_ef7ddc01\LearnSite.DLL: (与前一个警告相关的符号位置)
c:\inetpub\wwwroot\LearnSite\App_Data\Temp\root\63743304\f306749f\App_Web_n1mp_bw2.11.cs(141,46): warning CS0108: “ASP.teacher_htmladd_aspx.ApplicationInstance”隐藏了继承的成员“teacher_htmladd.ApplicationInstance”。如果是有意隐藏，请使用关键字 new。
c:\inetpub\wwwroot\LearnSite\App_Data\Temp\root\63743304\f306749f\assembly\dl3\61e7a036\0011bc37_ef7ddc01\LearnSite.DLL: (与前一个警告相关的符号位置)
c:\inetpub\wwwroot\LearnSite\App_Data\Temp\root\63743304\f306749f\App_Web_n1mp_bw2.6.cs(198,53): warning CS0108: “ASP.teacher_graphshow_aspx.Profile”隐藏了继承的成员“Teacher_graphshow.Profile”。如果是有意隐藏，请使用关键字 new。
c:\inetpub\wwwroot\LearnSite\App_Data\Temp\root\63743304\f306749f\assembly\dl3\61e7a036\0011bc37_ef7ddc01\LearnSite.DLL: (与前一个警告相关的符号位置)
c:\inetpub\wwwroot\LearnSite\App_Data\Temp\root\63743304\f306749f\App_Web_n1mp_bw2.6.cs(204,46): warning CS0108: “ASP.teacher_graphshow_aspx.ApplicationInstance”隐藏了继承的成员“Teacher_graphshow.ApplicationInstance”。如果是有意隐藏，请使用关键字 new。
c:\inetpub\wwwroot\LearnSite\App_Data\Temp\root\63743304\f306749f\assembly\dl3\61e7a036\0011bc37_ef7ddc01\LearnSite.DLL: (与前一个警告相关的符号位置)
c:\inetpub\wwwroot\LearnSite\App_Data\Temp\root\63743304\f306749f\App_Web_n1mp_bw2.19.cs(177,53): warning CS0108: “ASP.teacher_txtformshow_aspx.Profile”隐藏了继承的成员“Teacher_txtformshow.Profile”。如果是有意隐藏，请使用关键字 new。
c:\inetpub\wwwroot\LearnSite\App_Data\Temp\root\63743304\f306749f\assembly\dl3\61e7a036\0011bc37_ef7ddc01\LearnSite.DLL: (与前一个警告相关的符号位置)
c:\inetpub\wwwroot\LearnSite\App_Data\Temp\root\63743304\f306749f\App_Web_n1mp_bw2.19.cs(183,46): warning CS0108: “ASP.teacher_txtformshow_aspx.ApplicationInstance”隐藏了继承的成员“Teacher_txtformshow.ApplicationInstance”。如果是有意隐藏，请使用关键字 new。
c:\inetpub\wwwroot\LearnSite\App_Data\Temp\root\63743304\f306749f\assembly\dl3\61e7a036\0011bc37_ef7ddc01\LearnSite.DLL: (与前一个警告相关的符号位置)
c:\inetpub\wwwroot\LearnSite\App_Data\Temp\root\63743304\f306749f\App_Web_n1mp_bw2.1.cs(227,53): warning CS0108: “ASP.teacher_kitymindshow_aspx.Profile”隐藏了继承的成员“teacher_kitymindshow.Profile”。如果是有意隐藏，请使用关键字 new。
c:\inetpub\wwwroot\LearnSite\App_Data\Temp\root\63743304\f306749f\assembly\dl3\61e7a036\0011bc37_ef7ddc01\LearnSite.DLL: (与前一个警告相关的符号位置)
c:\inetpub\wwwroot\LearnSite\App_Data\Temp\root\63743304\f306749f\App_Web_n1mp_bw2.1.cs(233,46): warning CS0108: “ASP.teacher_kitymindshow_aspx.ApplicationInstance”隐藏了继承的成员“teacher_kitymindshow.ApplicationInstance”。如果是有意隐藏，请使用关键字 new。
c:\inetpub\wwwroot\LearnSite\App_Data\Temp\root\63743304\f306749f\assembly\dl3\61e7a036\0011bc37_ef7ddc01\LearnSite.DLL: (与前一个警告相关的符号位置)
c:\inetpub\wwwroot\LearnSite\App_Data\Temp\root\63743304\f306749f\App_Web_n1mp_bw2.8.cs(135,53): warning CS0108: “ASP.teacher_studentworks_aspx.Profile”隐藏了继承的成员“Workshow_studentworks.Profile”。如果是有意隐藏，请使用关键字 new。
c:\inetpub\wwwroot\LearnSite\App_Data\Temp\root\63743304\f306749f\assembly\dl3\61e7a036\0011bc37_ef7ddc01\LearnSite.DLL: (与前一个警告相关的符号位置)
c:\inetpub\wwwroot\LearnSite\App_Data\Temp\root\63743304\f306749f\App_Web_n1mp_bw2.8.cs(141,46): warning CS0108: “ASP.teacher_studentworks_aspx.ApplicationInstance”隐藏了继承的成员“Workshow_studentworks.ApplicationInstance”。如果是有意隐藏，请使用关键字 new。
c:\inetpub\wwwroot\LearnSite\App_Data\Temp\root\63743304\f306749f\assembly\dl3\61e7a036\0011bc37_ef7ddc01\LearnSite.DLL: (与前一个警告相关的符号位置)
c:\inetpub\wwwroot\LearnSite\App_Data\Temp\root\63743304\f306749f\App_Web_n1mp_bw2.3.cs(135,53): warning CS0108: “ASP.teacher_sitelog_aspx.Profile”隐藏了继承的成员“Teacher_sitelog.Profile”。如果是有意隐藏，请使用关键字 new。
c:\inetpub\wwwroot\LearnSite\App_Data\Temp\root\63743304\f306749f\assembly\dl3\61e7a036\0011bc37_ef7ddc01\LearnSite.DLL: (与前一个警告相关的符号位置)
c:\inetpub\wwwroot\LearnSite\App_Data\Temp\root\63743304\f306749f\App_Web_n1mp_bw2.3.cs(141,46): warning CS0108: “ASP.teacher_sitelog_aspx.ApplicationInstance”隐藏了继承的成员“Teacher_sitelog.ApplicationInstance”。如果是有意隐藏，请使用关键字 new。
c:\inetpub\wwwroot\LearnSite\App_Data\Temp\root\63743304\f306749f\assembly\dl3\61e7a036\0011bc37_ef7ddc01\LearnSite.DLL: (与前一个警告相关的符号位置)
c:\inetpub\wwwroot\LearnSite\App_Data\Temp\root\63743304\f306749f\App_Web_n1mp_bw2.22.cs(135,53): warning CS0108: “ASP.teacher_delstudents_aspx.Profile”隐藏了继承的成员“Teacher_delstudents.Profile”。如果是有意隐藏，请使用关键字 new。
c:\inetpub\wwwroot\LearnSite\App_Data\Temp\root\63743304\f306749f\assembly\dl3\61e7a036\0011bc37_ef7ddc01\LearnSite.DLL: (与前一个警告相关的符号位置)
c:\inetpub\wwwroot\LearnSite\App_Data\Temp\root\63743304\f306749f\App_Web_n1mp_bw2.22.cs(141,46): warning CS0108: “ASP.teacher_delstudents_aspx.ApplicationInstance”隐藏了继承的成员“Teacher_delstudents.ApplicationInstance”。如果是有意隐藏，请使用关键字 new。
c:\inetpub\wwwroot\LearnSite\App_Data\Temp\root\63743304\f306749f\assembly\dl3\61e7a036\0011bc37_ef7ddc01\LearnSite.DLL: (与前一个警告相关的符号位置)
c:\inetpub\wwwroot\LearnSite\App_Data\Temp\root\63743304\f306749f\App_Web_n1mp_bw2.23.cs(135,53): warning CS0108: “ASP.teacher_workshow_aspx.Profile”隐藏了继承的成员“Teacher_workshow.Profile”。如果是有意隐藏，请使用关键字 new。
c:\inetpub\wwwroot\LearnSite\App_Data\Temp\root\63743304\f306749f\assembly\dl3\61e7a036\0011bc37_ef7ddc01\LearnSite.DLL: (与前一个警告相关的符号位置)
c:\inetpub\wwwroot\LearnSite\App_Data\Temp\root\63743304\f306749f\App_Web_n1mp_bw2.23.cs(141,46): warning CS0108: “ASP.teacher_workshow_aspx.ApplicationInstance”隐藏了继承的成员“Teacher_workshow.ApplicationInstance”。如果是有意隐藏，请使用关键字 new。
c:\inetpub\wwwroot\LearnSite\App_Data\Temp\root\63743304\f306749f\assembly\dl3\61e7a036\0011bc37_ef7ddc01\LearnSite.DLL: (与前一个警告相关的符号位置)
c:\inetpub\wwwroot\LearnSite\App_Data\Temp\root\63743304\f306749f\App_Web_n1mp_bw2.20.cs(135,53): warning CS0108: “ASP.teacher_softview_aspx.Profile”隐藏了继承的成员“Teacher_softview.Profile”。如果是有意隐藏，请使用关键字 new。
c:\inetpub\wwwroot\LearnSite\App_Data\Temp\root\63743304\f306749f\assembly\dl3\61e7a036\0011bc37_ef7ddc01\LearnSite.DLL: (与前一个警告相关的符号位置)
c:\inetpub\wwwroot\LearnSite\App_Data\Temp\root\63743304\f306749f\App_Web_n1mp_bw2.20.cs(141,46): warning CS0108: “ASP.teacher_softview_aspx.ApplicationInstance”隐藏了继承的成员“Teacher_softview.ApplicationInstance”。如果是有意隐藏，请使用关键字 new。
c:\inetpub\wwwroot\LearnSite\App_Data\Temp\root\63743304\f306749f\assembly\dl3\61e7a036\0011bc37_ef7ddc01\LearnSite.DLL: (与前一个警告相关的符号位置)
c:\inetpub\wwwroot\LearnSite\App_Data\Temp\root\63743304\f306749f\App_Web_n1mp_bw2.21.cs(135,53): warning CS0108: “ASP.teacher_htmledit_aspx.Profile”隐藏了继承的成员“teacher_htmledit.Profile”。如果是有意隐藏，请使用关键字 new。
c:\inetpub\wwwroot\LearnSite\App_Data\Temp\root\63743304\f306749f\assembly\dl3\61e7a036\0011bc37_ef7ddc01\LearnSite.DLL: (与前一个警告相关的符号位置)
c:\inetpub\wwwroot\LearnSite\App_Data\Temp\root\63743304\f306749f\App_Web_n1mp_bw2.21.cs(141,46): warning CS0108: “ASP.teacher_htmledit_aspx.ApplicationInstance”隐藏了继承的成员“teacher_htmledit.ApplicationInstance”。如果是有意隐藏，请使用关键字 new。
c:\inetpub\wwwroot\LearnSite\App_Data\Temp\root\63743304\f306749f\assembly\dl3\61e7a036\0011bc37_ef7ddc01\LearnSite.DLL: (与前一个警告相关的符号位置)
c:\inetpub\wwwroot\LearnSite\App_Data\Temp\root\63743304\f306749f\App_Web_n1mp_bw2.5.cs(135,53): warning CS0108: “ASP.teacher_consoleadd_aspx.Profile”隐藏了继承的成员“Teacher_consoleadd.Profile”。如果是有意隐藏，请使用关键字 new。
c:\inetpub\wwwroot\LearnSite\App_Data\Temp\root\63743304\f306749f\assembly\dl3\61e7a036\0011bc37_ef7ddc01\LearnSite.DLL: (与前一个警告相关的符号位置)
c:\inetpub\wwwroot\LearnSite\App_Data\Temp\root\63743304\f306749f\App_Web_n1mp_bw2.5.cs(141,46): warning CS0108: “ASP.teacher_consoleadd_aspx.ApplicationInstance”隐藏了继承的成员“Teacher_consoleadd.ApplicationInstance”。如果是有意隐藏，请使用关键字 new。
c:\inetpub\wwwroot\LearnSite\App_Data\Temp\root\63743304\f306749f\assembly\dl3\61e7a036\0011bc37_ef7ddc01\LearnSite.DLL: (与前一个警告相关的符号位置)
c:\inetpub\wwwroot\LearnSite\App_Data\Temp\root\63743304\f306749f\App_Web_n1mp_bw2.0.cs(135,53): warning CS0108: “ASP.teacher_package_aspx.Profile”隐藏了继承的成员“Teacher_package.Profile”。如果是有意隐藏，请使用关键字 new。
c:\inetpub\wwwroot\LearnSite\App_Data\Temp\root\63743304\f306749f\assembly\dl3\61e7a036\0011bc37_ef7ddc01\LearnSite.DLL: (与前一个警告相关的符号位置)
c:\inetpub\wwwroot\LearnSite\App_Data\Temp\root\63743304\f306749f\App_Web_n1mp_bw2.0.cs(141,46): warning CS0108: “ASP.teacher_package_aspx.ApplicationInstance”隐藏了继承的成员“Teacher_package.ApplicationInstance”。如果是有意隐藏，请使用关键字 new。
c:\inetpub\wwwroot\LearnSite\App_Data\Temp\root\63743304\f306749f\assembly\dl3\61e7a036\0011bc37_ef7ddc01\LearnSite.DLL: (与前一个警告相关的符号位置)
c:\inetpub\wwwroot\LearnSite\App_Data\Temp\root\63743304\f306749f\App_Web_n1mp_bw2.7.cs(135,53): warning CS0108: “ASP.teacher_grouping_aspx.Profile”隐藏了继承的成员“Teacher_grouping.Profile”。如果是有意隐藏，请使用关键字 new。
c:\inetpub\wwwroot\LearnSite\App_Data\Temp\root\63743304\f306749f\assembly\dl3\61e7a036\0011bc37_ef7ddc01\LearnSite.DLL: (与前一个警告相关的符号位置)
c:\inetpub\wwwroot\LearnSite\App_Data\Temp\root\63743304\f306749f\App_Web_n1mp_bw2.7.cs(141,46): warning CS0108: “ASP.teacher_grouping_aspx.ApplicationInstance”隐藏了继承的成员“Teacher_grouping.ApplicationInstance”。如果是有意隐藏，请使用关键字 new。
c:\inetpub\wwwroot\LearnSite\App_Data\Temp\root\63743304\f306749f\assembly\dl3\61e7a036\0011bc37_ef7ddc01\LearnSite.DLL: (与前一个警告相关的符号位置)
c:\inetpub\wwwroot\LearnSite\App_Data\Temp\root\63743304\f306749f\App_Web_n1mp_bw2.2.cs(135,53): warning CS0108: “ASP.teacher_infomation_aspx.Profile”隐藏了继承的成员“Teacher_infomation.Profile”。如果是有意隐藏，请使用关键字 new。
c:\inetpub\wwwroot\LearnSite\App_Data\Temp\root\63743304\f306749f\assembly\dl3\61e7a036\0011bc37_ef7ddc01\LearnSite.DLL: (与前一个警告相关的符号位置)
c:\inetpub\wwwroot\LearnSite\App_Data\Temp\root\63743304\f306749f\App_Web_n1mp_bw2.2.cs(141,46): warning CS0108: “ASP.teacher_infomation_aspx.ApplicationInstance”隐藏了继承的成员“Teacher_infomation.ApplicationInstance”。如果是有意隐藏，请使用关键字 new。
c:\inetpub\wwwroot\LearnSite\App_Data\Temp\root\63743304\f306749f\assembly\dl3\61e7a036\0011bc37_ef7ddc01\LearnSite.DLL: (与前一个警告相关的符号位置)
