C:\Windows\SysWOW64\inetsrv> "C:\Windows\Microsoft.NET\Framework\v2.0.50727\csc.exe" /t:library /utf8output /R:"C:\inetpub\wwwroot\LearnSite\App_Data\Temp\root\325908fa\e276bbf7\assembly\dl3\7d0c22b2\0004936e_e323ce01\SimplePsd.DLL" /R:"C:\inetpub\wwwroot\LearnSite\App_Data\Temp\root\325908fa\e276bbf7\assembly\dl3\39a80ea2\f8a40d15_4a69cd01\NPinyin.DLL" /R:"C:\Windows\assembly\GAC_MSIL\System.Runtime.Serialization\3.0.0.0__b77a5c561934e089\System.Runtime.Serialization.dll" /R:"C:\inetpub\wwwroot\LearnSite\App_Data\Temp\root\325908fa\e276bbf7\assembly\dl3\ce1ff304\c0a622b0_db91cf01\NPOI.OOXML.DLL" /R:"C:\inetpub\wwwroot\LearnSite\App_Data\Temp\root\325908fa\e276bbf7\assembly\dl3\a42604fa\009cd9e5_624ac301\log4net.DLL" /R:"C:\inetpub\wwwroot\LearnSite\App_Data\Temp\root\325908fa\e276bbf7\assembly\dl3\226c1566\417e5aae_0e4dd701\mxgraph.DLL" /R:"C:\inetpub\wwwroot\LearnSite\App_Data\Temp\root\325908fa\e276bbf7\App_Web_v0nriqn2.dll" /R:"C:\inetpub\wwwroot\LearnSite\App_Data\Temp\root\325908fa\e276bbf7\App_Web_-zswrc2l.dll" /R:"C:\Windows\assembly\GAC_MSIL\System\2.0.0.0__b77a5c561934e089\System.dll" /R:"C:\inetpub\wwwroot\LearnSite\App_Data\Temp\root\325908fa\e276bbf7\assembly\dl3\86fd1a1e\00694688_5596d501\Newtonsoft.Json.DLL" /R:"C:\Windows\assembly\GAC_32\System.Web\2.0.0.0__b03f5f7f11d50a3a\System.Web.dll" /R:"C:\inetpub\wwwroot\LearnSite\App_Data\Temp\root\325908fa\e276bbf7\assembly\dl3\54295343\0036a627_973ace01\MailLog.DLL" /R:"C:\inetpub\wwwroot\LearnSite\App_Data\Temp\root\325908fa\e276bbf7\assembly\dl3\06b01f53\00bbafb3_68fbcb01\Anthem.DLL" /R:"C:\Windows\assembly\GAC_MSIL\System.Configuration\2.0.0.0__b03f5f7f11d50a3a\System.Configuration.dll" /R:"C:\Windows\assembly\GAC_MSIL\System.IdentityModel\3.0.0.0__b77a5c561934e089\System.IdentityModel.dll" /R:"C:\Windows\assembly\GAC_MSIL\System.ServiceModel\3.0.0.0__b77a5c561934e089\System.ServiceModel.dll" /R:"C:\Windows\Microsoft.NET\Framework\v2.0.50727\mscorlib.dll" /R:"C:\inetpub\wwwroot\LearnSite\App_Data\Temp\root\325908fa\e276bbf7\assembly\dl3\ccf97435\b0d9f471_c690cf01\NPOI.DLL" /R:"C:\Windows\assembly\GAC_32\System.EnterpriseServices\2.0.0.0__b03f5f7f11d50a3a\System.EnterpriseServices.dll" /R:"C:\Windows\assembly\GAC_MSIL\System.WorkflowServices\3.5.0.0__31bf3856ad364e35\System.WorkflowServices.dll" /R:"C:\Windows\assembly\GAC_MSIL\System.Drawing\2.0.0.0__b03f5f7f11d50a3a\System.Drawing.dll" /R:"C:\inetpub\wwwroot\LearnSite\App_Data\Temp\root\325908fa\e276bbf7\assembly\dl3\56a5cb0a\00439c98_ce5ec701\zlib.net.DLL" /R:"C:\inetpub\wwwroot\LearnSite\App_Data\Temp\root\325908fa\e276bbf7\assembly\dl3\bb0f3a07\73583237_ef7ddc01\LearnSite.DLL" /R:"C:\inetpub\wwwroot\LearnSite\App_Data\Temp\root\325908fa\e276bbf7\assembly\dl3\0dc983cb\0071b915_d746cd01\LitJSON.DLL" /R:"C:\Windows\assembly\GAC_32\System.Data\2.0.0.0__b77a5c561934e089\System.Data.dll" /R:"C:\inetpub\wwwroot\LearnSite\App_Data\Temp\root\325908fa\e276bbf7\assembly\dl3\840374c6\103a5ba8_db91cf01\NPOI.OpenXmlFormats.DLL" /R:"C:\Windows\assembly\GAC_MSIL\System.Web.Services\2.0.0.0__b03f5f7f11d50a3a\System.Web.Services.dll" /R:"C:\inetpub\wwwroot\LearnSite\App_Data\Temp\root\325908fa\e276bbf7\assembly\dl3\b75f6f8e\2c1975dd_c23ccf01\ICSharpCode.SharpZipLib.DLL" /R:"C:\inetpub\wwwroot\LearnSite\App_Data\Temp\root\325908fa\e276bbf7\assembly\dl3\b8ce1351\30b7c898_db91cf01\NPOI.OpenXml4Net.DLL" /R:"C:\inetpub\wwwroot\LearnSite\App_Data\Temp\root\325908fa\e276bbf7\assembly\dl3\3e3ef6fc\000cf6d8_6b03cd01\SwfDotNet.IO.DLL" /R:"C:\Windows\assembly\GAC_MSIL\System.ServiceModel.Web\3.5.0.0__31bf3856ad364e35\System.ServiceModel.Web.dll" /R:"C:\Windows\assembly\GAC_MSIL\System.Xml\2.0.0.0__b77a5c561934e089\System.Xml.dll" /R:"C:\Windows\assembly\GAC_MSIL\System.Web.Mobile\2.0.0.0__b03f5f7f11d50a3a\System.Web.Mobile.dll" /out:"C:\inetpub\wwwroot\LearnSite\App_Data\Temp\root\325908fa\e276bbf7\App_Web_76umg_2i.dll" /D:DEBUG /debug+ /optimize- /win32res:"C:\inetpub\wwwroot\LearnSite\App_Data\Temp\root\325908fa\e276bbf7\76umg_2i.res" /w:4 /nowarn:1659;1699;1701  "C:\inetpub\wwwroot\LearnSite\App_Data\Temp\root\325908fa\e276bbf7\App_Web_76umg_2i.2.cs" "C:\inetpub\wwwroot\LearnSite\App_Data\Temp\root\325908fa\e276bbf7\App_Web_76umg_2i.8.cs" "C:\inetpub\wwwroot\LearnSite\App_Data\Temp\root\325908fa\e276bbf7\App_Web_76umg_2i.0.cs" "C:\inetpub\wwwroot\LearnSite\App_Data\Temp\root\325908fa\e276bbf7\App_Web_76umg_2i.6.cs" "C:\inetpub\wwwroot\LearnSite\App_Data\Temp\root\325908fa\e276bbf7\App_Web_76umg_2i.5.cs" "C:\inetpub\wwwroot\LearnSite\App_Data\Temp\root\325908fa\e276bbf7\App_Web_76umg_2i.16.cs" "C:\inetpub\wwwroot\LearnSite\App_Data\Temp\root\325908fa\e276bbf7\App_Web_76umg_2i.17.cs" "C:\inetpub\wwwroot\LearnSite\App_Data\Temp\root\325908fa\e276bbf7\App_Web_76umg_2i.10.cs" "C:\inetpub\wwwroot\LearnSite\App_Data\Temp\root\325908fa\e276bbf7\App_Web_76umg_2i.3.cs" "C:\inetpub\wwwroot\LearnSite\App_Data\Temp\root\325908fa\e276bbf7\App_Web_76umg_2i.14.cs" "C:\inetpub\wwwroot\LearnSite\App_Data\Temp\root\325908fa\e276bbf7\App_Web_76umg_2i.15.cs" "C:\inetpub\wwwroot\LearnSite\App_Data\Temp\root\325908fa\e276bbf7\App_Web_76umg_2i.12.cs" "C:\inetpub\wwwroot\LearnSite\App_Data\Temp\root\325908fa\e276bbf7\App_Web_76umg_2i.13.cs" "C:\inetpub\wwwroot\LearnSite\App_Data\Temp\root\325908fa\e276bbf7\App_Web_76umg_2i.9.cs" "C:\inetpub\wwwroot\LearnSite\App_Data\Temp\root\325908fa\e276bbf7\App_Web_76umg_2i.11.cs" "C:\inetpub\wwwroot\LearnSite\App_Data\Temp\root\325908fa\e276bbf7\App_Web_76umg_2i.1.cs" "C:\inetpub\wwwroot\LearnSite\App_Data\Temp\root\325908fa\e276bbf7\App_Web_76umg_2i.7.cs" "C:\inetpub\wwwroot\LearnSite\App_Data\Temp\root\325908fa\e276bbf7\App_Web_76umg_2i.18.cs" "C:\inetpub\wwwroot\LearnSite\App_Data\Temp\root\325908fa\e276bbf7\App_Web_76umg_2i.4.cs"


Microsoft (R) Visual C# 2005 编译器 版本 8.00.50727.9031
用于 Microsoft (R) Windows (R) 2005 Framework 版本 2.0.50727
版权所有(C) Microsoft Corporation 2001-2005。保留所有权利。

c:\inetpub\wwwroot\LearnSite\App_Data\Temp\root\325908fa\e276bbf7\App_Web_76umg_2i.2.cs(135,53): warning CS0108: “ASP.student_mycourse_aspx.Profile”隐藏了继承的成员“Student_mycourse.Profile”。如果是有意隐藏，请使用关键字 new。
c:\inetpub\wwwroot\LearnSite\App_Data\Temp\root\325908fa\e276bbf7\assembly\dl3\bb0f3a07\73583237_ef7ddc01\LearnSite.DLL: (与前一个警告相关的符号位置)
c:\inetpub\wwwroot\LearnSite\App_Data\Temp\root\325908fa\e276bbf7\App_Web_76umg_2i.2.cs(141,46): warning CS0108: “ASP.student_mycourse_aspx.ApplicationInstance”隐藏了继承的成员“Student_mycourse.ApplicationInstance”。如果是有意隐藏，请使用关键字 new。
c:\inetpub\wwwroot\LearnSite\App_Data\Temp\root\325908fa\e276bbf7\assembly\dl3\bb0f3a07\73583237_ef7ddc01\LearnSite.DLL: (与前一个警告相关的符号位置)
c:\inetpub\wwwroot\LearnSite\App_Data\Temp\root\325908fa\e276bbf7\App_Web_76umg_2i.8.cs(135,53): warning CS0108: “ASP.student_showmission_aspx.Profile”隐藏了继承的成员“Student_showmission.Profile”。如果是有意隐藏，请使用关键字 new。
c:\inetpub\wwwroot\LearnSite\App_Data\Temp\root\325908fa\e276bbf7\assembly\dl3\bb0f3a07\73583237_ef7ddc01\LearnSite.DLL: (与前一个警告相关的符号位置)
c:\inetpub\wwwroot\LearnSite\App_Data\Temp\root\325908fa\e276bbf7\App_Web_76umg_2i.8.cs(141,46): warning CS0108: “ASP.student_showmission_aspx.ApplicationInstance”隐藏了继承的成员“Student_showmission.ApplicationInstance”。如果是有意隐藏，请使用关键字 new。
c:\inetpub\wwwroot\LearnSite\App_Data\Temp\root\325908fa\e276bbf7\assembly\dl3\bb0f3a07\73583237_ef7ddc01\LearnSite.DLL: (与前一个警告相关的符号位置)
c:\inetpub\wwwroot\LearnSite\App_Data\Temp\root\325908fa\e276bbf7\App_Web_76umg_2i.0.cs(135,53): warning CS0108: “ASP.student_quizstart_aspx.Profile”隐藏了继承的成员“Student_quizstart.Profile”。如果是有意隐藏，请使用关键字 new。
c:\inetpub\wwwroot\LearnSite\App_Data\Temp\root\325908fa\e276bbf7\assembly\dl3\bb0f3a07\73583237_ef7ddc01\LearnSite.DLL: (与前一个警告相关的符号位置)
c:\inetpub\wwwroot\LearnSite\App_Data\Temp\root\325908fa\e276bbf7\App_Web_76umg_2i.0.cs(141,46): warning CS0108: “ASP.student_quizstart_aspx.ApplicationInstance”隐藏了继承的成员“Student_quizstart.ApplicationInstance”。如果是有意隐藏，请使用关键字 new。
c:\inetpub\wwwroot\LearnSite\App_Data\Temp\root\325908fa\e276bbf7\assembly\dl3\bb0f3a07\73583237_ef7ddc01\LearnSite.DLL: (与前一个警告相关的符号位置)
c:\inetpub\wwwroot\LearnSite\App_Data\Temp\root\325908fa\e276bbf7\App_Web_76umg_2i.6.cs(135,53): warning CS0108: “ASP.student_ware_aspx.Profile”隐藏了继承的成员“Student_ware.Profile”。如果是有意隐藏，请使用关键字 new。
c:\inetpub\wwwroot\LearnSite\App_Data\Temp\root\325908fa\e276bbf7\assembly\dl3\bb0f3a07\73583237_ef7ddc01\LearnSite.DLL: (与前一个警告相关的符号位置)
c:\inetpub\wwwroot\LearnSite\App_Data\Temp\root\325908fa\e276bbf7\App_Web_76umg_2i.6.cs(141,46): warning CS0108: “ASP.student_ware_aspx.ApplicationInstance”隐藏了继承的成员“Student_ware.ApplicationInstance”。如果是有意隐藏，请使用关键字 new。
c:\inetpub\wwwroot\LearnSite\App_Data\Temp\root\325908fa\e276bbf7\assembly\dl3\bb0f3a07\73583237_ef7ddc01\LearnSite.DLL: (与前一个警告相关的符号位置)
c:\inetpub\wwwroot\LearnSite\App_Data\Temp\root\325908fa\e276bbf7\App_Web_76umg_2i.5.cs(135,53): warning CS0108: “ASP.student_showtask_aspx.Profile”隐藏了继承的成员“Student_showtask.Profile”。如果是有意隐藏，请使用关键字 new。
c:\inetpub\wwwroot\LearnSite\App_Data\Temp\root\325908fa\e276bbf7\assembly\dl3\bb0f3a07\73583237_ef7ddc01\LearnSite.DLL: (与前一个警告相关的符号位置)
c:\inetpub\wwwroot\LearnSite\App_Data\Temp\root\325908fa\e276bbf7\App_Web_76umg_2i.5.cs(141,46): warning CS0108: “ASP.student_showtask_aspx.ApplicationInstance”隐藏了继承的成员“Student_showtask.ApplicationInstance”。如果是有意隐藏，请使用关键字 new。
c:\inetpub\wwwroot\LearnSite\App_Data\Temp\root\325908fa\e276bbf7\assembly\dl3\bb0f3a07\73583237_ef7ddc01\LearnSite.DLL: (与前一个警告相关的符号位置)
c:\inetpub\wwwroot\LearnSite\App_Data\Temp\root\325908fa\e276bbf7\App_Web_76umg_2i.16.cs(141,53): warning CS0108: “ASP.student_mysurvey_aspx.Profile”隐藏了继承的成员“Student_mysurvey.Profile”。如果是有意隐藏，请使用关键字 new。
c:\inetpub\wwwroot\LearnSite\App_Data\Temp\root\325908fa\e276bbf7\assembly\dl3\bb0f3a07\73583237_ef7ddc01\LearnSite.DLL: (与前一个警告相关的符号位置)
c:\inetpub\wwwroot\LearnSite\App_Data\Temp\root\325908fa\e276bbf7\App_Web_76umg_2i.16.cs(147,46): warning CS0108: “ASP.student_mysurvey_aspx.ApplicationInstance”隐藏了继承的成员“Student_mysurvey.ApplicationInstance”。如果是有意隐藏，请使用关键字 new。
c:\inetpub\wwwroot\LearnSite\App_Data\Temp\root\325908fa\e276bbf7\assembly\dl3\bb0f3a07\73583237_ef7ddc01\LearnSite.DLL: (与前一个警告相关的符号位置)
c:\inetpub\wwwroot\LearnSite\App_Data\Temp\root\325908fa\e276bbf7\App_Web_76umg_2i.17.cs(141,53): warning CS0108: “ASP.student_topicdiscuss_aspx.Profile”隐藏了继承的成员“Student_topicdiscuss.Profile”。如果是有意隐藏，请使用关键字 new。
c:\inetpub\wwwroot\LearnSite\App_Data\Temp\root\325908fa\e276bbf7\assembly\dl3\bb0f3a07\73583237_ef7ddc01\LearnSite.DLL: (与前一个警告相关的符号位置)
c:\inetpub\wwwroot\LearnSite\App_Data\Temp\root\325908fa\e276bbf7\App_Web_76umg_2i.17.cs(147,46): warning CS0108: “ASP.student_topicdiscuss_aspx.ApplicationInstance”隐藏了继承的成员“Student_topicdiscuss.ApplicationInstance”。如果是有意隐藏，请使用关键字 new。
c:\inetpub\wwwroot\LearnSite\App_Data\Temp\root\325908fa\e276bbf7\assembly\dl3\bb0f3a07\73583237_ef7ddc01\LearnSite.DLL: (与前一个警告相关的符号位置)
c:\inetpub\wwwroot\LearnSite\App_Data\Temp\root\325908fa\e276bbf7\App_Web_76umg_2i.10.cs(135,53): warning CS0108: “ASP.student_myexam_aspx.Profile”隐藏了继承的成员“student_myexam.Profile”。如果是有意隐藏，请使用关键字 new。
c:\inetpub\wwwroot\LearnSite\App_Data\Temp\root\325908fa\e276bbf7\assembly\dl3\bb0f3a07\73583237_ef7ddc01\LearnSite.DLL: (与前一个警告相关的符号位置)
c:\inetpub\wwwroot\LearnSite\App_Data\Temp\root\325908fa\e276bbf7\App_Web_76umg_2i.10.cs(141,46): warning CS0108: “ASP.student_myexam_aspx.ApplicationInstance”隐藏了继承的成员“student_myexam.ApplicationInstance”。如果是有意隐藏，请使用关键字 new。
c:\inetpub\wwwroot\LearnSite\App_Data\Temp\root\325908fa\e276bbf7\assembly\dl3\bb0f3a07\73583237_ef7ddc01\LearnSite.DLL: (与前一个警告相关的符号位置)
c:\inetpub\wwwroot\LearnSite\App_Data\Temp\root\325908fa\e276bbf7\App_Web_76umg_2i.3.cs(135,53): warning CS0108: “ASP.student_alltyper_aspx.Profile”隐藏了继承的成员“Student_alltyper.Profile”。如果是有意隐藏，请使用关键字 new。
c:\inetpub\wwwroot\LearnSite\App_Data\Temp\root\325908fa\e276bbf7\assembly\dl3\bb0f3a07\73583237_ef7ddc01\LearnSite.DLL: (与前一个警告相关的符号位置)
c:\inetpub\wwwroot\LearnSite\App_Data\Temp\root\325908fa\e276bbf7\App_Web_76umg_2i.3.cs(141,46): warning CS0108: “ASP.student_alltyper_aspx.ApplicationInstance”隐藏了继承的成员“Student_alltyper.ApplicationInstance”。如果是有意隐藏，请使用关键字 new。
c:\inetpub\wwwroot\LearnSite\App_Data\Temp\root\325908fa\e276bbf7\assembly\dl3\bb0f3a07\73583237_ef7ddc01\LearnSite.DLL: (与前一个警告相关的符号位置)
c:\inetpub\wwwroot\LearnSite\App_Data\Temp\root\325908fa\e276bbf7\App_Web_76umg_2i.14.cs(135,53): warning CS0108: “ASP.student_summaryedit_aspx.Profile”隐藏了继承的成员“Student_summaryedit.Profile”。如果是有意隐藏，请使用关键字 new。
c:\inetpub\wwwroot\LearnSite\App_Data\Temp\root\325908fa\e276bbf7\assembly\dl3\bb0f3a07\73583237_ef7ddc01\LearnSite.DLL: (与前一个警告相关的符号位置)
c:\inetpub\wwwroot\LearnSite\App_Data\Temp\root\325908fa\e276bbf7\App_Web_76umg_2i.14.cs(141,46): warning CS0108: “ASP.student_summaryedit_aspx.ApplicationInstance”隐藏了继承的成员“Student_summaryedit.ApplicationInstance”。如果是有意隐藏，请使用关键字 new。
c:\inetpub\wwwroot\LearnSite\App_Data\Temp\root\325908fa\e276bbf7\assembly\dl3\bb0f3a07\73583237_ef7ddc01\LearnSite.DLL: (与前一个警告相关的符号位置)
c:\inetpub\wwwroot\LearnSite\App_Data\Temp\root\325908fa\e276bbf7\App_Web_76umg_2i.15.cs(135,53): warning CS0108: “ASP.student_myquiz_aspx.Profile”隐藏了继承的成员“Student_myquiz.Profile”。如果是有意隐藏，请使用关键字 new。
c:\inetpub\wwwroot\LearnSite\App_Data\Temp\root\325908fa\e276bbf7\assembly\dl3\bb0f3a07\73583237_ef7ddc01\LearnSite.DLL: (与前一个警告相关的符号位置)
c:\inetpub\wwwroot\LearnSite\App_Data\Temp\root\325908fa\e276bbf7\App_Web_76umg_2i.15.cs(141,46): warning CS0108: “ASP.student_myquiz_aspx.ApplicationInstance”隐藏了继承的成员“Student_myquiz.ApplicationInstance”。如果是有意隐藏，请使用关键字 new。
c:\inetpub\wwwroot\LearnSite\App_Data\Temp\root\325908fa\e276bbf7\assembly\dl3\bb0f3a07\73583237_ef7ddc01\LearnSite.DLL: (与前一个警告相关的符号位置)
c:\inetpub\wwwroot\LearnSite\App_Data\Temp\root\325908fa\e276bbf7\App_Web_76umg_2i.12.cs(135,53): warning CS0108: “ASP.student_masterwork_aspx.Profile”隐藏了继承的成员“Student_masterwork.Profile”。如果是有意隐藏，请使用关键字 new。
c:\inetpub\wwwroot\LearnSite\App_Data\Temp\root\325908fa\e276bbf7\assembly\dl3\bb0f3a07\73583237_ef7ddc01\LearnSite.DLL: (与前一个警告相关的符号位置)
c:\inetpub\wwwroot\LearnSite\App_Data\Temp\root\325908fa\e276bbf7\App_Web_76umg_2i.12.cs(141,46): warning CS0108: “ASP.student_masterwork_aspx.ApplicationInstance”隐藏了继承的成员“Student_masterwork.ApplicationInstance”。如果是有意隐藏，请使用关键字 new。
c:\inetpub\wwwroot\LearnSite\App_Data\Temp\root\325908fa\e276bbf7\assembly\dl3\bb0f3a07\73583237_ef7ddc01\LearnSite.DLL: (与前一个警告相关的符号位置)
c:\inetpub\wwwroot\LearnSite\App_Data\Temp\root\325908fa\e276bbf7\App_Web_76umg_2i.13.cs(135,53): warning CS0108: “ASP.student_txtform_aspx.Profile”隐藏了继承的成员“Student_txtform.Profile”。如果是有意隐藏，请使用关键字 new。
c:\inetpub\wwwroot\LearnSite\App_Data\Temp\root\325908fa\e276bbf7\assembly\dl3\bb0f3a07\73583237_ef7ddc01\LearnSite.DLL: (与前一个警告相关的符号位置)
c:\inetpub\wwwroot\LearnSite\App_Data\Temp\root\325908fa\e276bbf7\App_Web_76umg_2i.13.cs(141,46): warning CS0108: “ASP.student_txtform_aspx.ApplicationInstance”隐藏了继承的成员“Student_txtform.ApplicationInstance”。如果是有意隐藏，请使用关键字 new。
c:\inetpub\wwwroot\LearnSite\App_Data\Temp\root\325908fa\e276bbf7\assembly\dl3\bb0f3a07\73583237_ef7ddc01\LearnSite.DLL: (与前一个警告相关的符号位置)
c:\inetpub\wwwroot\LearnSite\App_Data\Temp\root\325908fa\e276bbf7\App_Web_76umg_2i.9.cs(135,53): warning CS0108: “ASP.student_mywork_aspx.Profile”隐藏了继承的成员“Student_mywork.Profile”。如果是有意隐藏，请使用关键字 new。
c:\inetpub\wwwroot\LearnSite\App_Data\Temp\root\325908fa\e276bbf7\assembly\dl3\bb0f3a07\73583237_ef7ddc01\LearnSite.DLL: (与前一个警告相关的符号位置)
c:\inetpub\wwwroot\LearnSite\App_Data\Temp\root\325908fa\e276bbf7\App_Web_76umg_2i.9.cs(141,46): warning CS0108: “ASP.student_mywork_aspx.ApplicationInstance”隐藏了继承的成员“Student_mywork.ApplicationInstance”。如果是有意隐藏，请使用关键字 new。
c:\inetpub\wwwroot\LearnSite\App_Data\Temp\root\325908fa\e276bbf7\assembly\dl3\bb0f3a07\73583237_ef7ddc01\LearnSite.DLL: (与前一个警告相关的符号位置)
c:\inetpub\wwwroot\LearnSite\App_Data\Temp\root\325908fa\e276bbf7\App_Web_76umg_2i.11.cs(135,53): warning CS0108: “ASP.student_summary_aspx.Profile”隐藏了继承的成员“Student_summary.Profile”。如果是有意隐藏，请使用关键字 new。
c:\inetpub\wwwroot\LearnSite\App_Data\Temp\root\325908fa\e276bbf7\assembly\dl3\bb0f3a07\73583237_ef7ddc01\LearnSite.DLL: (与前一个警告相关的符号位置)
c:\inetpub\wwwroot\LearnSite\App_Data\Temp\root\325908fa\e276bbf7\App_Web_76umg_2i.11.cs(141,46): warning CS0108: “ASP.student_summary_aspx.ApplicationInstance”隐藏了继承的成员“Student_summary.ApplicationInstance”。如果是有意隐藏，请使用关键字 new。
c:\inetpub\wwwroot\LearnSite\App_Data\Temp\root\325908fa\e276bbf7\assembly\dl3\bb0f3a07\73583237_ef7ddc01\LearnSite.DLL: (与前一个警告相关的符号位置)
c:\inetpub\wwwroot\LearnSite\App_Data\Temp\root\325908fa\e276bbf7\App_Web_76umg_2i.1.cs(135,53): warning CS0108: “ASP.student_allfinger_aspx.Profile”隐藏了继承的成员“Student_allfinger.Profile”。如果是有意隐藏，请使用关键字 new。
c:\inetpub\wwwroot\LearnSite\App_Data\Temp\root\325908fa\e276bbf7\assembly\dl3\bb0f3a07\73583237_ef7ddc01\LearnSite.DLL: (与前一个警告相关的符号位置)
c:\inetpub\wwwroot\LearnSite\App_Data\Temp\root\325908fa\e276bbf7\App_Web_76umg_2i.1.cs(141,46): warning CS0108: “ASP.student_allfinger_aspx.ApplicationInstance”隐藏了继承的成员“Student_allfinger.ApplicationInstance”。如果是有意隐藏，请使用关键字 new。
c:\inetpub\wwwroot\LearnSite\App_Data\Temp\root\325908fa\e276bbf7\assembly\dl3\bb0f3a07\73583237_ef7ddc01\LearnSite.DLL: (与前一个警告相关的符号位置)
c:\inetpub\wwwroot\LearnSite\App_Data\Temp\root\325908fa\e276bbf7\App_Web_76umg_2i.7.cs(135,53): warning CS0108: “ASP.student_showcourse_aspx.Profile”隐藏了继承的成员“Student_showcourse.Profile”。如果是有意隐藏，请使用关键字 new。
c:\inetpub\wwwroot\LearnSite\App_Data\Temp\root\325908fa\e276bbf7\assembly\dl3\bb0f3a07\73583237_ef7ddc01\LearnSite.DLL: (与前一个警告相关的符号位置)
c:\inetpub\wwwroot\LearnSite\App_Data\Temp\root\325908fa\e276bbf7\App_Web_76umg_2i.7.cs(141,46): warning CS0108: “ASP.student_showcourse_aspx.ApplicationInstance”隐藏了继承的成员“Student_showcourse.ApplicationInstance”。如果是有意隐藏，请使用关键字 new。
c:\inetpub\wwwroot\LearnSite\App_Data\Temp\root\325908fa\e276bbf7\assembly\dl3\bb0f3a07\73583237_ef7ddc01\LearnSite.DLL: (与前一个警告相关的符号位置)
c:\inetpub\wwwroot\LearnSite\App_Data\Temp\root\325908fa\e276bbf7\App_Web_76umg_2i.4.cs(135,53): warning CS0108: “ASP.student_mytype_aspx.Profile”隐藏了继承的成员“Student_mytype.Profile”。如果是有意隐藏，请使用关键字 new。
c:\inetpub\wwwroot\LearnSite\App_Data\Temp\root\325908fa\e276bbf7\assembly\dl3\bb0f3a07\73583237_ef7ddc01\LearnSite.DLL: (与前一个警告相关的符号位置)
c:\inetpub\wwwroot\LearnSite\App_Data\Temp\root\325908fa\e276bbf7\App_Web_76umg_2i.4.cs(141,46): warning CS0108: “ASP.student_mytype_aspx.ApplicationInstance”隐藏了继承的成员“Student_mytype.ApplicationInstance”。如果是有意隐藏，请使用关键字 new。
c:\inetpub\wwwroot\LearnSite\App_Data\Temp\root\325908fa\e276bbf7\assembly\dl3\bb0f3a07\73583237_ef7ddc01\LearnSite.DLL: (与前一个警告相关的符号位置)
