C:\Windows\SysWOW64\inetsrv> "C:\Windows\Microsoft.NET\Framework\v2.0.50727\csc.exe" /t:library /utf8output /R:"C:\Windows\assembly\GAC_MSIL\System\2.0.0.0__b77a5c561934e089\System.dll" /R:"C:\inetpub\wwwroot\LearnSite\App_Data\Temp\root\325908fa\e276bbf7\assembly\dl3\7d0c22b2\0004936e_e323ce01\SimplePsd.DLL" /R:"C:\inetpub\wwwroot\LearnSite\App_Data\Temp\root\325908fa\e276bbf7\assembly\dl3\0dc983cb\0071b915_d746cd01\LitJSON.DLL" /R:"C:\inetpub\wwwroot\LearnSite\App_Data\Temp\root\325908fa\e276bbf7\assembly\dl3\86fd1a1e\00694688_5596d501\Newtonsoft.Json.DLL" /R:"C:\Windows\assembly\GAC_MSIL\System.Xml\2.0.0.0__b77a5c561934e089\System.Xml.dll" /R:"C:\inetpub\wwwroot\LearnSite\App_Data\Temp\root\325908fa\e276bbf7\assembly\dl3\06b01f53\00bbafb3_68fbcb01\Anthem.DLL" /R:"C:\Windows\assembly\GAC_MSIL\System.Web.Services\2.0.0.0__b03f5f7f11d50a3a\System.Web.Services.dll" /R:"C:\Windows\assembly\GAC_MSIL\System.Runtime.Serialization\3.0.0.0__b77a5c561934e089\System.Runtime.Serialization.dll" /R:"C:\Windows\assembly\GAC_32\System.Web\2.0.0.0__b03f5f7f11d50a3a\System.Web.dll" /R:"C:\inetpub\wwwroot\LearnSite\App_Data\Temp\root\325908fa\e276bbf7\assembly\dl3\b75f6f8e\2c1975dd_c23ccf01\ICSharpCode.SharpZipLib.DLL" /R:"C:\inetpub\wwwroot\LearnSite\App_Data\Temp\root\325908fa\e276bbf7\assembly\dl3\226c1566\417e5aae_0e4dd701\mxgraph.DLL" /R:"C:\Windows\assembly\GAC_MSIL\System.ServiceModel\3.0.0.0__b77a5c561934e089\System.ServiceModel.dll" /R:"C:\inetpub\wwwroot\LearnSite\App_Data\Temp\root\325908fa\e276bbf7\assembly\dl3\56a5cb0a\00439c98_ce5ec701\zlib.net.DLL" /R:"C:\inetpub\wwwroot\LearnSite\App_Data\Temp\root\325908fa\e276bbf7\assembly\dl3\a42604fa\009cd9e5_624ac301\log4net.DLL" /R:"C:\inetpub\wwwroot\LearnSite\App_Data\Temp\root\325908fa\e276bbf7\assembly\dl3\bb0f3a07\73583237_ef7ddc01\LearnSite.DLL" /R:"C:\inetpub\wwwroot\LearnSite\App_Data\Temp\root\325908fa\e276bbf7\App_Web_8fzq_xfe.dll" /R:"C:\inetpub\wwwroot\LearnSite\App_Data\Temp\root\325908fa\e276bbf7\assembly\dl3\ccf97435\b0d9f471_c690cf01\NPOI.DLL" /R:"C:\Windows\assembly\GAC_MSIL\System.IdentityModel\3.0.0.0__b77a5c561934e089\System.IdentityModel.dll" /R:"C:\inetpub\wwwroot\LearnSite\App_Data\Temp\root\325908fa\e276bbf7\assembly\dl3\840374c6\103a5ba8_db91cf01\NPOI.OpenXmlFormats.DLL" /R:"C:\Windows\assembly\GAC_MSIL\System.Web.Mobile\2.0.0.0__b03f5f7f11d50a3a\System.Web.Mobile.dll" /R:"C:\Windows\assembly\GAC_MSIL\System.WorkflowServices\3.5.0.0__31bf3856ad364e35\System.WorkflowServices.dll" /R:"C:\inetpub\wwwroot\LearnSite\App_Data\Temp\root\325908fa\e276bbf7\assembly\dl3\39a80ea2\f8a40d15_4a69cd01\NPinyin.DLL" /R:"C:\Windows\Microsoft.NET\Framework\v2.0.50727\mscorlib.dll" /R:"C:\inetpub\wwwroot\LearnSite\App_Data\Temp\root\325908fa\e276bbf7\assembly\dl3\b8ce1351\30b7c898_db91cf01\NPOI.OpenXml4Net.DLL" /R:"C:\inetpub\wwwroot\LearnSite\App_Data\Temp\root\325908fa\e276bbf7\assembly\dl3\3e3ef6fc\000cf6d8_6b03cd01\SwfDotNet.IO.DLL" /R:"C:\Windows\assembly\GAC_MSIL\System.Configuration\2.0.0.0__b03f5f7f11d50a3a\System.Configuration.dll" /R:"C:\Windows\assembly\GAC_MSIL\System.ServiceModel.Web\3.5.0.0__31bf3856ad364e35\System.ServiceModel.Web.dll" /R:"C:\Windows\assembly\GAC_32\System.Data\2.0.0.0__b77a5c561934e089\System.Data.dll" /R:"C:\inetpub\wwwroot\LearnSite\App_Data\Temp\root\325908fa\e276bbf7\assembly\dl3\54295343\0036a627_973ace01\MailLog.DLL" /R:"C:\inetpub\wwwroot\LearnSite\App_Data\Temp\root\325908fa\e276bbf7\assembly\dl3\ce1ff304\c0a622b0_db91cf01\NPOI.OOXML.DLL" /R:"C:\Windows\assembly\GAC_MSIL\System.Drawing\2.0.0.0__b03f5f7f11d50a3a\System.Drawing.dll" /R:"C:\Windows\assembly\GAC_32\System.EnterpriseServices\2.0.0.0__b03f5f7f11d50a3a\System.EnterpriseServices.dll" /out:"C:\inetpub\wwwroot\LearnSite\App_Data\Temp\root\325908fa\e276bbf7\App_Web_d9ggtfko.dll" /D:DEBUG /debug+ /optimize- /win32res:"C:\inetpub\wwwroot\LearnSite\App_Data\Temp\root\325908fa\e276bbf7\d9ggtfko.res" /w:4 /nowarn:1659;1699;1701  "C:\inetpub\wwwroot\LearnSite\App_Data\Temp\root\325908fa\e276bbf7\App_Web_d9ggtfko.6.cs" "C:\inetpub\wwwroot\LearnSite\App_Data\Temp\root\325908fa\e276bbf7\App_Web_d9ggtfko.11.cs" "C:\inetpub\wwwroot\LearnSite\App_Data\Temp\root\325908fa\e276bbf7\App_Web_d9ggtfko.10.cs" "C:\inetpub\wwwroot\LearnSite\App_Data\Temp\root\325908fa\e276bbf7\App_Web_d9ggtfko.9.cs" "C:\inetpub\wwwroot\LearnSite\App_Data\Temp\root\325908fa\e276bbf7\App_Web_d9ggtfko.12.cs" "C:\inetpub\wwwroot\LearnSite\App_Data\Temp\root\325908fa\e276bbf7\App_Web_d9ggtfko.15.cs" "C:\inetpub\wwwroot\LearnSite\App_Data\Temp\root\325908fa\e276bbf7\App_Web_d9ggtfko.14.cs" "C:\inetpub\wwwroot\LearnSite\App_Data\Temp\root\325908fa\e276bbf7\App_Web_d9ggtfko.17.cs" "C:\inetpub\wwwroot\LearnSite\App_Data\Temp\root\325908fa\e276bbf7\App_Web_d9ggtfko.16.cs" "C:\inetpub\wwwroot\LearnSite\App_Data\Temp\root\325908fa\e276bbf7\App_Web_d9ggtfko.19.cs" "C:\inetpub\wwwroot\LearnSite\App_Data\Temp\root\325908fa\e276bbf7\App_Web_d9ggtfko.18.cs" "C:\inetpub\wwwroot\LearnSite\App_Data\Temp\root\325908fa\e276bbf7\App_Web_d9ggtfko.3.cs" "C:\inetpub\wwwroot\LearnSite\App_Data\Temp\root\325908fa\e276bbf7\App_Web_d9ggtfko.13.cs" "C:\inetpub\wwwroot\LearnSite\App_Data\Temp\root\325908fa\e276bbf7\App_Web_d9ggtfko.5.cs" "C:\inetpub\wwwroot\LearnSite\App_Data\Temp\root\325908fa\e276bbf7\App_Web_d9ggtfko.21.cs" "C:\inetpub\wwwroot\LearnSite\App_Data\Temp\root\325908fa\e276bbf7\App_Web_d9ggtfko.20.cs" "C:\inetpub\wwwroot\LearnSite\App_Data\Temp\root\325908fa\e276bbf7\App_Web_d9ggtfko.8.cs" "C:\inetpub\wwwroot\LearnSite\App_Data\Temp\root\325908fa\e276bbf7\App_Web_d9ggtfko.22.cs" "C:\inetpub\wwwroot\LearnSite\App_Data\Temp\root\325908fa\e276bbf7\App_Web_d9ggtfko.0.cs" "C:\inetpub\wwwroot\LearnSite\App_Data\Temp\root\325908fa\e276bbf7\App_Web_d9ggtfko.7.cs" "C:\inetpub\wwwroot\LearnSite\App_Data\Temp\root\325908fa\e276bbf7\App_Web_d9ggtfko.2.cs" "C:\inetpub\wwwroot\LearnSite\App_Data\Temp\root\325908fa\e276bbf7\App_Web_d9ggtfko.1.cs" "C:\inetpub\wwwroot\LearnSite\App_Data\Temp\root\325908fa\e276bbf7\App_Web_d9ggtfko.4.cs" "C:\inetpub\wwwroot\LearnSite\App_Data\Temp\root\325908fa\e276bbf7\App_Web_d9ggtfko.23.cs"


Microsoft (R) Visual C# 2005 编译器 版本 8.00.50727.9031
用于 Microsoft (R) Windows (R) 2005 Framework 版本 2.0.50727
版权所有(C) Microsoft Corporation 2001-2005。保留所有权利。

c:\inetpub\wwwroot\LearnSite\App_Data\Temp\root\325908fa\e276bbf7\App_Web_d9ggtfko.6.cs(135,53): warning CS0108: “ASP.teacher_gaugeitem_aspx.Profile”隐藏了继承的成员“Teacher_gaugeitem.Profile”。如果是有意隐藏，请使用关键字 new。
c:\inetpub\wwwroot\LearnSite\App_Data\Temp\root\325908fa\e276bbf7\assembly\dl3\bb0f3a07\73583237_ef7ddc01\LearnSite.DLL: (与前一个警告相关的符号位置)
c:\inetpub\wwwroot\LearnSite\App_Data\Temp\root\325908fa\e276bbf7\App_Web_d9ggtfko.6.cs(141,46): warning CS0108: “ASP.teacher_gaugeitem_aspx.ApplicationInstance”隐藏了继承的成员“Teacher_gaugeitem.ApplicationInstance”。如果是有意隐藏，请使用关键字 new。
c:\inetpub\wwwroot\LearnSite\App_Data\Temp\root\325908fa\e276bbf7\assembly\dl3\bb0f3a07\73583237_ef7ddc01\LearnSite.DLL: (与前一个警告相关的符号位置)
c:\inetpub\wwwroot\LearnSite\App_Data\Temp\root\325908fa\e276bbf7\App_Web_d9ggtfko.11.cs(135,53): warning CS0108: “ASP.teacher_kitymindedit_aspx.Profile”隐藏了继承的成员“teacher_kitymindedit.Profile”。如果是有意隐藏，请使用关键字 new。
c:\inetpub\wwwroot\LearnSite\App_Data\Temp\root\325908fa\e276bbf7\assembly\dl3\bb0f3a07\73583237_ef7ddc01\LearnSite.DLL: (与前一个警告相关的符号位置)
c:\inetpub\wwwroot\LearnSite\App_Data\Temp\root\325908fa\e276bbf7\App_Web_d9ggtfko.11.cs(141,46): warning CS0108: “ASP.teacher_kitymindedit_aspx.ApplicationInstance”隐藏了继承的成员“teacher_kitymindedit.ApplicationInstance”。如果是有意隐藏，请使用关键字 new。
c:\inetpub\wwwroot\LearnSite\App_Data\Temp\root\325908fa\e276bbf7\assembly\dl3\bb0f3a07\73583237_ef7ddc01\LearnSite.DLL: (与前一个警告相关的符号位置)
c:\inetpub\wwwroot\LearnSite\App_Data\Temp\root\325908fa\e276bbf7\App_Web_d9ggtfko.10.cs(135,53): warning CS0108: “ASP.teacher_typeshow_aspx.Profile”隐藏了继承的成员“Teacher_typeshow.Profile”。如果是有意隐藏，请使用关键字 new。
c:\inetpub\wwwroot\LearnSite\App_Data\Temp\root\325908fa\e276bbf7\assembly\dl3\bb0f3a07\73583237_ef7ddc01\LearnSite.DLL: (与前一个警告相关的符号位置)
c:\inetpub\wwwroot\LearnSite\App_Data\Temp\root\325908fa\e276bbf7\App_Web_d9ggtfko.10.cs(141,46): warning CS0108: “ASP.teacher_typeshow_aspx.ApplicationInstance”隐藏了继承的成员“Teacher_typeshow.ApplicationInstance”。如果是有意隐藏，请使用关键字 new。
c:\inetpub\wwwroot\LearnSite\App_Data\Temp\root\325908fa\e276bbf7\assembly\dl3\bb0f3a07\73583237_ef7ddc01\LearnSite.DLL: (与前一个警告相关的符号位置)
c:\inetpub\wwwroot\LearnSite\App_Data\Temp\root\325908fa\e276bbf7\App_Web_d9ggtfko.9.cs(135,53): warning CS0108: “ASP.teacher_coursedel_aspx.Profile”隐藏了继承的成员“Teacher_coursedel.Profile”。如果是有意隐藏，请使用关键字 new。
c:\inetpub\wwwroot\LearnSite\App_Data\Temp\root\325908fa\e276bbf7\assembly\dl3\bb0f3a07\73583237_ef7ddc01\LearnSite.DLL: (与前一个警告相关的符号位置)
c:\inetpub\wwwroot\LearnSite\App_Data\Temp\root\325908fa\e276bbf7\App_Web_d9ggtfko.9.cs(141,46): warning CS0108: “ASP.teacher_coursedel_aspx.ApplicationInstance”隐藏了继承的成员“Teacher_coursedel.ApplicationInstance”。如果是有意隐藏，请使用关键字 new。
c:\inetpub\wwwroot\LearnSite\App_Data\Temp\root\325908fa\e276bbf7\assembly\dl3\bb0f3a07\73583237_ef7ddc01\LearnSite.DLL: (与前一个警告相关的符号位置)
c:\inetpub\wwwroot\LearnSite\App_Data\Temp\root\325908fa\e276bbf7\App_Web_d9ggtfko.12.cs(135,53): warning CS0108: “ASP.teacher_courseimport_aspx.Profile”隐藏了继承的成员“Teacher_courseimport.Profile”。如果是有意隐藏，请使用关键字 new。
c:\inetpub\wwwroot\LearnSite\App_Data\Temp\root\325908fa\e276bbf7\assembly\dl3\bb0f3a07\73583237_ef7ddc01\LearnSite.DLL: (与前一个警告相关的符号位置)
c:\inetpub\wwwroot\LearnSite\App_Data\Temp\root\325908fa\e276bbf7\App_Web_d9ggtfko.12.cs(141,46): warning CS0108: “ASP.teacher_courseimport_aspx.ApplicationInstance”隐藏了继承的成员“Teacher_courseimport.ApplicationInstance”。如果是有意隐藏，请使用关键字 new。
c:\inetpub\wwwroot\LearnSite\App_Data\Temp\root\325908fa\e276bbf7\assembly\dl3\bb0f3a07\73583237_ef7ddc01\LearnSite.DLL: (与前一个警告相关的符号位置)
c:\inetpub\wwwroot\LearnSite\App_Data\Temp\root\325908fa\e276bbf7\App_Web_d9ggtfko.15.cs(135,53): warning CS0108: “ASP.teacher_consoleshow_aspx.Profile”隐藏了继承的成员“Teacher_consoleshow.Profile”。如果是有意隐藏，请使用关键字 new。
c:\inetpub\wwwroot\LearnSite\App_Data\Temp\root\325908fa\e276bbf7\assembly\dl3\bb0f3a07\73583237_ef7ddc01\LearnSite.DLL: (与前一个警告相关的符号位置)
c:\inetpub\wwwroot\LearnSite\App_Data\Temp\root\325908fa\e276bbf7\App_Web_d9ggtfko.15.cs(141,46): warning CS0108: “ASP.teacher_consoleshow_aspx.ApplicationInstance”隐藏了继承的成员“Teacher_consoleshow.ApplicationInstance”。如果是有意隐藏，请使用关键字 new。
c:\inetpub\wwwroot\LearnSite\App_Data\Temp\root\325908fa\e276bbf7\assembly\dl3\bb0f3a07\73583237_ef7ddc01\LearnSite.DLL: (与前一个警告相关的符号位置)
c:\inetpub\wwwroot\LearnSite\App_Data\Temp\root\325908fa\e276bbf7\App_Web_d9ggtfko.14.cs(135,53): warning CS0108: “ASP.teacher_programedit_aspx.Profile”隐藏了继承的成员“Teacher_programedit.Profile”。如果是有意隐藏，请使用关键字 new。
c:\inetpub\wwwroot\LearnSite\App_Data\Temp\root\325908fa\e276bbf7\assembly\dl3\bb0f3a07\73583237_ef7ddc01\LearnSite.DLL: (与前一个警告相关的符号位置)
c:\inetpub\wwwroot\LearnSite\App_Data\Temp\root\325908fa\e276bbf7\App_Web_d9ggtfko.14.cs(141,46): warning CS0108: “ASP.teacher_programedit_aspx.ApplicationInstance”隐藏了继承的成员“Teacher_programedit.ApplicationInstance”。如果是有意隐藏，请使用关键字 new。
c:\inetpub\wwwroot\LearnSite\App_Data\Temp\root\325908fa\e276bbf7\assembly\dl3\bb0f3a07\73583237_ef7ddc01\LearnSite.DLL: (与前一个警告相关的符号位置)
c:\inetpub\wwwroot\LearnSite\App_Data\Temp\root\325908fa\e276bbf7\App_Web_d9ggtfko.17.cs(135,53): warning CS0108: “ASP.teacher_topicshow_aspx.Profile”隐藏了继承的成员“Teacher_topicshow.Profile”。如果是有意隐藏，请使用关键字 new。
c:\inetpub\wwwroot\LearnSite\App_Data\Temp\root\325908fa\e276bbf7\assembly\dl3\bb0f3a07\73583237_ef7ddc01\LearnSite.DLL: (与前一个警告相关的符号位置)
c:\inetpub\wwwroot\LearnSite\App_Data\Temp\root\325908fa\e276bbf7\App_Web_d9ggtfko.17.cs(141,46): warning CS0108: “ASP.teacher_topicshow_aspx.ApplicationInstance”隐藏了继承的成员“Teacher_topicshow.ApplicationInstance”。如果是有意隐藏，请使用关键字 new。
c:\inetpub\wwwroot\LearnSite\App_Data\Temp\root\325908fa\e276bbf7\assembly\dl3\bb0f3a07\73583237_ef7ddc01\LearnSite.DLL: (与前一个警告相关的符号位置)
c:\inetpub\wwwroot\LearnSite\App_Data\Temp\root\325908fa\e276bbf7\App_Web_d9ggtfko.16.cs(135,53): warning CS0108: “ASP.teacher_termscores_aspx.Profile”隐藏了继承的成员“Teacher_termscores.Profile”。如果是有意隐藏，请使用关键字 new。
c:\inetpub\wwwroot\LearnSite\App_Data\Temp\root\325908fa\e276bbf7\assembly\dl3\bb0f3a07\73583237_ef7ddc01\LearnSite.DLL: (与前一个警告相关的符号位置)
c:\inetpub\wwwroot\LearnSite\App_Data\Temp\root\325908fa\e276bbf7\App_Web_d9ggtfko.16.cs(141,46): warning CS0108: “ASP.teacher_termscores_aspx.ApplicationInstance”隐藏了继承的成员“Teacher_termscores.ApplicationInstance”。如果是有意隐藏，请使用关键字 new。
c:\inetpub\wwwroot\LearnSite\App_Data\Temp\root\325908fa\e276bbf7\assembly\dl3\bb0f3a07\73583237_ef7ddc01\LearnSite.DLL: (与前一个警告相关的符号位置)
c:\inetpub\wwwroot\LearnSite\App_Data\Temp\root\325908fa\e276bbf7\App_Web_d9ggtfko.19.cs(135,53): warning CS0108: “ASP.teacher_graphshow_aspx.Profile”隐藏了继承的成员“Teacher_graphshow.Profile”。如果是有意隐藏，请使用关键字 new。
c:\inetpub\wwwroot\LearnSite\App_Data\Temp\root\325908fa\e276bbf7\assembly\dl3\bb0f3a07\73583237_ef7ddc01\LearnSite.DLL: (与前一个警告相关的符号位置)
c:\inetpub\wwwroot\LearnSite\App_Data\Temp\root\325908fa\e276bbf7\App_Web_d9ggtfko.19.cs(141,46): warning CS0108: “ASP.teacher_graphshow_aspx.ApplicationInstance”隐藏了继承的成员“Teacher_graphshow.ApplicationInstance”。如果是有意隐藏，请使用关键字 new。
c:\inetpub\wwwroot\LearnSite\App_Data\Temp\root\325908fa\e276bbf7\assembly\dl3\bb0f3a07\73583237_ef7ddc01\LearnSite.DLL: (与前一个警告相关的符号位置)
c:\inetpub\wwwroot\LearnSite\App_Data\Temp\root\325908fa\e276bbf7\App_Web_d9ggtfko.18.cs(135,53): warning CS0108: “ASP.teacher_topicedit_aspx.Profile”隐藏了继承的成员“Teacher_topicedit.Profile”。如果是有意隐藏，请使用关键字 new。
c:\inetpub\wwwroot\LearnSite\App_Data\Temp\root\325908fa\e276bbf7\assembly\dl3\bb0f3a07\73583237_ef7ddc01\LearnSite.DLL: (与前一个警告相关的符号位置)
c:\inetpub\wwwroot\LearnSite\App_Data\Temp\root\325908fa\e276bbf7\App_Web_d9ggtfko.18.cs(141,46): warning CS0108: “ASP.teacher_topicedit_aspx.ApplicationInstance”隐藏了继承的成员“Teacher_topicedit.ApplicationInstance”。如果是有意隐藏，请使用关键字 new。
c:\inetpub\wwwroot\LearnSite\App_Data\Temp\root\325908fa\e276bbf7\assembly\dl3\bb0f3a07\73583237_ef7ddc01\LearnSite.DLL: (与前一个警告相关的符号位置)
c:\inetpub\wwwroot\LearnSite\App_Data\Temp\root\325908fa\e276bbf7\App_Web_d9ggtfko.3.cs(135,53): warning CS0108: “ASP.teacher_wareadd_aspx.Profile”隐藏了继承的成员“teacher_wareadd.Profile”。如果是有意隐藏，请使用关键字 new。
c:\inetpub\wwwroot\LearnSite\App_Data\Temp\root\325908fa\e276bbf7\assembly\dl3\bb0f3a07\73583237_ef7ddc01\LearnSite.DLL: (与前一个警告相关的符号位置)
c:\inetpub\wwwroot\LearnSite\App_Data\Temp\root\325908fa\e276bbf7\App_Web_d9ggtfko.3.cs(141,46): warning CS0108: “ASP.teacher_wareadd_aspx.ApplicationInstance”隐藏了继承的成员“teacher_wareadd.ApplicationInstance”。如果是有意隐藏，请使用关键字 new。
c:\inetpub\wwwroot\LearnSite\App_Data\Temp\root\325908fa\e276bbf7\assembly\dl3\bb0f3a07\73583237_ef7ddc01\LearnSite.DLL: (与前一个警告相关的符号位置)
c:\inetpub\wwwroot\LearnSite\App_Data\Temp\root\325908fa\e276bbf7\App_Web_d9ggtfko.13.cs(135,53): warning CS0108: “ASP.teacher_typechinesedel_aspx.Profile”隐藏了继承的成员“Teacher_typechinesedel.Profile”。如果是有意隐藏，请使用关键字 new。
c:\inetpub\wwwroot\LearnSite\App_Data\Temp\root\325908fa\e276bbf7\assembly\dl3\bb0f3a07\73583237_ef7ddc01\LearnSite.DLL: (与前一个警告相关的符号位置)
c:\inetpub\wwwroot\LearnSite\App_Data\Temp\root\325908fa\e276bbf7\App_Web_d9ggtfko.13.cs(141,46): warning CS0108: “ASP.teacher_typechinesedel_aspx.ApplicationInstance”隐藏了继承的成员“Teacher_typechinesedel.ApplicationInstance”。如果是有意隐藏，请使用关键字 new。
c:\inetpub\wwwroot\LearnSite\App_Data\Temp\root\325908fa\e276bbf7\assembly\dl3\bb0f3a07\73583237_ef7ddc01\LearnSite.DLL: (与前一个警告相关的符号位置)
c:\inetpub\wwwroot\LearnSite\App_Data\Temp\root\325908fa\e276bbf7\App_Web_d9ggtfko.5.cs(135,53): warning CS0108: “ASP.teacher_typeadd_aspx.Profile”隐藏了继承的成员“Teacher_typeadd.Profile”。如果是有意隐藏，请使用关键字 new。
c:\inetpub\wwwroot\LearnSite\App_Data\Temp\root\325908fa\e276bbf7\assembly\dl3\bb0f3a07\73583237_ef7ddc01\LearnSite.DLL: (与前一个警告相关的符号位置)
c:\inetpub\wwwroot\LearnSite\App_Data\Temp\root\325908fa\e276bbf7\App_Web_d9ggtfko.5.cs(141,46): warning CS0108: “ASP.teacher_typeadd_aspx.ApplicationInstance”隐藏了继承的成员“Teacher_typeadd.ApplicationInstance”。如果是有意隐藏，请使用关键字 new。
c:\inetpub\wwwroot\LearnSite\App_Data\Temp\root\325908fa\e276bbf7\assembly\dl3\bb0f3a07\73583237_ef7ddc01\LearnSite.DLL: (与前一个警告相关的符号位置)
c:\inetpub\wwwroot\LearnSite\App_Data\Temp\root\325908fa\e276bbf7\App_Web_d9ggtfko.21.cs(135,53): warning CS0108: “ASP.teacher_txtformshow_aspx.Profile”隐藏了继承的成员“Teacher_txtformshow.Profile”。如果是有意隐藏，请使用关键字 new。
c:\inetpub\wwwroot\LearnSite\App_Data\Temp\root\325908fa\e276bbf7\assembly\dl3\bb0f3a07\73583237_ef7ddc01\LearnSite.DLL: (与前一个警告相关的符号位置)
c:\inetpub\wwwroot\LearnSite\App_Data\Temp\root\325908fa\e276bbf7\App_Web_d9ggtfko.21.cs(141,46): warning CS0108: “ASP.teacher_txtformshow_aspx.ApplicationInstance”隐藏了继承的成员“Teacher_txtformshow.ApplicationInstance”。如果是有意隐藏，请使用关键字 new。
c:\inetpub\wwwroot\LearnSite\App_Data\Temp\root\325908fa\e276bbf7\assembly\dl3\bb0f3a07\73583237_ef7ddc01\LearnSite.DLL: (与前一个警告相关的符号位置)
c:\inetpub\wwwroot\LearnSite\App_Data\Temp\root\325908fa\e276bbf7\App_Web_d9ggtfko.20.cs(135,53): warning CS0108: “ASP.teacher_pixelshow_aspx.Profile”隐藏了继承的成员“Teacher_pixelshow.Profile”。如果是有意隐藏，请使用关键字 new。
c:\inetpub\wwwroot\LearnSite\App_Data\Temp\root\325908fa\e276bbf7\assembly\dl3\bb0f3a07\73583237_ef7ddc01\LearnSite.DLL: (与前一个警告相关的符号位置)
c:\inetpub\wwwroot\LearnSite\App_Data\Temp\root\325908fa\e276bbf7\App_Web_d9ggtfko.20.cs(141,46): warning CS0108: “ASP.teacher_pixelshow_aspx.ApplicationInstance”隐藏了继承的成员“Teacher_pixelshow.ApplicationInstance”。如果是有意隐藏，请使用关键字 new。
c:\inetpub\wwwroot\LearnSite\App_Data\Temp\root\325908fa\e276bbf7\assembly\dl3\bb0f3a07\73583237_ef7ddc01\LearnSite.DLL: (与前一个警告相关的符号位置)
c:\inetpub\wwwroot\LearnSite\App_Data\Temp\root\325908fa\e276bbf7\App_Web_d9ggtfko.8.cs(135,53): warning CS0108: “ASP.teacher_consoleadd_aspx.Profile”隐藏了继承的成员“Teacher_consoleadd.Profile”。如果是有意隐藏，请使用关键字 new。
c:\inetpub\wwwroot\LearnSite\App_Data\Temp\root\325908fa\e276bbf7\assembly\dl3\bb0f3a07\73583237_ef7ddc01\LearnSite.DLL: (与前一个警告相关的符号位置)
c:\inetpub\wwwroot\LearnSite\App_Data\Temp\root\325908fa\e276bbf7\App_Web_d9ggtfko.8.cs(141,46): warning CS0108: “ASP.teacher_consoleadd_aspx.ApplicationInstance”隐藏了继承的成员“Teacher_consoleadd.ApplicationInstance”。如果是有意隐藏，请使用关键字 new。
c:\inetpub\wwwroot\LearnSite\App_Data\Temp\root\325908fa\e276bbf7\assembly\dl3\bb0f3a07\73583237_ef7ddc01\LearnSite.DLL: (与前一个警告相关的符号位置)
c:\inetpub\wwwroot\LearnSite\App_Data\Temp\root\325908fa\e276bbf7\App_Web_d9ggtfko.22.cs(135,53): warning CS0108: “ASP.teacher_student_aspx.Profile”隐藏了继承的成员“Teacher_student.Profile”。如果是有意隐藏，请使用关键字 new。
c:\inetpub\wwwroot\LearnSite\App_Data\Temp\root\325908fa\e276bbf7\assembly\dl3\bb0f3a07\73583237_ef7ddc01\LearnSite.DLL: (与前一个警告相关的符号位置)
c:\inetpub\wwwroot\LearnSite\App_Data\Temp\root\325908fa\e276bbf7\App_Web_d9ggtfko.22.cs(141,46): warning CS0108: “ASP.teacher_student_aspx.ApplicationInstance”隐藏了继承的成员“Teacher_student.ApplicationInstance”。如果是有意隐藏，请使用关键字 new。
c:\inetpub\wwwroot\LearnSite\App_Data\Temp\root\325908fa\e276bbf7\assembly\dl3\bb0f3a07\73583237_ef7ddc01\LearnSite.DLL: (与前一个警告相关的符号位置)
c:\inetpub\wwwroot\LearnSite\App_Data\Temp\root\325908fa\e276bbf7\App_Web_d9ggtfko.0.cs(132,53): warning CS0108: “ASP.teacher_termview_aspx.Profile”隐藏了继承的成员“Teacher_termview.Profile”。如果是有意隐藏，请使用关键字 new。
c:\inetpub\wwwroot\LearnSite\App_Data\Temp\root\325908fa\e276bbf7\assembly\dl3\bb0f3a07\73583237_ef7ddc01\LearnSite.DLL: (与前一个警告相关的符号位置)
c:\inetpub\wwwroot\LearnSite\App_Data\Temp\root\325908fa\e276bbf7\App_Web_d9ggtfko.0.cs(138,46): warning CS0108: “ASP.teacher_termview_aspx.ApplicationInstance”隐藏了继承的成员“Teacher_termview.ApplicationInstance”。如果是有意隐藏，请使用关键字 new。
c:\inetpub\wwwroot\LearnSite\App_Data\Temp\root\325908fa\e276bbf7\assembly\dl3\bb0f3a07\73583237_ef7ddc01\LearnSite.DLL: (与前一个警告相关的符号位置)
c:\inetpub\wwwroot\LearnSite\App_Data\Temp\root\325908fa\e276bbf7\App_Web_d9ggtfko.7.cs(135,53): warning CS0108: “ASP.teacher_signshow_aspx.Profile”隐藏了继承的成员“Teacher_signshow.Profile”。如果是有意隐藏，请使用关键字 new。
c:\inetpub\wwwroot\LearnSite\App_Data\Temp\root\325908fa\e276bbf7\assembly\dl3\bb0f3a07\73583237_ef7ddc01\LearnSite.DLL: (与前一个警告相关的符号位置)
c:\inetpub\wwwroot\LearnSite\App_Data\Temp\root\325908fa\e276bbf7\App_Web_d9ggtfko.7.cs(141,46): warning CS0108: “ASP.teacher_signshow_aspx.ApplicationInstance”隐藏了继承的成员“Teacher_signshow.ApplicationInstance”。如果是有意隐藏，请使用关键字 new。
c:\inetpub\wwwroot\LearnSite\App_Data\Temp\root\325908fa\e276bbf7\assembly\dl3\bb0f3a07\73583237_ef7ddc01\LearnSite.DLL: (与前一个警告相关的符号位置)
c:\inetpub\wwwroot\LearnSite\App_Data\Temp\root\325908fa\e276bbf7\App_Web_d9ggtfko.2.cs(135,53): warning CS0108: “ASP.teacher_softview_aspx.Profile”隐藏了继承的成员“Teacher_softview.Profile”。如果是有意隐藏，请使用关键字 new。
c:\inetpub\wwwroot\LearnSite\App_Data\Temp\root\325908fa\e276bbf7\assembly\dl3\bb0f3a07\73583237_ef7ddc01\LearnSite.DLL: (与前一个警告相关的符号位置)
c:\inetpub\wwwroot\LearnSite\App_Data\Temp\root\325908fa\e276bbf7\App_Web_d9ggtfko.2.cs(141,46): warning CS0108: “ASP.teacher_softview_aspx.ApplicationInstance”隐藏了继承的成员“Teacher_softview.ApplicationInstance”。如果是有意隐藏，请使用关键字 new。
c:\inetpub\wwwroot\LearnSite\App_Data\Temp\root\325908fa\e276bbf7\assembly\dl3\bb0f3a07\73583237_ef7ddc01\LearnSite.DLL: (与前一个警告相关的符号位置)
c:\inetpub\wwwroot\LearnSite\App_Data\Temp\root\325908fa\e276bbf7\App_Web_d9ggtfko.1.cs(135,53): warning CS0108: “ASP.teacher_htmledit_aspx.Profile”隐藏了继承的成员“teacher_htmledit.Profile”。如果是有意隐藏，请使用关键字 new。
c:\inetpub\wwwroot\LearnSite\App_Data\Temp\root\325908fa\e276bbf7\assembly\dl3\bb0f3a07\73583237_ef7ddc01\LearnSite.DLL: (与前一个警告相关的符号位置)
c:\inetpub\wwwroot\LearnSite\App_Data\Temp\root\325908fa\e276bbf7\App_Web_d9ggtfko.1.cs(141,46): warning CS0108: “ASP.teacher_htmledit_aspx.ApplicationInstance”隐藏了继承的成员“teacher_htmledit.ApplicationInstance”。如果是有意隐藏，请使用关键字 new。
c:\inetpub\wwwroot\LearnSite\App_Data\Temp\root\325908fa\e276bbf7\assembly\dl3\bb0f3a07\73583237_ef7ddc01\LearnSite.DLL: (与前一个警告相关的符号位置)
c:\inetpub\wwwroot\LearnSite\App_Data\Temp\root\325908fa\e276bbf7\App_Web_d9ggtfko.4.cs(135,53): warning CS0108: “ASP.teacher_qrcodeadd_aspx.Profile”隐藏了继承的成员“teacher_qrcodeadd.Profile”。如果是有意隐藏，请使用关键字 new。
c:\inetpub\wwwroot\LearnSite\App_Data\Temp\root\325908fa\e276bbf7\assembly\dl3\bb0f3a07\73583237_ef7ddc01\LearnSite.DLL: (与前一个警告相关的符号位置)
c:\inetpub\wwwroot\LearnSite\App_Data\Temp\root\325908fa\e276bbf7\App_Web_d9ggtfko.4.cs(141,46): warning CS0108: “ASP.teacher_qrcodeadd_aspx.ApplicationInstance”隐藏了继承的成员“teacher_qrcodeadd.ApplicationInstance”。如果是有意隐藏，请使用关键字 new。
c:\inetpub\wwwroot\LearnSite\App_Data\Temp\root\325908fa\e276bbf7\assembly\dl3\bb0f3a07\73583237_ef7ddc01\LearnSite.DLL: (与前一个警告相关的符号位置)
