C:\Windows\SysWOW64\inetsrv> "C:\Windows\Microsoft.NET\Framework\v2.0.50727\csc.exe" /t:library /utf8output /R:"C:\Windows\assembly\GAC_MSIL\System\2.0.0.0__b77a5c561934e089\System.dll" /R:"C:\inetpub\wwwroot\LearnSite\App_Data\Temp\root\325908fa\e276bbf7\assembly\dl3\7d0c22b2\0004936e_e323ce01\SimplePsd.DLL" /R:"C:\inetpub\wwwroot\LearnSite\App_Data\Temp\root\325908fa\e276bbf7\assembly\dl3\0dc983cb\0071b915_d746cd01\LitJSON.DLL" /R:"C:\inetpub\wwwroot\LearnSite\App_Data\Temp\root\325908fa\e276bbf7\assembly\dl3\86fd1a1e\00694688_5596d501\Newtonsoft.Json.DLL" /R:"C:\Windows\assembly\GAC_MSIL\System.Xml\2.0.0.0__b77a5c561934e089\System.Xml.dll" /R:"C:\inetpub\wwwroot\LearnSite\App_Data\Temp\root\325908fa\e276bbf7\assembly\dl3\06b01f53\00bbafb3_68fbcb01\Anthem.DLL" /R:"C:\Windows\assembly\GAC_MSIL\System.Web.Services\2.0.0.0__b03f5f7f11d50a3a\System.Web.Services.dll" /R:"C:\Windows\assembly\GAC_MSIL\System.Runtime.Serialization\3.0.0.0__b77a5c561934e089\System.Runtime.Serialization.dll" /R:"C:\Windows\assembly\GAC_32\System.Web\2.0.0.0__b03f5f7f11d50a3a\System.Web.dll" /R:"C:\inetpub\wwwroot\LearnSite\App_Data\Temp\root\325908fa\e276bbf7\assembly\dl3\b75f6f8e\2c1975dd_c23ccf01\ICSharpCode.SharpZipLib.DLL" /R:"C:\inetpub\wwwroot\LearnSite\App_Data\Temp\root\325908fa\e276bbf7\assembly\dl3\226c1566\417e5aae_0e4dd701\mxgraph.DLL" /R:"C:\Windows\assembly\GAC_MSIL\System.ServiceModel\3.0.0.0__b77a5c561934e089\System.ServiceModel.dll" /R:"C:\inetpub\wwwroot\LearnSite\App_Data\Temp\root\325908fa\e276bbf7\assembly\dl3\56a5cb0a\00439c98_ce5ec701\zlib.net.DLL" /R:"C:\inetpub\wwwroot\LearnSite\App_Data\Temp\root\325908fa\e276bbf7\assembly\dl3\a42604fa\009cd9e5_624ac301\log4net.DLL" /R:"C:\inetpub\wwwroot\LearnSite\App_Data\Temp\root\325908fa\e276bbf7\assembly\dl3\bb0f3a07\73583237_ef7ddc01\LearnSite.DLL" /R:"C:\inetpub\wwwroot\LearnSite\App_Data\Temp\root\325908fa\e276bbf7\App_Web_8fzq_xfe.dll" /R:"C:\inetpub\wwwroot\LearnSite\App_Data\Temp\root\325908fa\e276bbf7\assembly\dl3\ccf97435\b0d9f471_c690cf01\NPOI.DLL" /R:"C:\Windows\assembly\GAC_MSIL\System.IdentityModel\3.0.0.0__b77a5c561934e089\System.IdentityModel.dll" /R:"C:\inetpub\wwwroot\LearnSite\App_Data\Temp\root\325908fa\e276bbf7\assembly\dl3\840374c6\103a5ba8_db91cf01\NPOI.OpenXmlFormats.DLL" /R:"C:\Windows\assembly\GAC_MSIL\System.Web.Mobile\2.0.0.0__b03f5f7f11d50a3a\System.Web.Mobile.dll" /R:"C:\Windows\assembly\GAC_MSIL\System.WorkflowServices\3.5.0.0__31bf3856ad364e35\System.WorkflowServices.dll" /R:"C:\inetpub\wwwroot\LearnSite\App_Data\Temp\root\325908fa\e276bbf7\assembly\dl3\39a80ea2\f8a40d15_4a69cd01\NPinyin.DLL" /R:"C:\Windows\Microsoft.NET\Framework\v2.0.50727\mscorlib.dll" /R:"C:\inetpub\wwwroot\LearnSite\App_Data\Temp\root\325908fa\e276bbf7\assembly\dl3\b8ce1351\30b7c898_db91cf01\NPOI.OpenXml4Net.DLL" /R:"C:\inetpub\wwwroot\LearnSite\App_Data\Temp\root\325908fa\e276bbf7\assembly\dl3\3e3ef6fc\000cf6d8_6b03cd01\SwfDotNet.IO.DLL" /R:"C:\Windows\assembly\GAC_MSIL\System.Configuration\2.0.0.0__b03f5f7f11d50a3a\System.Configuration.dll" /R:"C:\Windows\assembly\GAC_MSIL\System.ServiceModel.Web\3.5.0.0__31bf3856ad364e35\System.ServiceModel.Web.dll" /R:"C:\Windows\assembly\GAC_32\System.Data\2.0.0.0__b77a5c561934e089\System.Data.dll" /R:"C:\inetpub\wwwroot\LearnSite\App_Data\Temp\root\325908fa\e276bbf7\assembly\dl3\54295343\0036a627_973ace01\MailLog.DLL" /R:"C:\inetpub\wwwroot\LearnSite\App_Data\Temp\root\325908fa\e276bbf7\assembly\dl3\ce1ff304\c0a622b0_db91cf01\NPOI.OOXML.DLL" /R:"C:\Windows\assembly\GAC_MSIL\System.Drawing\2.0.0.0__b03f5f7f11d50a3a\System.Drawing.dll" /R:"C:\Windows\assembly\GAC_32\System.EnterpriseServices\2.0.0.0__b03f5f7f11d50a3a\System.EnterpriseServices.dll" /out:"C:\inetpub\wwwroot\LearnSite\App_Data\Temp\root\325908fa\e276bbf7\App_Web_fkucpe61.dll" /D:DEBUG /debug+ /optimize- /win32res:"C:\inetpub\wwwroot\LearnSite\App_Data\Temp\root\325908fa\e276bbf7\fkucpe61.res" /w:4 /nowarn:1659;1699;1701  "C:\inetpub\wwwroot\LearnSite\App_Data\Temp\root\325908fa\e276bbf7\App_Web_fkucpe61.7.cs" "C:\inetpub\wwwroot\LearnSite\App_Data\Temp\root\325908fa\e276bbf7\App_Web_fkucpe61.6.cs" "C:\inetpub\wwwroot\LearnSite\App_Data\Temp\root\325908fa\e276bbf7\App_Web_fkucpe61.19.cs" "C:\inetpub\wwwroot\LearnSite\App_Data\Temp\root\325908fa\e276bbf7\App_Web_fkucpe61.0.cs" "C:\inetpub\wwwroot\LearnSite\App_Data\Temp\root\325908fa\e276bbf7\App_Web_fkucpe61.2.cs" "C:\inetpub\wwwroot\LearnSite\App_Data\Temp\root\325908fa\e276bbf7\App_Web_fkucpe61.12.cs" "C:\inetpub\wwwroot\LearnSite\App_Data\Temp\root\325908fa\e276bbf7\App_Web_fkucpe61.13.cs" "C:\inetpub\wwwroot\LearnSite\App_Data\Temp\root\325908fa\e276bbf7\App_Web_fkucpe61.10.cs" "C:\inetpub\wwwroot\LearnSite\App_Data\Temp\root\325908fa\e276bbf7\App_Web_fkucpe61.11.cs" "C:\inetpub\wwwroot\LearnSite\App_Data\Temp\root\325908fa\e276bbf7\App_Web_fkucpe61.16.cs" "C:\inetpub\wwwroot\LearnSite\App_Data\Temp\root\325908fa\e276bbf7\App_Web_fkucpe61.17.cs" "C:\inetpub\wwwroot\LearnSite\App_Data\Temp\root\325908fa\e276bbf7\App_Web_fkucpe61.4.cs" "C:\inetpub\wwwroot\LearnSite\App_Data\Temp\root\325908fa\e276bbf7\App_Web_fkucpe61.15.cs" "C:\inetpub\wwwroot\LearnSite\App_Data\Temp\root\325908fa\e276bbf7\App_Web_fkucpe61.20.cs" "C:\inetpub\wwwroot\LearnSite\App_Data\Temp\root\325908fa\e276bbf7\App_Web_fkucpe61.21.cs" "C:\inetpub\wwwroot\LearnSite\App_Data\Temp\root\325908fa\e276bbf7\App_Web_fkucpe61.18.cs" "C:\inetpub\wwwroot\LearnSite\App_Data\Temp\root\325908fa\e276bbf7\App_Web_fkucpe61.8.cs" "C:\inetpub\wwwroot\LearnSite\App_Data\Temp\root\325908fa\e276bbf7\App_Web_fkucpe61.1.cs" "C:\inetpub\wwwroot\LearnSite\App_Data\Temp\root\325908fa\e276bbf7\App_Web_fkucpe61.3.cs" "C:\inetpub\wwwroot\LearnSite\App_Data\Temp\root\325908fa\e276bbf7\App_Web_fkucpe61.5.cs" "C:\inetpub\wwwroot\LearnSite\App_Data\Temp\root\325908fa\e276bbf7\App_Web_fkucpe61.14.cs" "C:\inetpub\wwwroot\LearnSite\App_Data\Temp\root\325908fa\e276bbf7\App_Web_fkucpe61.9.cs"


Microsoft (R) Visual C# 2005 编译器 版本 8.00.50727.9031
用于 Microsoft (R) Windows (R) 2005 Framework 版本 2.0.50727
版权所有(C) Microsoft Corporation 2001-2005。保留所有权利。

c:\inetpub\wwwroot\LearnSite\App_Data\Temp\root\325908fa\e276bbf7\App_Web_fkucpe61.7.cs(135,53): warning CS0108: “ASP.teacher_computers_aspx.Profile”隐藏了继承的成员“Teacher_computers.Profile”。如果是有意隐藏，请使用关键字 new。
c:\inetpub\wwwroot\LearnSite\App_Data\Temp\root\325908fa\e276bbf7\assembly\dl3\bb0f3a07\73583237_ef7ddc01\LearnSite.DLL: (与前一个警告相关的符号位置)
c:\inetpub\wwwroot\LearnSite\App_Data\Temp\root\325908fa\e276bbf7\App_Web_fkucpe61.7.cs(141,46): warning CS0108: “ASP.teacher_computers_aspx.ApplicationInstance”隐藏了继承的成员“Teacher_computers.ApplicationInstance”。如果是有意隐藏，请使用关键字 new。
c:\inetpub\wwwroot\LearnSite\App_Data\Temp\root\325908fa\e276bbf7\assembly\dl3\bb0f3a07\73583237_ef7ddc01\LearnSite.DLL: (与前一个警告相关的符号位置)
c:\inetpub\wwwroot\LearnSite\App_Data\Temp\root\325908fa\e276bbf7\App_Web_fkucpe61.6.cs(135,53): warning CS0108: “ASP.teacher_programshow_aspx.Profile”隐藏了继承的成员“Teacher_programshow.Profile”。如果是有意隐藏，请使用关键字 new。
c:\inetpub\wwwroot\LearnSite\App_Data\Temp\root\325908fa\e276bbf7\assembly\dl3\bb0f3a07\73583237_ef7ddc01\LearnSite.DLL: (与前一个警告相关的符号位置)
c:\inetpub\wwwroot\LearnSite\App_Data\Temp\root\325908fa\e276bbf7\App_Web_fkucpe61.6.cs(141,46): warning CS0108: “ASP.teacher_programshow_aspx.ApplicationInstance”隐藏了继承的成员“Teacher_programshow.ApplicationInstance”。如果是有意隐藏，请使用关键字 new。
c:\inetpub\wwwroot\LearnSite\App_Data\Temp\root\325908fa\e276bbf7\assembly\dl3\bb0f3a07\73583237_ef7ddc01\LearnSite.DLL: (与前一个警告相关的符号位置)
c:\inetpub\wwwroot\LearnSite\App_Data\Temp\root\325908fa\e276bbf7\App_Web_fkucpe61.19.cs(135,53): warning CS0108: “ASP.teacher_typechineseset_aspx.Profile”隐藏了继承的成员“Teacher_typechineseset.Profile”。如果是有意隐藏，请使用关键字 new。
c:\inetpub\wwwroot\LearnSite\App_Data\Temp\root\325908fa\e276bbf7\assembly\dl3\bb0f3a07\73583237_ef7ddc01\LearnSite.DLL: (与前一个警告相关的符号位置)
c:\inetpub\wwwroot\LearnSite\App_Data\Temp\root\325908fa\e276bbf7\App_Web_fkucpe61.19.cs(141,46): warning CS0108: “ASP.teacher_typechineseset_aspx.ApplicationInstance”隐藏了继承的成员“Teacher_typechineseset.ApplicationInstance”。如果是有意隐藏，请使用关键字 new。
c:\inetpub\wwwroot\LearnSite\App_Data\Temp\root\325908fa\e276bbf7\assembly\dl3\bb0f3a07\73583237_ef7ddc01\LearnSite.DLL: (与前一个警告相关的符号位置)
c:\inetpub\wwwroot\LearnSite\App_Data\Temp\root\325908fa\e276bbf7\App_Web_fkucpe61.0.cs(135,53): warning CS0108: “ASP.teacher_systeminfo_aspx.Profile”隐藏了继承的成员“Teacher_systeminfo.Profile”。如果是有意隐藏，请使用关键字 new。
c:\inetpub\wwwroot\LearnSite\App_Data\Temp\root\325908fa\e276bbf7\assembly\dl3\bb0f3a07\73583237_ef7ddc01\LearnSite.DLL: (与前一个警告相关的符号位置)
c:\inetpub\wwwroot\LearnSite\App_Data\Temp\root\325908fa\e276bbf7\App_Web_fkucpe61.0.cs(141,46): warning CS0108: “ASP.teacher_systeminfo_aspx.ApplicationInstance”隐藏了继承的成员“Teacher_systeminfo.ApplicationInstance”。如果是有意隐藏，请使用关键字 new。
c:\inetpub\wwwroot\LearnSite\App_Data\Temp\root\325908fa\e276bbf7\assembly\dl3\bb0f3a07\73583237_ef7ddc01\LearnSite.DLL: (与前一个警告相关的符号位置)
c:\inetpub\wwwroot\LearnSite\App_Data\Temp\root\325908fa\e276bbf7\App_Web_fkucpe61.2.cs(135,53): warning CS0108: “ASP.teacher_helper_aspx.Profile”隐藏了继承的成员“Teacher_helper.Profile”。如果是有意隐藏，请使用关键字 new。
c:\inetpub\wwwroot\LearnSite\App_Data\Temp\root\325908fa\e276bbf7\assembly\dl3\bb0f3a07\73583237_ef7ddc01\LearnSite.DLL: (与前一个警告相关的符号位置)
c:\inetpub\wwwroot\LearnSite\App_Data\Temp\root\325908fa\e276bbf7\App_Web_fkucpe61.2.cs(141,46): warning CS0108: “ASP.teacher_helper_aspx.ApplicationInstance”隐藏了继承的成员“Teacher_helper.ApplicationInstance”。如果是有意隐藏，请使用关键字 new。
c:\inetpub\wwwroot\LearnSite\App_Data\Temp\root\325908fa\e276bbf7\assembly\dl3\bb0f3a07\73583237_ef7ddc01\LearnSite.DLL: (与前一个警告相关的符号位置)
c:\inetpub\wwwroot\LearnSite\App_Data\Temp\root\325908fa\e276bbf7\App_Web_fkucpe61.12.cs(135,53): warning CS0108: “ASP.teacher_typerset_aspx.Profile”隐藏了继承的成员“Teacher_typerset.Profile”。如果是有意隐藏，请使用关键字 new。
c:\inetpub\wwwroot\LearnSite\App_Data\Temp\root\325908fa\e276bbf7\assembly\dl3\bb0f3a07\73583237_ef7ddc01\LearnSite.DLL: (与前一个警告相关的符号位置)
c:\inetpub\wwwroot\LearnSite\App_Data\Temp\root\325908fa\e276bbf7\App_Web_fkucpe61.12.cs(141,46): warning CS0108: “ASP.teacher_typerset_aspx.ApplicationInstance”隐藏了继承的成员“Teacher_typerset.ApplicationInstance”。如果是有意隐藏，请使用关键字 new。
c:\inetpub\wwwroot\LearnSite\App_Data\Temp\root\325908fa\e276bbf7\assembly\dl3\bb0f3a07\73583237_ef7ddc01\LearnSite.DLL: (与前一个警告相关的符号位置)
c:\inetpub\wwwroot\LearnSite\App_Data\Temp\root\325908fa\e276bbf7\App_Web_fkucpe61.13.cs(135,53): warning CS0108: “ASP.teacher_htmlshow_aspx.Profile”隐藏了继承的成员“teacher_htmlshow.Profile”。如果是有意隐藏，请使用关键字 new。
c:\inetpub\wwwroot\LearnSite\App_Data\Temp\root\325908fa\e276bbf7\assembly\dl3\bb0f3a07\73583237_ef7ddc01\LearnSite.DLL: (与前一个警告相关的符号位置)
c:\inetpub\wwwroot\LearnSite\App_Data\Temp\root\325908fa\e276bbf7\App_Web_fkucpe61.13.cs(141,46): warning CS0108: “ASP.teacher_htmlshow_aspx.ApplicationInstance”隐藏了继承的成员“teacher_htmlshow.ApplicationInstance”。如果是有意隐藏，请使用关键字 new。
c:\inetpub\wwwroot\LearnSite\App_Data\Temp\root\325908fa\e276bbf7\assembly\dl3\bb0f3a07\73583237_ef7ddc01\LearnSite.DLL: (与前一个警告相关的符号位置)
c:\inetpub\wwwroot\LearnSite\App_Data\Temp\root\325908fa\e276bbf7\App_Web_fkucpe61.10.cs(135,53): warning CS0108: “ASP.teacher_typechineseshow_aspx.Profile”隐藏了继承的成员“Teacher_typechineseshow.Profile”。如果是有意隐藏，请使用关键字 new。
c:\inetpub\wwwroot\LearnSite\App_Data\Temp\root\325908fa\e276bbf7\assembly\dl3\bb0f3a07\73583237_ef7ddc01\LearnSite.DLL: (与前一个警告相关的符号位置)
c:\inetpub\wwwroot\LearnSite\App_Data\Temp\root\325908fa\e276bbf7\App_Web_fkucpe61.10.cs(141,46): warning CS0108: “ASP.teacher_typechineseshow_aspx.ApplicationInstance”隐藏了继承的成员“Teacher_typechineseshow.ApplicationInstance”。如果是有意隐藏，请使用关键字 new。
c:\inetpub\wwwroot\LearnSite\App_Data\Temp\root\325908fa\e276bbf7\assembly\dl3\bb0f3a07\73583237_ef7ddc01\LearnSite.DLL: (与前一个警告相关的符号位置)
c:\inetpub\wwwroot\LearnSite\App_Data\Temp\root\325908fa\e276bbf7\App_Web_fkucpe61.11.cs(135,53): warning CS0108: “ASP.teacher_pythonadd_aspx.Profile”隐藏了继承的成员“Teacher_pythonadd.Profile”。如果是有意隐藏，请使用关键字 new。
c:\inetpub\wwwroot\LearnSite\App_Data\Temp\root\325908fa\e276bbf7\assembly\dl3\bb0f3a07\73583237_ef7ddc01\LearnSite.DLL: (与前一个警告相关的符号位置)
c:\inetpub\wwwroot\LearnSite\App_Data\Temp\root\325908fa\e276bbf7\App_Web_fkucpe61.11.cs(141,46): warning CS0108: “ASP.teacher_pythonadd_aspx.ApplicationInstance”隐藏了继承的成员“Teacher_pythonadd.ApplicationInstance”。如果是有意隐藏，请使用关键字 new。
c:\inetpub\wwwroot\LearnSite\App_Data\Temp\root\325908fa\e276bbf7\assembly\dl3\bb0f3a07\73583237_ef7ddc01\LearnSite.DLL: (与前一个警告相关的符号位置)
c:\inetpub\wwwroot\LearnSite\App_Data\Temp\root\325908fa\e276bbf7\App_Web_fkucpe61.16.cs(135,53): warning CS0108: “ASP.teacher_coursecreate_aspx.Profile”隐藏了继承的成员“Teacher_coursecreate.Profile”。如果是有意隐藏，请使用关键字 new。
c:\inetpub\wwwroot\LearnSite\App_Data\Temp\root\325908fa\e276bbf7\assembly\dl3\bb0f3a07\73583237_ef7ddc01\LearnSite.DLL: (与前一个警告相关的符号位置)
c:\inetpub\wwwroot\LearnSite\App_Data\Temp\root\325908fa\e276bbf7\App_Web_fkucpe61.16.cs(141,46): warning CS0108: “ASP.teacher_coursecreate_aspx.ApplicationInstance”隐藏了继承的成员“Teacher_coursecreate.ApplicationInstance”。如果是有意隐藏，请使用关键字 new。
c:\inetpub\wwwroot\LearnSite\App_Data\Temp\root\325908fa\e276bbf7\assembly\dl3\bb0f3a07\73583237_ef7ddc01\LearnSite.DLL: (与前一个警告相关的符号位置)
c:\inetpub\wwwroot\LearnSite\App_Data\Temp\root\325908fa\e276bbf7\App_Web_fkucpe61.17.cs(135,53): warning CS0108: “ASP.teacher_package_aspx.Profile”隐藏了继承的成员“Teacher_package.Profile”。如果是有意隐藏，请使用关键字 new。
c:\inetpub\wwwroot\LearnSite\App_Data\Temp\root\325908fa\e276bbf7\assembly\dl3\bb0f3a07\73583237_ef7ddc01\LearnSite.DLL: (与前一个警告相关的符号位置)
c:\inetpub\wwwroot\LearnSite\App_Data\Temp\root\325908fa\e276bbf7\App_Web_fkucpe61.17.cs(141,46): warning CS0108: “ASP.teacher_package_aspx.ApplicationInstance”隐藏了继承的成员“Teacher_package.ApplicationInstance”。如果是有意隐藏，请使用关键字 new。
c:\inetpub\wwwroot\LearnSite\App_Data\Temp\root\325908fa\e276bbf7\assembly\dl3\bb0f3a07\73583237_ef7ddc01\LearnSite.DLL: (与前一个警告相关的符号位置)
c:\inetpub\wwwroot\LearnSite\App_Data\Temp\root\325908fa\e276bbf7\App_Web_fkucpe61.4.cs(135,53): warning CS0108: “ASP.teacher_typedel_aspx.Profile”隐藏了继承的成员“Teacher_typedel.Profile”。如果是有意隐藏，请使用关键字 new。
c:\inetpub\wwwroot\LearnSite\App_Data\Temp\root\325908fa\e276bbf7\assembly\dl3\bb0f3a07\73583237_ef7ddc01\LearnSite.DLL: (与前一个警告相关的符号位置)
c:\inetpub\wwwroot\LearnSite\App_Data\Temp\root\325908fa\e276bbf7\App_Web_fkucpe61.4.cs(141,46): warning CS0108: “ASP.teacher_typedel_aspx.ApplicationInstance”隐藏了继承的成员“Teacher_typedel.ApplicationInstance”。如果是有意隐藏，请使用关键字 new。
c:\inetpub\wwwroot\LearnSite\App_Data\Temp\root\325908fa\e276bbf7\assembly\dl3\bb0f3a07\73583237_ef7ddc01\LearnSite.DLL: (与前一个警告相关的符号位置)
c:\inetpub\wwwroot\LearnSite\App_Data\Temp\root\325908fa\e276bbf7\App_Web_fkucpe61.15.cs(135,53): warning CS0108: “ASP.teacher_missionadd_aspx.Profile”隐藏了继承的成员“Teacher_missionadd.Profile”。如果是有意隐藏，请使用关键字 new。
c:\inetpub\wwwroot\LearnSite\App_Data\Temp\root\325908fa\e276bbf7\assembly\dl3\bb0f3a07\73583237_ef7ddc01\LearnSite.DLL: (与前一个警告相关的符号位置)
c:\inetpub\wwwroot\LearnSite\App_Data\Temp\root\325908fa\e276bbf7\App_Web_fkucpe61.15.cs(141,46): warning CS0108: “ASP.teacher_missionadd_aspx.ApplicationInstance”隐藏了继承的成员“Teacher_missionadd.ApplicationInstance”。如果是有意隐藏，请使用关键字 new。
c:\inetpub\wwwroot\LearnSite\App_Data\Temp\root\325908fa\e276bbf7\assembly\dl3\bb0f3a07\73583237_ef7ddc01\LearnSite.DLL: (与前一个警告相关的符号位置)
c:\inetpub\wwwroot\LearnSite\App_Data\Temp\root\325908fa\e276bbf7\App_Web_fkucpe61.20.cs(135,53): warning CS0108: “ASP.teacher_courseanalyse_aspx.Profile”隐藏了继承的成员“Teacher_courseanalyse.Profile”。如果是有意隐藏，请使用关键字 new。
c:\inetpub\wwwroot\LearnSite\App_Data\Temp\root\325908fa\e276bbf7\assembly\dl3\bb0f3a07\73583237_ef7ddc01\LearnSite.DLL: (与前一个警告相关的符号位置)
c:\inetpub\wwwroot\LearnSite\App_Data\Temp\root\325908fa\e276bbf7\App_Web_fkucpe61.20.cs(141,46): warning CS0108: “ASP.teacher_courseanalyse_aspx.ApplicationInstance”隐藏了继承的成员“Teacher_courseanalyse.ApplicationInstance”。如果是有意隐藏，请使用关键字 new。
c:\inetpub\wwwroot\LearnSite\App_Data\Temp\root\325908fa\e276bbf7\assembly\dl3\bb0f3a07\73583237_ef7ddc01\LearnSite.DLL: (与前一个警告相关的符号位置)
c:\inetpub\wwwroot\LearnSite\App_Data\Temp\root\325908fa\e276bbf7\App_Web_fkucpe61.18.cs(135,53): warning CS0108: “ASP.teacher_graphadd_aspx.Profile”隐藏了继承的成员“Teacher_graphadd.Profile”。如果是有意隐藏，请使用关键字 new。
c:\inetpub\wwwroot\LearnSite\App_Data\Temp\root\325908fa\e276bbf7\assembly\dl3\bb0f3a07\73583237_ef7ddc01\LearnSite.DLL: (与前一个警告相关的符号位置)
c:\inetpub\wwwroot\LearnSite\App_Data\Temp\root\325908fa\e276bbf7\App_Web_fkucpe61.18.cs(141,46): warning CS0108: “ASP.teacher_graphadd_aspx.ApplicationInstance”隐藏了继承的成员“Teacher_graphadd.ApplicationInstance”。如果是有意隐藏，请使用关键字 new。
c:\inetpub\wwwroot\LearnSite\App_Data\Temp\root\325908fa\e276bbf7\assembly\dl3\bb0f3a07\73583237_ef7ddc01\LearnSite.DLL: (与前一个警告相关的符号位置)
c:\inetpub\wwwroot\LearnSite\App_Data\Temp\root\325908fa\e276bbf7\App_Web_fkucpe61.8.cs(135,53): warning CS0108: “ASP.teacher_wareshow_aspx.Profile”隐藏了继承的成员“teacher_wareshow.Profile”。如果是有意隐藏，请使用关键字 new。
c:\inetpub\wwwroot\LearnSite\App_Data\Temp\root\325908fa\e276bbf7\assembly\dl3\bb0f3a07\73583237_ef7ddc01\LearnSite.DLL: (与前一个警告相关的符号位置)
c:\inetpub\wwwroot\LearnSite\App_Data\Temp\root\325908fa\e276bbf7\App_Web_fkucpe61.8.cs(141,46): warning CS0108: “ASP.teacher_wareshow_aspx.ApplicationInstance”隐藏了继承的成员“teacher_wareshow.ApplicationInstance”。如果是有意隐藏，请使用关键字 new。
c:\inetpub\wwwroot\LearnSite\App_Data\Temp\root\325908fa\e276bbf7\assembly\dl3\bb0f3a07\73583237_ef7ddc01\LearnSite.DLL: (与前一个警告相关的符号位置)
c:\inetpub\wwwroot\LearnSite\App_Data\Temp\root\325908fa\e276bbf7\App_Web_fkucpe61.1.cs(135,53): warning CS0108: “ASP.teacher_txtformedit_aspx.Profile”隐藏了继承的成员“Teacher_txtformedit.Profile”。如果是有意隐藏，请使用关键字 new。
c:\inetpub\wwwroot\LearnSite\App_Data\Temp\root\325908fa\e276bbf7\assembly\dl3\bb0f3a07\73583237_ef7ddc01\LearnSite.DLL: (与前一个警告相关的符号位置)
c:\inetpub\wwwroot\LearnSite\App_Data\Temp\root\325908fa\e276bbf7\App_Web_fkucpe61.1.cs(141,46): warning CS0108: “ASP.teacher_txtformedit_aspx.ApplicationInstance”隐藏了继承的成员“Teacher_txtformedit.ApplicationInstance”。如果是有意隐藏，请使用关键字 new。
c:\inetpub\wwwroot\LearnSite\App_Data\Temp\root\325908fa\e276bbf7\assembly\dl3\bb0f3a07\73583237_ef7ddc01\LearnSite.DLL: (与前一个警告相关的符号位置)
c:\inetpub\wwwroot\LearnSite\App_Data\Temp\root\325908fa\e276bbf7\App_Web_fkucpe61.3.cs(135,53): warning CS0108: “ASP.teacher_index_aspx.Profile”隐藏了继承的成员“Teacher_index.Profile”。如果是有意隐藏，请使用关键字 new。
c:\inetpub\wwwroot\LearnSite\App_Data\Temp\root\325908fa\e276bbf7\assembly\dl3\bb0f3a07\73583237_ef7ddc01\LearnSite.DLL: (与前一个警告相关的符号位置)
c:\inetpub\wwwroot\LearnSite\App_Data\Temp\root\325908fa\e276bbf7\App_Web_fkucpe61.3.cs(141,46): warning CS0108: “ASP.teacher_index_aspx.ApplicationInstance”隐藏了继承的成员“Teacher_index.ApplicationInstance”。如果是有意隐藏，请使用关键字 new。
c:\inetpub\wwwroot\LearnSite\App_Data\Temp\root\325908fa\e276bbf7\assembly\dl3\bb0f3a07\73583237_ef7ddc01\LearnSite.DLL: (与前一个警告相关的符号位置)
c:\inetpub\wwwroot\LearnSite\App_Data\Temp\root\325908fa\e276bbf7\App_Web_fkucpe61.5.cs(135,53): warning CS0108: “ASP.teacher_judgeedit_aspx.Profile”隐藏了继承的成员“Teacher_judgeedit.Profile”。如果是有意隐藏，请使用关键字 new。
c:\inetpub\wwwroot\LearnSite\App_Data\Temp\root\325908fa\e276bbf7\assembly\dl3\bb0f3a07\73583237_ef7ddc01\LearnSite.DLL: (与前一个警告相关的符号位置)
c:\inetpub\wwwroot\LearnSite\App_Data\Temp\root\325908fa\e276bbf7\App_Web_fkucpe61.5.cs(141,46): warning CS0108: “ASP.teacher_judgeedit_aspx.ApplicationInstance”隐藏了继承的成员“Teacher_judgeedit.ApplicationInstance”。如果是有意隐藏，请使用关键字 new。
c:\inetpub\wwwroot\LearnSite\App_Data\Temp\root\325908fa\e276bbf7\assembly\dl3\bb0f3a07\73583237_ef7ddc01\LearnSite.DLL: (与前一个警告相关的符号位置)
c:\inetpub\wwwroot\LearnSite\App_Data\Temp\root\325908fa\e276bbf7\App_Web_fkucpe61.14.cs(135,53): warning CS0108: “ASP.teacher_softdel_aspx.Profile”隐藏了继承的成员“Teacher_softdel.Profile”。如果是有意隐藏，请使用关键字 new。
c:\inetpub\wwwroot\LearnSite\App_Data\Temp\root\325908fa\e276bbf7\assembly\dl3\bb0f3a07\73583237_ef7ddc01\LearnSite.DLL: (与前一个警告相关的符号位置)
c:\inetpub\wwwroot\LearnSite\App_Data\Temp\root\325908fa\e276bbf7\App_Web_fkucpe61.14.cs(141,46): warning CS0108: “ASP.teacher_softdel_aspx.ApplicationInstance”隐藏了继承的成员“Teacher_softdel.ApplicationInstance”。如果是有意隐藏，请使用关键字 new。
c:\inetpub\wwwroot\LearnSite\App_Data\Temp\root\325908fa\e276bbf7\assembly\dl3\bb0f3a07\73583237_ef7ddc01\LearnSite.DLL: (与前一个警告相关的符号位置)
c:\inetpub\wwwroot\LearnSite\App_Data\Temp\root\325908fa\e276bbf7\App_Web_fkucpe61.9.cs(135,53): warning CS0108: “ASP.teacher_pixeledit_aspx.Profile”隐藏了继承的成员“Teacher_pixeledit.Profile”。如果是有意隐藏，请使用关键字 new。
c:\inetpub\wwwroot\LearnSite\App_Data\Temp\root\325908fa\e276bbf7\assembly\dl3\bb0f3a07\73583237_ef7ddc01\LearnSite.DLL: (与前一个警告相关的符号位置)
c:\inetpub\wwwroot\LearnSite\App_Data\Temp\root\325908fa\e276bbf7\App_Web_fkucpe61.9.cs(141,46): warning CS0108: “ASP.teacher_pixeledit_aspx.ApplicationInstance”隐藏了继承的成员“Teacher_pixeledit.ApplicationInstance”。如果是有意隐藏，请使用关键字 new。
c:\inetpub\wwwroot\LearnSite\App_Data\Temp\root\325908fa\e276bbf7\assembly\dl3\bb0f3a07\73583237_ef7ddc01\LearnSite.DLL: (与前一个警告相关的符号位置)
