C:\Windows\SysWOW64\inetsrv> "C:\Windows\Microsoft.NET\Framework\v2.0.50727\csc.exe" /t:library /utf8output /R:"C:\Windows\assembly\GAC_MSIL\System\2.0.0.0__b77a5c561934e089\System.dll" /R:"C:\inetpub\wwwroot\LearnSite\App_Data\Temp\root\325908fa\e276bbf7\assembly\dl3\7d0c22b2\0004936e_e323ce01\SimplePsd.DLL" /R:"C:\inetpub\wwwroot\LearnSite\App_Data\Temp\root\325908fa\e276bbf7\assembly\dl3\0dc983cb\0071b915_d746cd01\LitJSON.DLL" /R:"C:\inetpub\wwwroot\LearnSite\App_Data\Temp\root\325908fa\e276bbf7\assembly\dl3\86fd1a1e\00694688_5596d501\Newtonsoft.Json.DLL" /R:"C:\Windows\assembly\GAC_MSIL\System.Xml\2.0.0.0__b77a5c561934e089\System.Xml.dll" /R:"C:\inetpub\wwwroot\LearnSite\App_Data\Temp\root\325908fa\e276bbf7\assembly\dl3\06b01f53\00bbafb3_68fbcb01\Anthem.DLL" /R:"C:\Windows\assembly\GAC_MSIL\System.Web.Services\2.0.0.0__b03f5f7f11d50a3a\System.Web.Services.dll" /R:"C:\Windows\assembly\GAC_MSIL\System.Runtime.Serialization\3.0.0.0__b77a5c561934e089\System.Runtime.Serialization.dll" /R:"C:\Windows\assembly\GAC_32\System.Web\2.0.0.0__b03f5f7f11d50a3a\System.Web.dll" /R:"C:\inetpub\wwwroot\LearnSite\App_Data\Temp\root\325908fa\e276bbf7\assembly\dl3\b75f6f8e\2c1975dd_c23ccf01\ICSharpCode.SharpZipLib.DLL" /R:"C:\inetpub\wwwroot\LearnSite\App_Data\Temp\root\325908fa\e276bbf7\assembly\dl3\226c1566\417e5aae_0e4dd701\mxgraph.DLL" /R:"C:\Windows\assembly\GAC_MSIL\System.ServiceModel\3.0.0.0__b77a5c561934e089\System.ServiceModel.dll" /R:"C:\inetpub\wwwroot\LearnSite\App_Data\Temp\root\325908fa\e276bbf7\assembly\dl3\56a5cb0a\00439c98_ce5ec701\zlib.net.DLL" /R:"C:\inetpub\wwwroot\LearnSite\App_Data\Temp\root\325908fa\e276bbf7\assembly\dl3\a42604fa\009cd9e5_624ac301\log4net.DLL" /R:"C:\inetpub\wwwroot\LearnSite\App_Data\Temp\root\325908fa\e276bbf7\assembly\dl3\bb0f3a07\73583237_ef7ddc01\LearnSite.DLL" /R:"C:\inetpub\wwwroot\LearnSite\App_Data\Temp\root\325908fa\e276bbf7\assembly\dl3\ccf97435\b0d9f471_c690cf01\NPOI.DLL" /R:"C:\Windows\assembly\GAC_MSIL\System.IdentityModel\3.0.0.0__b77a5c561934e089\System.IdentityModel.dll" /R:"C:\inetpub\wwwroot\LearnSite\App_Data\Temp\root\325908fa\e276bbf7\assembly\dl3\840374c6\103a5ba8_db91cf01\NPOI.OpenXmlFormats.DLL" /R:"C:\Windows\assembly\GAC_MSIL\System.Web.Mobile\2.0.0.0__b03f5f7f11d50a3a\System.Web.Mobile.dll" /R:"C:\Windows\assembly\GAC_MSIL\System.WorkflowServices\3.5.0.0__31bf3856ad364e35\System.WorkflowServices.dll" /R:"C:\inetpub\wwwroot\LearnSite\App_Data\Temp\root\325908fa\e276bbf7\assembly\dl3\39a80ea2\f8a40d15_4a69cd01\NPinyin.DLL" /R:"C:\Windows\Microsoft.NET\Framework\v2.0.50727\mscorlib.dll" /R:"C:\inetpub\wwwroot\LearnSite\App_Data\Temp\root\325908fa\e276bbf7\assembly\dl3\b8ce1351\30b7c898_db91cf01\NPOI.OpenXml4Net.DLL" /R:"C:\inetpub\wwwroot\LearnSite\App_Data\Temp\root\325908fa\e276bbf7\assembly\dl3\3e3ef6fc\000cf6d8_6b03cd01\SwfDotNet.IO.DLL" /R:"C:\Windows\assembly\GAC_MSIL\System.Configuration\2.0.0.0__b03f5f7f11d50a3a\System.Configuration.dll" /R:"C:\Windows\assembly\GAC_MSIL\System.ServiceModel.Web\3.5.0.0__31bf3856ad364e35\System.ServiceModel.Web.dll" /R:"C:\Windows\assembly\GAC_32\System.Data\2.0.0.0__b77a5c561934e089\System.Data.dll" /R:"C:\inetpub\wwwroot\LearnSite\App_Data\Temp\root\325908fa\e276bbf7\assembly\dl3\54295343\0036a627_973ace01\MailLog.DLL" /R:"C:\inetpub\wwwroot\LearnSite\App_Data\Temp\root\325908fa\e276bbf7\assembly\dl3\ce1ff304\c0a622b0_db91cf01\NPOI.OOXML.DLL" /R:"C:\Windows\assembly\GAC_MSIL\System.Drawing\2.0.0.0__b03f5f7f11d50a3a\System.Drawing.dll" /R:"C:\Windows\assembly\GAC_32\System.EnterpriseServices\2.0.0.0__b03f5f7f11d50a3a\System.EnterpriseServices.dll" /out:"C:\inetpub\wwwroot\LearnSite\App_Data\Temp\root\325908fa\e276bbf7\App_Web_v0nriqn2.dll" /D:DEBUG /debug+ /optimize- /win32res:"C:\inetpub\wwwroot\LearnSite\App_Data\Temp\root\325908fa\e276bbf7\v0nriqn2.res" /w:4 /nowarn:1659;1699;1701  "C:\inetpub\wwwroot\LearnSite\App_Data\Temp\root\325908fa\e276bbf7\App_Web_v0nriqn2.18.cs" "C:\inetpub\wwwroot\LearnSite\App_Data\Temp\root\325908fa\e276bbf7\App_Web_v0nriqn2.1.cs" "C:\inetpub\wwwroot\LearnSite\App_Data\Temp\root\325908fa\e276bbf7\App_Web_v0nriqn2.40.cs" "C:\inetpub\wwwroot\LearnSite\App_Data\Temp\root\325908fa\e276bbf7\App_Web_v0nriqn2.43.cs" "C:\inetpub\wwwroot\LearnSite\App_Data\Temp\root\325908fa\e276bbf7\App_Web_v0nriqn2.42.cs" "C:\inetpub\wwwroot\LearnSite\App_Data\Temp\root\325908fa\e276bbf7\App_Web_v0nriqn2.49.cs" "C:\inetpub\wwwroot\LearnSite\App_Data\Temp\root\325908fa\e276bbf7\App_Web_v0nriqn2.35.cs" "C:\inetpub\wwwroot\LearnSite\App_Data\Temp\root\325908fa\e276bbf7\App_Web_v0nriqn2.8.cs" "C:\inetpub\wwwroot\LearnSite\App_Data\Temp\root\325908fa\e276bbf7\App_Web_v0nriqn2.37.cs" "C:\inetpub\wwwroot\LearnSite\App_Data\Temp\root\325908fa\e276bbf7\App_Web_v0nriqn2.36.cs" "C:\inetpub\wwwroot\LearnSite\App_Data\Temp\root\325908fa\e276bbf7\App_Web_v0nriqn2.31.cs" "C:\inetpub\wwwroot\LearnSite\App_Data\Temp\root\325908fa\e276bbf7\App_Web_v0nriqn2.30.cs" "C:\inetpub\wwwroot\LearnSite\App_Data\Temp\root\325908fa\e276bbf7\App_Web_v0nriqn2.6.cs" "C:\inetpub\wwwroot\LearnSite\App_Data\Temp\root\325908fa\e276bbf7\App_Web_v0nriqn2.32.cs" "C:\inetpub\wwwroot\LearnSite\App_Data\Temp\root\325908fa\e276bbf7\App_Web_v0nriqn2.39.cs" "C:\inetpub\wwwroot\LearnSite\App_Data\Temp\root\325908fa\e276bbf7\App_Web_v0nriqn2.38.cs" "C:\inetpub\wwwroot\LearnSite\App_Data\Temp\root\325908fa\e276bbf7\App_Web_v0nriqn2.9.cs" "C:\inetpub\wwwroot\LearnSite\App_Data\Temp\root\325908fa\e276bbf7\App_Web_v0nriqn2.34.cs" "C:\inetpub\wwwroot\LearnSite\App_Data\Temp\root\325908fa\e276bbf7\App_Web_v0nriqn2.0.cs" "C:\inetpub\wwwroot\LearnSite\App_Data\Temp\root\325908fa\e276bbf7\App_Web_v0nriqn2.33.cs" "C:\inetpub\wwwroot\LearnSite\App_Data\Temp\root\325908fa\e276bbf7\App_Web_v0nriqn2.25.cs" "C:\inetpub\wwwroot\LearnSite\App_Data\Temp\root\325908fa\e276bbf7\App_Web_v0nriqn2.24.cs" "C:\inetpub\wwwroot\LearnSite\App_Data\Temp\root\325908fa\e276bbf7\App_Web_v0nriqn2.27.cs" "C:\inetpub\wwwroot\LearnSite\App_Data\Temp\root\325908fa\e276bbf7\App_Web_v0nriqn2.26.cs" "C:\inetpub\wwwroot\LearnSite\App_Data\Temp\root\325908fa\e276bbf7\App_Web_v0nriqn2.21.cs" "C:\inetpub\wwwroot\LearnSite\App_Data\Temp\root\325908fa\e276bbf7\App_Web_v0nriqn2.20.cs" "C:\inetpub\wwwroot\LearnSite\App_Data\Temp\root\325908fa\e276bbf7\App_Web_v0nriqn2.23.cs" "C:\inetpub\wwwroot\LearnSite\App_Data\Temp\root\325908fa\e276bbf7\App_Web_v0nriqn2.22.cs" "C:\inetpub\wwwroot\LearnSite\App_Data\Temp\root\325908fa\e276bbf7\App_Web_v0nriqn2.29.cs" "C:\inetpub\wwwroot\LearnSite\App_Data\Temp\root\325908fa\e276bbf7\App_Web_v0nriqn2.28.cs" "C:\inetpub\wwwroot\LearnSite\App_Data\Temp\root\325908fa\e276bbf7\App_Web_v0nriqn2.7.cs" "C:\inetpub\wwwroot\LearnSite\App_Data\Temp\root\325908fa\e276bbf7\App_Web_v0nriqn2.2.cs" "C:\inetpub\wwwroot\LearnSite\App_Data\Temp\root\325908fa\e276bbf7\App_Web_v0nriqn2.4.cs" "C:\inetpub\wwwroot\LearnSite\App_Data\Temp\root\325908fa\e276bbf7\App_Web_v0nriqn2.3.cs" "C:\inetpub\wwwroot\LearnSite\App_Data\Temp\root\325908fa\e276bbf7\App_Web_v0nriqn2.48.cs" "C:\inetpub\wwwroot\LearnSite\App_Data\Temp\root\325908fa\e276bbf7\App_Web_v0nriqn2.45.cs" "C:\inetpub\wwwroot\LearnSite\App_Data\Temp\root\325908fa\e276bbf7\App_Web_v0nriqn2.44.cs" "C:\inetpub\wwwroot\LearnSite\App_Data\Temp\root\325908fa\e276bbf7\App_Web_v0nriqn2.47.cs" "C:\inetpub\wwwroot\LearnSite\App_Data\Temp\root\325908fa\e276bbf7\App_Web_v0nriqn2.46.cs" "C:\inetpub\wwwroot\LearnSite\App_Data\Temp\root\325908fa\e276bbf7\App_Web_v0nriqn2.41.cs" "C:\inetpub\wwwroot\LearnSite\App_Data\Temp\root\325908fa\e276bbf7\App_Web_v0nriqn2.5.cs" "C:\inetpub\wwwroot\LearnSite\App_Data\Temp\root\325908fa\e276bbf7\App_Web_v0nriqn2.15.cs" "C:\inetpub\wwwroot\LearnSite\App_Data\Temp\root\325908fa\e276bbf7\App_Web_v0nriqn2.14.cs" "C:\inetpub\wwwroot\LearnSite\App_Data\Temp\root\325908fa\e276bbf7\App_Web_v0nriqn2.17.cs" "C:\inetpub\wwwroot\LearnSite\App_Data\Temp\root\325908fa\e276bbf7\App_Web_v0nriqn2.16.cs" "C:\inetpub\wwwroot\LearnSite\App_Data\Temp\root\325908fa\e276bbf7\App_Web_v0nriqn2.11.cs" "C:\inetpub\wwwroot\LearnSite\App_Data\Temp\root\325908fa\e276bbf7\App_Web_v0nriqn2.10.cs" "C:\inetpub\wwwroot\LearnSite\App_Data\Temp\root\325908fa\e276bbf7\App_Web_v0nriqn2.13.cs" "C:\inetpub\wwwroot\LearnSite\App_Data\Temp\root\325908fa\e276bbf7\App_Web_v0nriqn2.12.cs" "C:\inetpub\wwwroot\LearnSite\App_Data\Temp\root\325908fa\e276bbf7\App_Web_v0nriqn2.19.cs"


Microsoft (R) Visual C# 2005 编译器 版本 8.00.50727.9031
用于 Microsoft (R) Windows (R) 2005 Framework 版本 2.0.50727
版权所有(C) Microsoft Corporation 2001-2005。保留所有权利。

c:\inetpub\wwwroot\LearnSite\App_Data\Temp\root\325908fa\e276bbf7\App_Web_v0nriqn2.18.cs(128,53): warning CS0108: “ASP.student_pythonidle_aspx.Profile”隐藏了继承的成员“Student_pythonIdle.Profile”。如果是有意隐藏，请使用关键字 new。
c:\inetpub\wwwroot\LearnSite\App_Data\Temp\root\325908fa\e276bbf7\assembly\dl3\bb0f3a07\73583237_ef7ddc01\LearnSite.DLL: (与前一个警告相关的符号位置)
c:\inetpub\wwwroot\LearnSite\App_Data\Temp\root\325908fa\e276bbf7\App_Web_v0nriqn2.18.cs(134,46): warning CS0108: “ASP.student_pythonidle_aspx.ApplicationInstance”隐藏了继承的成员“Student_pythonIdle.ApplicationInstance”。如果是有意隐藏，请使用关键字 new。
c:\inetpub\wwwroot\LearnSite\App_Data\Temp\root\325908fa\e276bbf7\assembly\dl3\bb0f3a07\73583237_ef7ddc01\LearnSite.DLL: (与前一个警告相关的符号位置)
c:\inetpub\wwwroot\LearnSite\App_Data\Temp\root\325908fa\e276bbf7\App_Web_v0nriqn2.43.cs(128,53): warning CS0108: “ASP.student_quizrank_aspx.Profile”隐藏了继承的成员“Student_quizrank.Profile”。如果是有意隐藏，请使用关键字 new。
c:\inetpub\wwwroot\LearnSite\App_Data\Temp\root\325908fa\e276bbf7\assembly\dl3\bb0f3a07\73583237_ef7ddc01\LearnSite.DLL: (与前一个警告相关的符号位置)
c:\inetpub\wwwroot\LearnSite\App_Data\Temp\root\325908fa\e276bbf7\App_Web_v0nriqn2.43.cs(134,46): warning CS0108: “ASP.student_quizrank_aspx.ApplicationInstance”隐藏了继承的成员“Student_quizrank.ApplicationInstance”。如果是有意隐藏，请使用关键字 new。
c:\inetpub\wwwroot\LearnSite\App_Data\Temp\root\325908fa\e276bbf7\assembly\dl3\bb0f3a07\73583237_ef7ddc01\LearnSite.DLL: (与前一个警告相关的符号位置)
c:\inetpub\wwwroot\LearnSite\App_Data\Temp\root\325908fa\e276bbf7\App_Web_v0nriqn2.42.cs(128,53): warning CS0108: “ASP.student_webstoresql_aspx.Profile”隐藏了继承的成员“student_webstoresql.Profile”。如果是有意隐藏，请使用关键字 new。
c:\inetpub\wwwroot\LearnSite\App_Data\Temp\root\325908fa\e276bbf7\assembly\dl3\bb0f3a07\73583237_ef7ddc01\LearnSite.DLL: (与前一个警告相关的符号位置)
c:\inetpub\wwwroot\LearnSite\App_Data\Temp\root\325908fa\e276bbf7\App_Web_v0nriqn2.42.cs(134,46): warning CS0108: “ASP.student_webstoresql_aspx.ApplicationInstance”隐藏了继承的成员“student_webstoresql.ApplicationInstance”。如果是有意隐藏，请使用关键字 new。
c:\inetpub\wwwroot\LearnSite\App_Data\Temp\root\325908fa\e276bbf7\assembly\dl3\bb0f3a07\73583237_ef7ddc01\LearnSite.DLL: (与前一个警告相关的符号位置)
c:\inetpub\wwwroot\LearnSite\App_Data\Temp\root\325908fa\e276bbf7\App_Web_v0nriqn2.8.cs(128,53): warning CS0108: “ASP.student_mysurveymate_aspx.Profile”隐藏了继承的成员“Student_mysurveymate.Profile”。如果是有意隐藏，请使用关键字 new。
c:\inetpub\wwwroot\LearnSite\App_Data\Temp\root\325908fa\e276bbf7\assembly\dl3\bb0f3a07\73583237_ef7ddc01\LearnSite.DLL: (与前一个警告相关的符号位置)
c:\inetpub\wwwroot\LearnSite\App_Data\Temp\root\325908fa\e276bbf7\App_Web_v0nriqn2.8.cs(134,46): warning CS0108: “ASP.student_mysurveymate_aspx.ApplicationInstance”隐藏了继承的成员“Student_mysurveymate.ApplicationInstance”。如果是有意隐藏，请使用关键字 new。
c:\inetpub\wwwroot\LearnSite\App_Data\Temp\root\325908fa\e276bbf7\assembly\dl3\bb0f3a07\73583237_ef7ddc01\LearnSite.DLL: (与前一个警告相关的符号位置)
c:\inetpub\wwwroot\LearnSite\App_Data\Temp\root\325908fa\e276bbf7\App_Web_v0nriqn2.37.cs(128,53): warning CS0108: “ASP.student_pythonblock_aspx.Profile”隐藏了继承的成员“student_pythonblock.Profile”。如果是有意隐藏，请使用关键字 new。
c:\inetpub\wwwroot\LearnSite\App_Data\Temp\root\325908fa\e276bbf7\assembly\dl3\bb0f3a07\73583237_ef7ddc01\LearnSite.DLL: (与前一个警告相关的符号位置)
c:\inetpub\wwwroot\LearnSite\App_Data\Temp\root\325908fa\e276bbf7\App_Web_v0nriqn2.37.cs(134,46): warning CS0108: “ASP.student_pythonblock_aspx.ApplicationInstance”隐藏了继承的成员“student_pythonblock.ApplicationInstance”。如果是有意隐藏，请使用关键字 new。
c:\inetpub\wwwroot\LearnSite\App_Data\Temp\root\325908fa\e276bbf7\assembly\dl3\bb0f3a07\73583237_ef7ddc01\LearnSite.DLL: (与前一个警告相关的符号位置)
c:\inetpub\wwwroot\LearnSite\App_Data\Temp\root\325908fa\e276bbf7\App_Web_v0nriqn2.36.cs(128,53): warning CS0108: “ASP.student_pythonblockly_aspx.Profile”隐藏了继承的成员“student_pythonblockly.Profile”。如果是有意隐藏，请使用关键字 new。
c:\inetpub\wwwroot\LearnSite\App_Data\Temp\root\325908fa\e276bbf7\assembly\dl3\bb0f3a07\73583237_ef7ddc01\LearnSite.DLL: (与前一个警告相关的符号位置)
c:\inetpub\wwwroot\LearnSite\App_Data\Temp\root\325908fa\e276bbf7\App_Web_v0nriqn2.36.cs(134,46): warning CS0108: “ASP.student_pythonblockly_aspx.ApplicationInstance”隐藏了继承的成员“student_pythonblockly.ApplicationInstance”。如果是有意隐藏，请使用关键字 new。
c:\inetpub\wwwroot\LearnSite\App_Data\Temp\root\325908fa\e276bbf7\assembly\dl3\bb0f3a07\73583237_ef7ddc01\LearnSite.DLL: (与前一个警告相关的符号位置)
c:\inetpub\wwwroot\LearnSite\App_Data\Temp\root\325908fa\e276bbf7\App_Web_v0nriqn2.31.cs(128,53): warning CS0108: “ASP.student_allchinese_aspx.Profile”隐藏了继承的成员“Student_allchinese.Profile”。如果是有意隐藏，请使用关键字 new。
c:\inetpub\wwwroot\LearnSite\App_Data\Temp\root\325908fa\e276bbf7\assembly\dl3\bb0f3a07\73583237_ef7ddc01\LearnSite.DLL: (与前一个警告相关的符号位置)
c:\inetpub\wwwroot\LearnSite\App_Data\Temp\root\325908fa\e276bbf7\App_Web_v0nriqn2.31.cs(134,46): warning CS0108: “ASP.student_allchinese_aspx.ApplicationInstance”隐藏了继承的成员“Student_allchinese.ApplicationInstance”。如果是有意隐藏，请使用关键字 new。
c:\inetpub\wwwroot\LearnSite\App_Data\Temp\root\325908fa\e276bbf7\assembly\dl3\bb0f3a07\73583237_ef7ddc01\LearnSite.DLL: (与前一个警告相关的符号位置)
c:\inetpub\wwwroot\LearnSite\App_Data\Temp\root\325908fa\e276bbf7\App_Web_v0nriqn2.6.cs(128,53): warning CS0108: “ASP.student_mqtt_aspx.Profile”隐藏了继承的成员“student_mqtt.Profile”。如果是有意隐藏，请使用关键字 new。
c:\inetpub\wwwroot\LearnSite\App_Data\Temp\root\325908fa\e276bbf7\assembly\dl3\bb0f3a07\73583237_ef7ddc01\LearnSite.DLL: (与前一个警告相关的符号位置)
c:\inetpub\wwwroot\LearnSite\App_Data\Temp\root\325908fa\e276bbf7\App_Web_v0nriqn2.6.cs(134,46): warning CS0108: “ASP.student_mqtt_aspx.ApplicationInstance”隐藏了继承的成员“student_mqtt.ApplicationInstance”。如果是有意隐藏，请使用关键字 new。
c:\inetpub\wwwroot\LearnSite\App_Data\Temp\root\325908fa\e276bbf7\assembly\dl3\bb0f3a07\73583237_ef7ddc01\LearnSite.DLL: (与前一个警告相关的符号位置)
c:\inetpub\wwwroot\LearnSite\App_Data\Temp\root\325908fa\e276bbf7\App_Web_v0nriqn2.32.cs(128,53): warning CS0108: “ASP.student_markdown_aspx.Profile”隐藏了继承的成员“student_markdown.Profile”。如果是有意隐藏，请使用关键字 new。
c:\inetpub\wwwroot\LearnSite\App_Data\Temp\root\325908fa\e276bbf7\assembly\dl3\bb0f3a07\73583237_ef7ddc01\LearnSite.DLL: (与前一个警告相关的符号位置)
c:\inetpub\wwwroot\LearnSite\App_Data\Temp\root\325908fa\e276bbf7\App_Web_v0nriqn2.32.cs(134,46): warning CS0108: “ASP.student_markdown_aspx.ApplicationInstance”隐藏了继承的成员“student_markdown.ApplicationInstance”。如果是有意隐藏，请使用关键字 new。
c:\inetpub\wwwroot\LearnSite\App_Data\Temp\root\325908fa\e276bbf7\assembly\dl3\bb0f3a07\73583237_ef7ddc01\LearnSite.DLL: (与前一个警告相关的符号位置)
c:\inetpub\wwwroot\LearnSite\App_Data\Temp\root\325908fa\e276bbf7\App_Web_v0nriqn2.38.cs(128,53): warning CS0108: “ASP.student_webstore_aspx.Profile”隐藏了继承的成员“student_webstore.Profile”。如果是有意隐藏，请使用关键字 new。
c:\inetpub\wwwroot\LearnSite\App_Data\Temp\root\325908fa\e276bbf7\assembly\dl3\bb0f3a07\73583237_ef7ddc01\LearnSite.DLL: (与前一个警告相关的符号位置)
c:\inetpub\wwwroot\LearnSite\App_Data\Temp\root\325908fa\e276bbf7\App_Web_v0nriqn2.38.cs(134,46): warning CS0108: “ASP.student_webstore_aspx.ApplicationInstance”隐藏了继承的成员“student_webstore.ApplicationInstance”。如果是有意隐藏，请使用关键字 new。
c:\inetpub\wwwroot\LearnSite\App_Data\Temp\root\325908fa\e276bbf7\assembly\dl3\bb0f3a07\73583237_ef7ddc01\LearnSite.DLL: (与前一个警告相关的符号位置)
c:\inetpub\wwwroot\LearnSite\App_Data\Temp\root\325908fa\e276bbf7\App_Web_v0nriqn2.9.cs(128,53): warning CS0108: “ASP.student_pixel_aspx.Profile”隐藏了继承的成员“Student_pixel.Profile”。如果是有意隐藏，请使用关键字 new。
c:\inetpub\wwwroot\LearnSite\App_Data\Temp\root\325908fa\e276bbf7\assembly\dl3\bb0f3a07\73583237_ef7ddc01\LearnSite.DLL: (与前一个警告相关的符号位置)
c:\inetpub\wwwroot\LearnSite\App_Data\Temp\root\325908fa\e276bbf7\App_Web_v0nriqn2.9.cs(134,46): warning CS0108: “ASP.student_pixel_aspx.ApplicationInstance”隐藏了继承的成员“Student_pixel.ApplicationInstance”。如果是有意隐藏，请使用关键字 new。
c:\inetpub\wwwroot\LearnSite\App_Data\Temp\root\325908fa\e276bbf7\assembly\dl3\bb0f3a07\73583237_ef7ddc01\LearnSite.DLL: (与前一个警告相关的符号位置)
c:\inetpub\wwwroot\LearnSite\App_Data\Temp\root\325908fa\e276bbf7\App_Web_v0nriqn2.34.cs(128,53): warning CS0108: “ASP.student_word_aspx.Profile”隐藏了继承的成员“student_word.Profile”。如果是有意隐藏，请使用关键字 new。
c:\inetpub\wwwroot\LearnSite\App_Data\Temp\root\325908fa\e276bbf7\assembly\dl3\bb0f3a07\73583237_ef7ddc01\LearnSite.DLL: (与前一个警告相关的符号位置)
c:\inetpub\wwwroot\LearnSite\App_Data\Temp\root\325908fa\e276bbf7\App_Web_v0nriqn2.34.cs(134,46): warning CS0108: “ASP.student_word_aspx.ApplicationInstance”隐藏了继承的成员“student_word.ApplicationInstance”。如果是有意隐藏，请使用关键字 new。
c:\inetpub\wwwroot\LearnSite\App_Data\Temp\root\325908fa\e276bbf7\assembly\dl3\bb0f3a07\73583237_ef7ddc01\LearnSite.DLL: (与前一个警告相关的符号位置)
c:\inetpub\wwwroot\LearnSite\App_Data\Temp\root\325908fa\e276bbf7\App_Web_v0nriqn2.33.cs(128,53): warning CS0108: “ASP.student_python_aspx.Profile”隐藏了继承的成员“Student_python.Profile”。如果是有意隐藏，请使用关键字 new。
c:\inetpub\wwwroot\LearnSite\App_Data\Temp\root\325908fa\e276bbf7\assembly\dl3\bb0f3a07\73583237_ef7ddc01\LearnSite.DLL: (与前一个警告相关的符号位置)
c:\inetpub\wwwroot\LearnSite\App_Data\Temp\root\325908fa\e276bbf7\App_Web_v0nriqn2.33.cs(134,46): warning CS0108: “ASP.student_python_aspx.ApplicationInstance”隐藏了继承的成员“Student_python.ApplicationInstance”。如果是有意隐藏，请使用关键字 new。
c:\inetpub\wwwroot\LearnSite\App_Data\Temp\root\325908fa\e276bbf7\assembly\dl3\bb0f3a07\73583237_ef7ddc01\LearnSite.DLL: (与前一个警告相关的符号位置)
c:\inetpub\wwwroot\LearnSite\App_Data\Temp\root\325908fa\e276bbf7\App_Web_v0nriqn2.25.cs(128,53): warning CS0108: “ASP.student_uploadgroup_aspx.Profile”隐藏了继承的成员“Student_uploadgroup.Profile”。如果是有意隐藏，请使用关键字 new。
c:\inetpub\wwwroot\LearnSite\App_Data\Temp\root\325908fa\e276bbf7\assembly\dl3\bb0f3a07\73583237_ef7ddc01\LearnSite.DLL: (与前一个警告相关的符号位置)
c:\inetpub\wwwroot\LearnSite\App_Data\Temp\root\325908fa\e276bbf7\App_Web_v0nriqn2.25.cs(134,46): warning CS0108: “ASP.student_uploadgroup_aspx.ApplicationInstance”隐藏了继承的成员“Student_uploadgroup.ApplicationInstance”。如果是有意隐藏，请使用关键字 new。
c:\inetpub\wwwroot\LearnSite\App_Data\Temp\root\325908fa\e276bbf7\assembly\dl3\bb0f3a07\73583237_ef7ddc01\LearnSite.DLL: (与前一个警告相关的符号位置)
c:\inetpub\wwwroot\LearnSite\App_Data\Temp\root\325908fa\e276bbf7\App_Web_v0nriqn2.24.cs(128,53): warning CS0108: “ASP.student_iframe_aspx.Profile”隐藏了继承的成员“student_iframe.Profile”。如果是有意隐藏，请使用关键字 new。
c:\inetpub\wwwroot\LearnSite\App_Data\Temp\root\325908fa\e276bbf7\assembly\dl3\bb0f3a07\73583237_ef7ddc01\LearnSite.DLL: (与前一个警告相关的符号位置)
c:\inetpub\wwwroot\LearnSite\App_Data\Temp\root\325908fa\e276bbf7\App_Web_v0nriqn2.24.cs(134,46): warning CS0108: “ASP.student_iframe_aspx.ApplicationInstance”隐藏了继承的成员“student_iframe.ApplicationInstance”。如果是有意隐藏，请使用关键字 new。
c:\inetpub\wwwroot\LearnSite\App_Data\Temp\root\325908fa\e276bbf7\assembly\dl3\bb0f3a07\73583237_ef7ddc01\LearnSite.DLL: (与前一个警告相关的符号位置)
c:\inetpub\wwwroot\LearnSite\App_Data\Temp\root\325908fa\e276bbf7\App_Web_v0nriqn2.27.cs(128,53): warning CS0108: “ASP.student_draw_aspx.Profile”隐藏了继承的成员“student_draw.Profile”。如果是有意隐藏，请使用关键字 new。
c:\inetpub\wwwroot\LearnSite\App_Data\Temp\root\325908fa\e276bbf7\assembly\dl3\bb0f3a07\73583237_ef7ddc01\LearnSite.DLL: (与前一个警告相关的符号位置)
c:\inetpub\wwwroot\LearnSite\App_Data\Temp\root\325908fa\e276bbf7\App_Web_v0nriqn2.27.cs(134,46): warning CS0108: “ASP.student_draw_aspx.ApplicationInstance”隐藏了继承的成员“student_draw.ApplicationInstance”。如果是有意隐藏，请使用关键字 new。
c:\inetpub\wwwroot\LearnSite\App_Data\Temp\root\325908fa\e276bbf7\assembly\dl3\bb0f3a07\73583237_ef7ddc01\LearnSite.DLL: (与前一个警告相关的符号位置)
c:\inetpub\wwwroot\LearnSite\App_Data\Temp\root\325908fa\e276bbf7\App_Web_v0nriqn2.26.cs(128,53): warning CS0108: “ASP.student_website_aspx.Profile”隐藏了继承的成员“student_website.Profile”。如果是有意隐藏，请使用关键字 new。
c:\inetpub\wwwroot\LearnSite\App_Data\Temp\root\325908fa\e276bbf7\assembly\dl3\bb0f3a07\73583237_ef7ddc01\LearnSite.DLL: (与前一个警告相关的符号位置)
c:\inetpub\wwwroot\LearnSite\App_Data\Temp\root\325908fa\e276bbf7\App_Web_v0nriqn2.26.cs(134,46): warning CS0108: “ASP.student_website_aspx.ApplicationInstance”隐藏了继承的成员“student_website.ApplicationInstance”。如果是有意隐藏，请使用关键字 new。
c:\inetpub\wwwroot\LearnSite\App_Data\Temp\root\325908fa\e276bbf7\assembly\dl3\bb0f3a07\73583237_ef7ddc01\LearnSite.DLL: (与前一个警告相关的符号位置)
c:\inetpub\wwwroot\LearnSite\App_Data\Temp\root\325908fa\e276bbf7\App_Web_v0nriqn2.21.cs(128,53): warning CS0108: “ASP.student_qrcode_aspx.Profile”隐藏了继承的成员“student_qrcode.Profile”。如果是有意隐藏，请使用关键字 new。
c:\inetpub\wwwroot\LearnSite\App_Data\Temp\root\325908fa\e276bbf7\assembly\dl3\bb0f3a07\73583237_ef7ddc01\LearnSite.DLL: (与前一个警告相关的符号位置)
c:\inetpub\wwwroot\LearnSite\App_Data\Temp\root\325908fa\e276bbf7\App_Web_v0nriqn2.21.cs(134,46): warning CS0108: “ASP.student_qrcode_aspx.ApplicationInstance”隐藏了继承的成员“student_qrcode.ApplicationInstance”。如果是有意隐藏，请使用关键字 new。
c:\inetpub\wwwroot\LearnSite\App_Data\Temp\root\325908fa\e276bbf7\assembly\dl3\bb0f3a07\73583237_ef7ddc01\LearnSite.DLL: (与前一个警告相关的符号位置)
c:\inetpub\wwwroot\LearnSite\App_Data\Temp\root\325908fa\e276bbf7\App_Web_v0nriqn2.20.cs(124,53): warning CS0108: “ASP.student_stud_master.Profile”隐藏了继承的成员“Student_Stud.Profile”。如果是有意隐藏，请使用关键字 new。
c:\inetpub\wwwroot\LearnSite\App_Data\Temp\root\325908fa\e276bbf7\assembly\dl3\bb0f3a07\73583237_ef7ddc01\LearnSite.DLL: (与前一个警告相关的符号位置)
c:\inetpub\wwwroot\LearnSite\App_Data\Temp\root\325908fa\e276bbf7\App_Web_v0nriqn2.20.cs(130,46): warning CS0108: “ASP.student_stud_master.ApplicationInstance”隐藏了继承的成员“Student_Stud.ApplicationInstance”。如果是有意隐藏，请使用关键字 new。
c:\inetpub\wwwroot\LearnSite\App_Data\Temp\root\325908fa\e276bbf7\assembly\dl3\bb0f3a07\73583237_ef7ddc01\LearnSite.DLL: (与前一个警告相关的符号位置)
c:\inetpub\wwwroot\LearnSite\App_Data\Temp\root\325908fa\e276bbf7\App_Web_v0nriqn2.23.cs(128,53): warning CS0108: “ASP.student_quizview_aspx.Profile”隐藏了继承的成员“Student_quizview.Profile”。如果是有意隐藏，请使用关键字 new。
c:\inetpub\wwwroot\LearnSite\App_Data\Temp\root\325908fa\e276bbf7\assembly\dl3\bb0f3a07\73583237_ef7ddc01\LearnSite.DLL: (与前一个警告相关的符号位置)
c:\inetpub\wwwroot\LearnSite\App_Data\Temp\root\325908fa\e276bbf7\App_Web_v0nriqn2.23.cs(134,46): warning CS0108: “ASP.student_quizview_aspx.ApplicationInstance”隐藏了继承的成员“Student_quizview.ApplicationInstance”。如果是有意隐藏，请使用关键字 new。
c:\inetpub\wwwroot\LearnSite\App_Data\Temp\root\325908fa\e276bbf7\assembly\dl3\bb0f3a07\73583237_ef7ddc01\LearnSite.DLL: (与前一个警告相关的符号位置)
c:\inetpub\wwwroot\LearnSite\App_Data\Temp\root\325908fa\e276bbf7\App_Web_v0nriqn2.7.cs(128,53): warning CS0108: “ASP.student_mysurveyrank_aspx.Profile”隐藏了继承的成员“Student_mysurveyrank.Profile”。如果是有意隐藏，请使用关键字 new。
c:\inetpub\wwwroot\LearnSite\App_Data\Temp\root\325908fa\e276bbf7\assembly\dl3\bb0f3a07\73583237_ef7ddc01\LearnSite.DLL: (与前一个警告相关的符号位置)
c:\inetpub\wwwroot\LearnSite\App_Data\Temp\root\325908fa\e276bbf7\App_Web_v0nriqn2.7.cs(134,46): warning CS0108: “ASP.student_mysurveyrank_aspx.ApplicationInstance”隐藏了继承的成员“Student_mysurveyrank.ApplicationInstance”。如果是有意隐藏，请使用关键字 new。
c:\inetpub\wwwroot\LearnSite\App_Data\Temp\root\325908fa\e276bbf7\assembly\dl3\bb0f3a07\73583237_ef7ddc01\LearnSite.DLL: (与前一个警告相关的符号位置)
c:\inetpub\wwwroot\LearnSite\App_Data\Temp\root\325908fa\e276bbf7\App_Web_v0nriqn2.48.cs(128,53): warning CS0108: “ASP.student_groupshare_aspx.Profile”隐藏了继承的成员“Student_groupshare.Profile”。如果是有意隐藏，请使用关键字 new。
c:\inetpub\wwwroot\LearnSite\App_Data\Temp\root\325908fa\e276bbf7\assembly\dl3\bb0f3a07\73583237_ef7ddc01\LearnSite.DLL: (与前一个警告相关的符号位置)
c:\inetpub\wwwroot\LearnSite\App_Data\Temp\root\325908fa\e276bbf7\App_Web_v0nriqn2.48.cs(134,46): warning CS0108: “ASP.student_groupshare_aspx.ApplicationInstance”隐藏了继承的成员“Student_groupshare.ApplicationInstance”。如果是有意隐藏，请使用关键字 new。
c:\inetpub\wwwroot\LearnSite\App_Data\Temp\root\325908fa\e276bbf7\assembly\dl3\bb0f3a07\73583237_ef7ddc01\LearnSite.DLL: (与前一个警告相关的符号位置)
c:\inetpub\wwwroot\LearnSite\App_Data\Temp\root\325908fa\e276bbf7\App_Web_v0nriqn2.45.cs(128,53): warning CS0108: “ASP.student_autoupload_aspx.Profile”隐藏了继承的成员“Student_autoupload.Profile”。如果是有意隐藏，请使用关键字 new。
c:\inetpub\wwwroot\LearnSite\App_Data\Temp\root\325908fa\e276bbf7\assembly\dl3\bb0f3a07\73583237_ef7ddc01\LearnSite.DLL: (与前一个警告相关的符号位置)
c:\inetpub\wwwroot\LearnSite\App_Data\Temp\root\325908fa\e276bbf7\App_Web_v0nriqn2.45.cs(134,46): warning CS0108: “ASP.student_autoupload_aspx.ApplicationInstance”隐藏了继承的成员“Student_autoupload.ApplicationInstance”。如果是有意隐藏，请使用关键字 new。
c:\inetpub\wwwroot\LearnSite\App_Data\Temp\root\325908fa\e276bbf7\assembly\dl3\bb0f3a07\73583237_ef7ddc01\LearnSite.DLL: (与前一个警告相关的符号位置)
c:\inetpub\wwwroot\LearnSite\App_Data\Temp\root\325908fa\e276bbf7\App_Web_v0nriqn2.44.cs(128,53): warning CS0108: “ASP.student_excel_aspx.Profile”隐藏了继承的成员“student_excel.Profile”。如果是有意隐藏，请使用关键字 new。
c:\inetpub\wwwroot\LearnSite\App_Data\Temp\root\325908fa\e276bbf7\assembly\dl3\bb0f3a07\73583237_ef7ddc01\LearnSite.DLL: (与前一个警告相关的符号位置)
c:\inetpub\wwwroot\LearnSite\App_Data\Temp\root\325908fa\e276bbf7\App_Web_v0nriqn2.44.cs(134,46): warning CS0108: “ASP.student_excel_aspx.ApplicationInstance”隐藏了继承的成员“student_excel.ApplicationInstance”。如果是有意隐藏，请使用关键字 new。
c:\inetpub\wwwroot\LearnSite\App_Data\Temp\root\325908fa\e276bbf7\assembly\dl3\bb0f3a07\73583237_ef7ddc01\LearnSite.DLL: (与前一个警告相关的符号位置)
c:\inetpub\wwwroot\LearnSite\App_Data\Temp\root\325908fa\e276bbf7\App_Web_v0nriqn2.47.cs(128,53): warning CS0108: “ASP.student_turtleidle_aspx.Profile”隐藏了继承的成员“Student_turtleidle.Profile”。如果是有意隐藏，请使用关键字 new。
c:\inetpub\wwwroot\LearnSite\App_Data\Temp\root\325908fa\e276bbf7\assembly\dl3\bb0f3a07\73583237_ef7ddc01\LearnSite.DLL: (与前一个警告相关的符号位置)
c:\inetpub\wwwroot\LearnSite\App_Data\Temp\root\325908fa\e276bbf7\App_Web_v0nriqn2.47.cs(134,46): warning CS0108: “ASP.student_turtleidle_aspx.ApplicationInstance”隐藏了继承的成员“Student_turtleidle.ApplicationInstance”。如果是有意隐藏，请使用关键字 new。
c:\inetpub\wwwroot\LearnSite\App_Data\Temp\root\325908fa\e276bbf7\assembly\dl3\bb0f3a07\73583237_ef7ddc01\LearnSite.DLL: (与前一个警告相关的符号位置)
c:\inetpub\wwwroot\LearnSite\App_Data\Temp\root\325908fa\e276bbf7\App_Web_v0nriqn2.46.cs(128,53): warning CS0108: “ASP.student_mynum_aspx.Profile”隐藏了继承的成员“Student_mynum.Profile”。如果是有意隐藏，请使用关键字 new。
c:\inetpub\wwwroot\LearnSite\App_Data\Temp\root\325908fa\e276bbf7\assembly\dl3\bb0f3a07\73583237_ef7ddc01\LearnSite.DLL: (与前一个警告相关的符号位置)
c:\inetpub\wwwroot\LearnSite\App_Data\Temp\root\325908fa\e276bbf7\App_Web_v0nriqn2.46.cs(134,46): warning CS0108: “ASP.student_mynum_aspx.ApplicationInstance”隐藏了继承的成员“Student_mynum.ApplicationInstance”。如果是有意隐藏，请使用关键字 new。
c:\inetpub\wwwroot\LearnSite\App_Data\Temp\root\325908fa\e276bbf7\assembly\dl3\bb0f3a07\73583237_ef7ddc01\LearnSite.DLL: (与前一个警告相关的符号位置)
c:\inetpub\wwwroot\LearnSite\App_Data\Temp\root\325908fa\e276bbf7\App_Web_v0nriqn2.41.cs(128,53): warning CS0108: “ASP.student_mysurveyclass_aspx.Profile”隐藏了继承的成员“Student_mysurveyclass.Profile”。如果是有意隐藏，请使用关键字 new。
c:\inetpub\wwwroot\LearnSite\App_Data\Temp\root\325908fa\e276bbf7\assembly\dl3\bb0f3a07\73583237_ef7ddc01\LearnSite.DLL: (与前一个警告相关的符号位置)
c:\inetpub\wwwroot\LearnSite\App_Data\Temp\root\325908fa\e276bbf7\App_Web_v0nriqn2.41.cs(134,46): warning CS0108: “ASP.student_mysurveyclass_aspx.ApplicationInstance”隐藏了继承的成员“Student_mysurveyclass.ApplicationInstance”。如果是有意隐藏，请使用关键字 new。
c:\inetpub\wwwroot\LearnSite\App_Data\Temp\root\325908fa\e276bbf7\assembly\dl3\bb0f3a07\73583237_ef7ddc01\LearnSite.DLL: (与前一个警告相关的符号位置)
c:\inetpub\wwwroot\LearnSite\App_Data\Temp\root\325908fa\e276bbf7\App_Web_v0nriqn2.15.cs(128,53): warning CS0108: “ASP.student_attituderank_aspx.Profile”隐藏了继承的成员“Student_attituderank.Profile”。如果是有意隐藏，请使用关键字 new。
c:\inetpub\wwwroot\LearnSite\App_Data\Temp\root\325908fa\e276bbf7\assembly\dl3\bb0f3a07\73583237_ef7ddc01\LearnSite.DLL: (与前一个警告相关的符号位置)
c:\inetpub\wwwroot\LearnSite\App_Data\Temp\root\325908fa\e276bbf7\App_Web_v0nriqn2.15.cs(134,46): warning CS0108: “ASP.student_attituderank_aspx.ApplicationInstance”隐藏了继承的成员“Student_attituderank.ApplicationInstance”。如果是有意隐藏，请使用关键字 new。
c:\inetpub\wwwroot\LearnSite\App_Data\Temp\root\325908fa\e276bbf7\assembly\dl3\bb0f3a07\73583237_ef7ddc01\LearnSite.DLL: (与前一个警告相关的符号位置)
c:\inetpub\wwwroot\LearnSite\App_Data\Temp\root\325908fa\e276bbf7\App_Web_v0nriqn2.14.cs(128,53): warning CS0108: “ASP.student_register_aspx.Profile”隐藏了继承的成员“Student_register.Profile”。如果是有意隐藏，请使用关键字 new。
c:\inetpub\wwwroot\LearnSite\App_Data\Temp\root\325908fa\e276bbf7\assembly\dl3\bb0f3a07\73583237_ef7ddc01\LearnSite.DLL: (与前一个警告相关的符号位置)
c:\inetpub\wwwroot\LearnSite\App_Data\Temp\root\325908fa\e276bbf7\App_Web_v0nriqn2.14.cs(134,46): warning CS0108: “ASP.student_register_aspx.ApplicationInstance”隐藏了继承的成员“Student_register.ApplicationInstance”。如果是有意隐藏，请使用关键字 new。
c:\inetpub\wwwroot\LearnSite\App_Data\Temp\root\325908fa\e276bbf7\assembly\dl3\bb0f3a07\73583237_ef7ddc01\LearnSite.DLL: (与前一个警告相关的符号位置)
c:\inetpub\wwwroot\LearnSite\App_Data\Temp\root\325908fa\e276bbf7\App_Web_v0nriqn2.16.cs(128,53): warning CS0108: “ASP.student_pptist_aspx.Profile”隐藏了继承的成员“student_pptist.Profile”。如果是有意隐藏，请使用关键字 new。
c:\inetpub\wwwroot\LearnSite\App_Data\Temp\root\325908fa\e276bbf7\assembly\dl3\bb0f3a07\73583237_ef7ddc01\LearnSite.DLL: (与前一个警告相关的符号位置)
c:\inetpub\wwwroot\LearnSite\App_Data\Temp\root\325908fa\e276bbf7\App_Web_v0nriqn2.16.cs(134,46): warning CS0108: “ASP.student_pptist_aspx.ApplicationInstance”隐藏了继承的成员“student_pptist.ApplicationInstance”。如果是有意隐藏，请使用关键字 new。
c:\inetpub\wwwroot\LearnSite\App_Data\Temp\root\325908fa\e276bbf7\assembly\dl3\bb0f3a07\73583237_ef7ddc01\LearnSite.DLL: (与前一个警告相关的符号位置)
c:\inetpub\wwwroot\LearnSite\App_Data\Temp\root\325908fa\e276bbf7\App_Web_v0nriqn2.10.cs(128,53): warning CS0108: “ASP.student_autonomiccategory_aspx.Profile”隐藏了继承的成员“Student_autonomiccategory.Profile”。如果是有意隐藏，请使用关键字 new。
c:\inetpub\wwwroot\LearnSite\App_Data\Temp\root\325908fa\e276bbf7\assembly\dl3\bb0f3a07\73583237_ef7ddc01\LearnSite.DLL: (与前一个警告相关的符号位置)
c:\inetpub\wwwroot\LearnSite\App_Data\Temp\root\325908fa\e276bbf7\App_Web_v0nriqn2.10.cs(134,46): warning CS0108: “ASP.student_autonomiccategory_aspx.ApplicationInstance”隐藏了继承的成员“Student_autonomiccategory.ApplicationInstance”。如果是有意隐藏，请使用关键字 new。
c:\inetpub\wwwroot\LearnSite\App_Data\Temp\root\325908fa\e276bbf7\assembly\dl3\bb0f3a07\73583237_ef7ddc01\LearnSite.DLL: (与前一个警告相关的符号位置)
c:\inetpub\wwwroot\LearnSite\App_Data\Temp\root\325908fa\e276bbf7\App_Web_v0nriqn2.12.cs(128,53): warning CS0108: “ASP.student_kitymind_aspx.Profile”隐藏了继承的成员“student_kitymind.Profile”。如果是有意隐藏，请使用关键字 new。
c:\inetpub\wwwroot\LearnSite\App_Data\Temp\root\325908fa\e276bbf7\assembly\dl3\bb0f3a07\73583237_ef7ddc01\LearnSite.DLL: (与前一个警告相关的符号位置)
c:\inetpub\wwwroot\LearnSite\App_Data\Temp\root\325908fa\e276bbf7\App_Web_v0nriqn2.12.cs(134,46): warning CS0108: “ASP.student_kitymind_aspx.ApplicationInstance”隐藏了继承的成员“student_kitymind.ApplicationInstance”。如果是有意隐藏，请使用关键字 new。
c:\inetpub\wwwroot\LearnSite\App_Data\Temp\root\325908fa\e276bbf7\assembly\dl3\bb0f3a07\73583237_ef7ddc01\LearnSite.DLL: (与前一个警告相关的符号位置)
c:\inetpub\wwwroot\LearnSite\App_Data\Temp\root\325908fa\e276bbf7\App_Web_v0nriqn2.19.cs(128,53): warning CS0108: “ASP.student_mpptx_aspx.Profile”隐藏了继承的成员“student_mpptx.Profile”。如果是有意隐藏，请使用关键字 new。
c:\inetpub\wwwroot\LearnSite\App_Data\Temp\root\325908fa\e276bbf7\assembly\dl3\bb0f3a07\73583237_ef7ddc01\LearnSite.DLL: (与前一个警告相关的符号位置)
c:\inetpub\wwwroot\LearnSite\App_Data\Temp\root\325908fa\e276bbf7\App_Web_v0nriqn2.19.cs(134,46): warning CS0108: “ASP.student_mpptx_aspx.ApplicationInstance”隐藏了继承的成员“student_mpptx.ApplicationInstance”。如果是有意隐藏，请使用关键字 new。
c:\inetpub\wwwroot\LearnSite\App_Data\Temp\root\325908fa\e276bbf7\assembly\dl3\bb0f3a07\73583237_ef7ddc01\LearnSite.DLL: (与前一个警告相关的符号位置)
