C:\Windows\SysWOW64\inetsrv> "C:\Windows\Microsoft.NET\Framework\v2.0.50727\csc.exe" /t:library /utf8output /R:"C:\Windows\assembly\GAC_MSIL\System\2.0.0.0__b77a5c561934e089\System.dll" /R:"C:\inetpub\wwwroot\LearnSite\App_Data\Temp\root\325908fa\e276bbf7\assembly\dl3\7d0c22b2\0004936e_e323ce01\SimplePsd.DLL" /R:"C:\inetpub\wwwroot\LearnSite\App_Data\Temp\root\325908fa\e276bbf7\assembly\dl3\0dc983cb\0071b915_d746cd01\LitJSON.DLL" /R:"C:\inetpub\wwwroot\LearnSite\App_Data\Temp\root\325908fa\e276bbf7\assembly\dl3\86fd1a1e\00694688_5596d501\Newtonsoft.Json.DLL" /R:"C:\Windows\assembly\GAC_MSIL\System.Xml\2.0.0.0__b77a5c561934e089\System.Xml.dll" /R:"C:\inetpub\wwwroot\LearnSite\App_Data\Temp\root\325908fa\e276bbf7\assembly\dl3\06b01f53\00bbafb3_68fbcb01\Anthem.DLL" /R:"C:\Windows\assembly\GAC_MSIL\System.Web.Services\2.0.0.0__b03f5f7f11d50a3a\System.Web.Services.dll" /R:"C:\Windows\assembly\GAC_MSIL\System.Runtime.Serialization\3.0.0.0__b77a5c561934e089\System.Runtime.Serialization.dll" /R:"C:\Windows\assembly\GAC_32\System.Web\2.0.0.0__b03f5f7f11d50a3a\System.Web.dll" /R:"C:\inetpub\wwwroot\LearnSite\App_Data\Temp\root\325908fa\e276bbf7\assembly\dl3\b75f6f8e\2c1975dd_c23ccf01\ICSharpCode.SharpZipLib.DLL" /R:"C:\inetpub\wwwroot\LearnSite\App_Data\Temp\root\325908fa\e276bbf7\assembly\dl3\226c1566\417e5aae_0e4dd701\mxgraph.DLL" /R:"C:\Windows\assembly\GAC_MSIL\System.ServiceModel\3.0.0.0__b77a5c561934e089\System.ServiceModel.dll" /R:"C:\inetpub\wwwroot\LearnSite\App_Data\Temp\root\325908fa\e276bbf7\assembly\dl3\56a5cb0a\00439c98_ce5ec701\zlib.net.DLL" /R:"C:\inetpub\wwwroot\LearnSite\App_Data\Temp\root\325908fa\e276bbf7\assembly\dl3\a42604fa\009cd9e5_624ac301\log4net.DLL" /R:"C:\inetpub\wwwroot\LearnSite\App_Data\Temp\root\325908fa\e276bbf7\assembly\dl3\bb0f3a07\73583237_ef7ddc01\LearnSite.DLL" /R:"C:\inetpub\wwwroot\LearnSite\App_Data\Temp\root\325908fa\e276bbf7\assembly\dl3\ccf97435\b0d9f471_c690cf01\NPOI.DLL" /R:"C:\Windows\assembly\GAC_MSIL\System.IdentityModel\3.0.0.0__b77a5c561934e089\System.IdentityModel.dll" /R:"C:\inetpub\wwwroot\LearnSite\App_Data\Temp\root\325908fa\e276bbf7\assembly\dl3\840374c6\103a5ba8_db91cf01\NPOI.OpenXmlFormats.DLL" /R:"C:\Windows\assembly\GAC_MSIL\System.Web.Mobile\2.0.0.0__b03f5f7f11d50a3a\System.Web.Mobile.dll" /R:"C:\Windows\assembly\GAC_MSIL\System.WorkflowServices\3.5.0.0__31bf3856ad364e35\System.WorkflowServices.dll" /R:"C:\inetpub\wwwroot\LearnSite\App_Data\Temp\root\325908fa\e276bbf7\assembly\dl3\39a80ea2\f8a40d15_4a69cd01\NPinyin.DLL" /R:"C:\Windows\Microsoft.NET\Framework\v2.0.50727\mscorlib.dll" /R:"C:\inetpub\wwwroot\LearnSite\App_Data\Temp\root\325908fa\e276bbf7\assembly\dl3\b8ce1351\30b7c898_db91cf01\NPOI.OpenXml4Net.DLL" /R:"C:\inetpub\wwwroot\LearnSite\App_Data\Temp\root\325908fa\e276bbf7\assembly\dl3\3e3ef6fc\000cf6d8_6b03cd01\SwfDotNet.IO.DLL" /R:"C:\Windows\assembly\GAC_MSIL\System.Configuration\2.0.0.0__b03f5f7f11d50a3a\System.Configuration.dll" /R:"C:\Windows\assembly\GAC_MSIL\System.ServiceModel.Web\3.5.0.0__31bf3856ad364e35\System.ServiceModel.Web.dll" /R:"C:\Windows\assembly\GAC_32\System.Data\2.0.0.0__b77a5c561934e089\System.Data.dll" /R:"C:\inetpub\wwwroot\LearnSite\App_Data\Temp\root\325908fa\e276bbf7\assembly\dl3\54295343\0036a627_973ace01\MailLog.DLL" /R:"C:\inetpub\wwwroot\LearnSite\App_Data\Temp\root\325908fa\e276bbf7\assembly\dl3\ce1ff304\c0a622b0_db91cf01\NPOI.OOXML.DLL" /R:"C:\Windows\assembly\GAC_MSIL\System.Drawing\2.0.0.0__b03f5f7f11d50a3a\System.Drawing.dll" /R:"C:\Windows\assembly\GAC_32\System.EnterpriseServices\2.0.0.0__b03f5f7f11d50a3a\System.EnterpriseServices.dll" /out:"C:\inetpub\wwwroot\LearnSite\App_Data\Temp\root\325908fa\e276bbf7\App_Web_v_6y3bxz.dll" /D:DEBUG /debug+ /optimize- /win32res:"C:\inetpub\wwwroot\LearnSite\App_Data\Temp\root\325908fa\e276bbf7\v_6y3bxz.res" /w:4 /nowarn:1659;1699;1701  "C:\inetpub\wwwroot\LearnSite\App_Data\Temp\root\325908fa\e276bbf7\App_Web_v_6y3bxz.22.cs" "C:\inetpub\wwwroot\LearnSite\App_Data\Temp\root\325908fa\e276bbf7\App_Web_v_6y3bxz.21.cs" "C:\inetpub\wwwroot\LearnSite\App_Data\Temp\root\325908fa\e276bbf7\App_Web_v_6y3bxz.20.cs" "C:\inetpub\wwwroot\LearnSite\App_Data\Temp\root\325908fa\e276bbf7\App_Web_v_6y3bxz.3.cs" "C:\inetpub\wwwroot\LearnSite\App_Data\Temp\root\325908fa\e276bbf7\App_Web_v_6y3bxz.1.cs" "C:\inetpub\wwwroot\LearnSite\App_Data\Temp\root\325908fa\e276bbf7\App_Web_v_6y3bxz.9.cs" "C:\inetpub\wwwroot\LearnSite\App_Data\Temp\root\325908fa\e276bbf7\App_Web_v_6y3bxz.7.cs" "C:\inetpub\wwwroot\LearnSite\App_Data\Temp\root\325908fa\e276bbf7\App_Web_v_6y3bxz.4.cs" "C:\inetpub\wwwroot\LearnSite\App_Data\Temp\root\325908fa\e276bbf7\App_Web_v_6y3bxz.2.cs" "C:\inetpub\wwwroot\LearnSite\App_Data\Temp\root\325908fa\e276bbf7\App_Web_v_6y3bxz.16.cs" "C:\inetpub\wwwroot\LearnSite\App_Data\Temp\root\325908fa\e276bbf7\App_Web_v_6y3bxz.0.cs" "C:\inetpub\wwwroot\LearnSite\App_Data\Temp\root\325908fa\e276bbf7\App_Web_v_6y3bxz.8.cs" "C:\inetpub\wwwroot\LearnSite\App_Data\Temp\root\325908fa\e276bbf7\App_Web_v_6y3bxz.19.cs" "C:\inetpub\wwwroot\LearnSite\App_Data\Temp\root\325908fa\e276bbf7\App_Web_v_6y3bxz.18.cs" "C:\inetpub\wwwroot\LearnSite\App_Data\Temp\root\325908fa\e276bbf7\App_Web_v_6y3bxz.17.cs" "C:\inetpub\wwwroot\LearnSite\App_Data\Temp\root\325908fa\e276bbf7\App_Web_v_6y3bxz.6.cs" "C:\inetpub\wwwroot\LearnSite\App_Data\Temp\root\325908fa\e276bbf7\App_Web_v_6y3bxz.15.cs" "C:\inetpub\wwwroot\LearnSite\App_Data\Temp\root\325908fa\e276bbf7\App_Web_v_6y3bxz.14.cs" "C:\inetpub\wwwroot\LearnSite\App_Data\Temp\root\325908fa\e276bbf7\App_Web_v_6y3bxz.13.cs" "C:\inetpub\wwwroot\LearnSite\App_Data\Temp\root\325908fa\e276bbf7\App_Web_v_6y3bxz.12.cs" "C:\inetpub\wwwroot\LearnSite\App_Data\Temp\root\325908fa\e276bbf7\App_Web_v_6y3bxz.11.cs" "C:\inetpub\wwwroot\LearnSite\App_Data\Temp\root\325908fa\e276bbf7\App_Web_v_6y3bxz.10.cs" "C:\inetpub\wwwroot\LearnSite\App_Data\Temp\root\325908fa\e276bbf7\App_Web_v_6y3bxz.5.cs"


Microsoft (R) Visual C# 2005 编译器 版本 8.00.50727.9031
用于 Microsoft (R) Windows (R) 2005 Framework 版本 2.0.50727
版权所有(C) Microsoft Corporation 2001-2005。保留所有权利。

c:\inetpub\wwwroot\LearnSite\App_Data\Temp\root\325908fa\e276bbf7\App_Web_v_6y3bxz.21.cs(128,53): warning CS0108: “ASP.teacher_workcheck_aspx.Profile”隐藏了继承的成员“Teacher_workcheck.Profile”。如果是有意隐藏，请使用关键字 new。
c:\inetpub\wwwroot\LearnSite\App_Data\Temp\root\325908fa\e276bbf7\assembly\dl3\bb0f3a07\73583237_ef7ddc01\LearnSite.DLL: (与前一个警告相关的符号位置)
c:\inetpub\wwwroot\LearnSite\App_Data\Temp\root\325908fa\e276bbf7\App_Web_v_6y3bxz.21.cs(134,46): warning CS0108: “ASP.teacher_workcheck_aspx.ApplicationInstance”隐藏了继承的成员“Teacher_workcheck.ApplicationInstance”。如果是有意隐藏，请使用关键字 new。
c:\inetpub\wwwroot\LearnSite\App_Data\Temp\root\325908fa\e276bbf7\assembly\dl3\bb0f3a07\73583237_ef7ddc01\LearnSite.DLL: (与前一个警告相关的符号位置)
c:\inetpub\wwwroot\LearnSite\App_Data\Temp\root\325908fa\e276bbf7\App_Web_v_6y3bxz.20.cs(128,53): warning CS0108: “ASP.teacher_attitude_aspx.Profile”隐藏了继承的成员“Teacher_attitude.Profile”。如果是有意隐藏，请使用关键字 new。
c:\inetpub\wwwroot\LearnSite\App_Data\Temp\root\325908fa\e276bbf7\assembly\dl3\bb0f3a07\73583237_ef7ddc01\LearnSite.DLL: (与前一个警告相关的符号位置)
c:\inetpub\wwwroot\LearnSite\App_Data\Temp\root\325908fa\e276bbf7\App_Web_v_6y3bxz.20.cs(134,46): warning CS0108: “ASP.teacher_attitude_aspx.ApplicationInstance”隐藏了继承的成员“Teacher_attitude.ApplicationInstance”。如果是有意隐藏，请使用关键字 new。
c:\inetpub\wwwroot\LearnSite\App_Data\Temp\root\325908fa\e276bbf7\assembly\dl3\bb0f3a07\73583237_ef7ddc01\LearnSite.DLL: (与前一个警告相关的符号位置)
c:\inetpub\wwwroot\LearnSite\App_Data\Temp\root\325908fa\e276bbf7\App_Web_v_6y3bxz.3.cs(128,53): warning CS0108: “ASP.teacher_printtyper_aspx.Profile”隐藏了继承的成员“Teacher_printtyper.Profile”。如果是有意隐藏，请使用关键字 new。
c:\inetpub\wwwroot\LearnSite\App_Data\Temp\root\325908fa\e276bbf7\assembly\dl3\bb0f3a07\73583237_ef7ddc01\LearnSite.DLL: (与前一个警告相关的符号位置)
c:\inetpub\wwwroot\LearnSite\App_Data\Temp\root\325908fa\e276bbf7\App_Web_v_6y3bxz.3.cs(134,46): warning CS0108: “ASP.teacher_printtyper_aspx.ApplicationInstance”隐藏了继承的成员“Teacher_printtyper.ApplicationInstance”。如果是有意隐藏，请使用关键字 new。
c:\inetpub\wwwroot\LearnSite\App_Data\Temp\root\325908fa\e276bbf7\assembly\dl3\bb0f3a07\73583237_ef7ddc01\LearnSite.DLL: (与前一个警告相关的符号位置)
c:\inetpub\wwwroot\LearnSite\App_Data\Temp\root\325908fa\e276bbf7\App_Web_v_6y3bxz.1.cs(128,53): warning CS0108: “ASP.teacher_studentadd_aspx.Profile”隐藏了继承的成员“Teacher_studentadd.Profile”。如果是有意隐藏，请使用关键字 new。
c:\inetpub\wwwroot\LearnSite\App_Data\Temp\root\325908fa\e276bbf7\assembly\dl3\bb0f3a07\73583237_ef7ddc01\LearnSite.DLL: (与前一个警告相关的符号位置)
c:\inetpub\wwwroot\LearnSite\App_Data\Temp\root\325908fa\e276bbf7\App_Web_v_6y3bxz.1.cs(134,46): warning CS0108: “ASP.teacher_studentadd_aspx.ApplicationInstance”隐藏了继承的成员“Teacher_studentadd.ApplicationInstance”。如果是有意隐藏，请使用关键字 new。
c:\inetpub\wwwroot\LearnSite\App_Data\Temp\root\325908fa\e276bbf7\assembly\dl3\bb0f3a07\73583237_ef7ddc01\LearnSite.DLL: (与前一个警告相关的符号位置)
c:\inetpub\wwwroot\LearnSite\App_Data\Temp\root\325908fa\e276bbf7\App_Web_v_6y3bxz.9.cs(128,53): warning CS0108: “ASP.teacher_stuworkcircle_aspx.Profile”隐藏了继承的成员“Teacher_stuworkcircle.Profile”。如果是有意隐藏，请使用关键字 new。
c:\inetpub\wwwroot\LearnSite\App_Data\Temp\root\325908fa\e276bbf7\assembly\dl3\bb0f3a07\73583237_ef7ddc01\LearnSite.DLL: (与前一个警告相关的符号位置)
c:\inetpub\wwwroot\LearnSite\App_Data\Temp\root\325908fa\e276bbf7\App_Web_v_6y3bxz.9.cs(134,46): warning CS0108: “ASP.teacher_stuworkcircle_aspx.ApplicationInstance”隐藏了继承的成员“Teacher_stuworkcircle.ApplicationInstance”。如果是有意隐藏，请使用关键字 new。
c:\inetpub\wwwroot\LearnSite\App_Data\Temp\root\325908fa\e276bbf7\assembly\dl3\bb0f3a07\73583237_ef7ddc01\LearnSite.DLL: (与前一个警告相关的符号位置)
c:\inetpub\wwwroot\LearnSite\App_Data\Temp\root\325908fa\e276bbf7\App_Web_v_6y3bxz.7.cs(128,53): warning CS0108: “ASP.teacher_workpackage_aspx.Profile”隐藏了继承的成员“Teacher_workpackage.Profile”。如果是有意隐藏，请使用关键字 new。
c:\inetpub\wwwroot\LearnSite\App_Data\Temp\root\325908fa\e276bbf7\assembly\dl3\bb0f3a07\73583237_ef7ddc01\LearnSite.DLL: (与前一个警告相关的符号位置)
c:\inetpub\wwwroot\LearnSite\App_Data\Temp\root\325908fa\e276bbf7\App_Web_v_6y3bxz.7.cs(134,46): warning CS0108: “ASP.teacher_workpackage_aspx.ApplicationInstance”隐藏了继承的成员“Teacher_workpackage.ApplicationInstance”。如果是有意隐藏，请使用关键字 new。
c:\inetpub\wwwroot\LearnSite\App_Data\Temp\root\325908fa\e276bbf7\assembly\dl3\bb0f3a07\73583237_ef7ddc01\LearnSite.DLL: (与前一个警告相关的符号位置)
c:\inetpub\wwwroot\LearnSite\App_Data\Temp\root\325908fa\e276bbf7\App_Web_v_6y3bxz.4.cs(134,53): warning CS0108: “ASP.teacher_learnrate_aspx.Profile”隐藏了继承的成员“teacher_learnrate.Profile”。如果是有意隐藏，请使用关键字 new。
c:\inetpub\wwwroot\LearnSite\App_Data\Temp\root\325908fa\e276bbf7\assembly\dl3\bb0f3a07\73583237_ef7ddc01\LearnSite.DLL: (与前一个警告相关的符号位置)
c:\inetpub\wwwroot\LearnSite\App_Data\Temp\root\325908fa\e276bbf7\App_Web_v_6y3bxz.4.cs(140,46): warning CS0108: “ASP.teacher_learnrate_aspx.ApplicationInstance”隐藏了继承的成员“teacher_learnrate.ApplicationInstance”。如果是有意隐藏，请使用关键字 new。
c:\inetpub\wwwroot\LearnSite\App_Data\Temp\root\325908fa\e276bbf7\assembly\dl3\bb0f3a07\73583237_ef7ddc01\LearnSite.DLL: (与前一个警告相关的符号位置)
c:\inetpub\wwwroot\LearnSite\App_Data\Temp\root\325908fa\e276bbf7\App_Web_v_6y3bxz.2.cs(128,53): warning CS0108: “ASP.teacher_coursetotal_aspx.Profile”隐藏了继承的成员“Teacher_coursetotal.Profile”。如果是有意隐藏，请使用关键字 new。
c:\inetpub\wwwroot\LearnSite\App_Data\Temp\root\325908fa\e276bbf7\assembly\dl3\bb0f3a07\73583237_ef7ddc01\LearnSite.DLL: (与前一个警告相关的符号位置)
c:\inetpub\wwwroot\LearnSite\App_Data\Temp\root\325908fa\e276bbf7\App_Web_v_6y3bxz.2.cs(134,46): warning CS0108: “ASP.teacher_coursetotal_aspx.ApplicationInstance”隐藏了继承的成员“Teacher_coursetotal.ApplicationInstance”。如果是有意隐藏，请使用关键字 new。
c:\inetpub\wwwroot\LearnSite\App_Data\Temp\root\325908fa\e276bbf7\assembly\dl3\bb0f3a07\73583237_ef7ddc01\LearnSite.DLL: (与前一个警告相关的符号位置)
c:\inetpub\wwwroot\LearnSite\App_Data\Temp\root\325908fa\e276bbf7\App_Web_v_6y3bxz.16.cs(128,53): warning CS0108: “ASP.teacher_consolepreview_aspx.Profile”隐藏了继承的成员“Teacher_consolepreview.Profile”。如果是有意隐藏，请使用关键字 new。
c:\inetpub\wwwroot\LearnSite\App_Data\Temp\root\325908fa\e276bbf7\assembly\dl3\bb0f3a07\73583237_ef7ddc01\LearnSite.DLL: (与前一个警告相关的符号位置)
c:\inetpub\wwwroot\LearnSite\App_Data\Temp\root\325908fa\e276bbf7\App_Web_v_6y3bxz.16.cs(134,46): warning CS0108: “ASP.teacher_consolepreview_aspx.ApplicationInstance”隐藏了继承的成员“Teacher_consolepreview.ApplicationInstance”。如果是有意隐藏，请使用关键字 new。
c:\inetpub\wwwroot\LearnSite\App_Data\Temp\root\325908fa\e276bbf7\assembly\dl3\bb0f3a07\73583237_ef7ddc01\LearnSite.DLL: (与前一个警告相关的符号位置)
c:\inetpub\wwwroot\LearnSite\App_Data\Temp\root\325908fa\e276bbf7\App_Web_v_6y3bxz.0.cs(128,53): warning CS0108: “ASP.teacher_circleshow_aspx.Profile”隐藏了继承的成员“Teacher_circleshow.Profile”。如果是有意隐藏，请使用关键字 new。
c:\inetpub\wwwroot\LearnSite\App_Data\Temp\root\325908fa\e276bbf7\assembly\dl3\bb0f3a07\73583237_ef7ddc01\LearnSite.DLL: (与前一个警告相关的符号位置)
c:\inetpub\wwwroot\LearnSite\App_Data\Temp\root\325908fa\e276bbf7\App_Web_v_6y3bxz.0.cs(134,46): warning CS0108: “ASP.teacher_circleshow_aspx.ApplicationInstance”隐藏了继承的成员“Teacher_circleshow.ApplicationInstance”。如果是有意隐藏，请使用关键字 new。
c:\inetpub\wwwroot\LearnSite\App_Data\Temp\root\325908fa\e276bbf7\assembly\dl3\bb0f3a07\73583237_ef7ddc01\LearnSite.DLL: (与前一个警告相关的符号位置)
c:\inetpub\wwwroot\LearnSite\App_Data\Temp\root\325908fa\e276bbf7\App_Web_v_6y3bxz.19.cs(128,53): warning CS0108: “ASP.teacher_mygraph_aspx.Profile”隐藏了继承的成员“Teacher_mygraph.Profile”。如果是有意隐藏，请使用关键字 new。
c:\inetpub\wwwroot\LearnSite\App_Data\Temp\root\325908fa\e276bbf7\assembly\dl3\bb0f3a07\73583237_ef7ddc01\LearnSite.DLL: (与前一个警告相关的符号位置)
c:\inetpub\wwwroot\LearnSite\App_Data\Temp\root\325908fa\e276bbf7\App_Web_v_6y3bxz.19.cs(134,46): warning CS0108: “ASP.teacher_mygraph_aspx.ApplicationInstance”隐藏了继承的成员“Teacher_mygraph.ApplicationInstance”。如果是有意隐藏，请使用关键字 new。
c:\inetpub\wwwroot\LearnSite\App_Data\Temp\root\325908fa\e276bbf7\assembly\dl3\bb0f3a07\73583237_ef7ddc01\LearnSite.DLL: (与前一个警告相关的符号位置)
c:\inetpub\wwwroot\LearnSite\App_Data\Temp\root\325908fa\e276bbf7\App_Web_v_6y3bxz.18.cs(128,53): warning CS0108: “ASP.teacher_notsign_aspx.Profile”隐藏了继承的成员“Teacher_notsign.Profile”。如果是有意隐藏，请使用关键字 new。
c:\inetpub\wwwroot\LearnSite\App_Data\Temp\root\325908fa\e276bbf7\assembly\dl3\bb0f3a07\73583237_ef7ddc01\LearnSite.DLL: (与前一个警告相关的符号位置)
c:\inetpub\wwwroot\LearnSite\App_Data\Temp\root\325908fa\e276bbf7\App_Web_v_6y3bxz.18.cs(134,46): warning CS0108: “ASP.teacher_notsign_aspx.ApplicationInstance”隐藏了继承的成员“Teacher_notsign.ApplicationInstance”。如果是有意隐藏，请使用关键字 new。
c:\inetpub\wwwroot\LearnSite\App_Data\Temp\root\325908fa\e276bbf7\assembly\dl3\bb0f3a07\73583237_ef7ddc01\LearnSite.DLL: (与前一个警告相关的符号位置)
c:\inetpub\wwwroot\LearnSite\App_Data\Temp\root\325908fa\e276bbf7\App_Web_v_6y3bxz.17.cs(128,53): warning CS0108: “ASP.teacher_sharegview_aspx.Profile”隐藏了继承的成员“Teacher_sharegview.Profile”。如果是有意隐藏，请使用关键字 new。
c:\inetpub\wwwroot\LearnSite\App_Data\Temp\root\325908fa\e276bbf7\assembly\dl3\bb0f3a07\73583237_ef7ddc01\LearnSite.DLL: (与前一个警告相关的符号位置)
c:\inetpub\wwwroot\LearnSite\App_Data\Temp\root\325908fa\e276bbf7\App_Web_v_6y3bxz.17.cs(134,46): warning CS0108: “ASP.teacher_sharegview_aspx.ApplicationInstance”隐藏了继承的成员“Teacher_sharegview.ApplicationInstance”。如果是有意隐藏，请使用关键字 new。
c:\inetpub\wwwroot\LearnSite\App_Data\Temp\root\325908fa\e276bbf7\assembly\dl3\bb0f3a07\73583237_ef7ddc01\LearnSite.DLL: (与前一个警告相关的符号位置)
c:\inetpub\wwwroot\LearnSite\App_Data\Temp\root\325908fa\e276bbf7\App_Web_v_6y3bxz.15.cs(128,53): warning CS0108: “ASP.teacher_studentwork_aspx.Profile”隐藏了继承的成员“Teacher_studentwork.Profile”。如果是有意隐藏，请使用关键字 new。
c:\inetpub\wwwroot\LearnSite\App_Data\Temp\root\325908fa\e276bbf7\assembly\dl3\bb0f3a07\73583237_ef7ddc01\LearnSite.DLL: (与前一个警告相关的符号位置)
c:\inetpub\wwwroot\LearnSite\App_Data\Temp\root\325908fa\e276bbf7\App_Web_v_6y3bxz.15.cs(134,46): warning CS0108: “ASP.teacher_studentwork_aspx.ApplicationInstance”隐藏了继承的成员“Teacher_studentwork.ApplicationInstance”。如果是有意隐藏，请使用关键字 new。
c:\inetpub\wwwroot\LearnSite\App_Data\Temp\root\325908fa\e276bbf7\assembly\dl3\bb0f3a07\73583237_ef7ddc01\LearnSite.DLL: (与前一个警告相关的符号位置)
c:\inetpub\wwwroot\LearnSite\App_Data\Temp\root\325908fa\e276bbf7\App_Web_v_6y3bxz.14.cs(128,53): warning CS0108: “ASP.teacher_circlegroup_aspx.Profile”隐藏了继承的成员“Teacher_circlegroup.Profile”。如果是有意隐藏，请使用关键字 new。
c:\inetpub\wwwroot\LearnSite\App_Data\Temp\root\325908fa\e276bbf7\assembly\dl3\bb0f3a07\73583237_ef7ddc01\LearnSite.DLL: (与前一个警告相关的符号位置)
c:\inetpub\wwwroot\LearnSite\App_Data\Temp\root\325908fa\e276bbf7\App_Web_v_6y3bxz.14.cs(134,46): warning CS0108: “ASP.teacher_circlegroup_aspx.ApplicationInstance”隐藏了继承的成员“Teacher_circlegroup.ApplicationInstance”。如果是有意隐藏，请使用关键字 new。
c:\inetpub\wwwroot\LearnSite\App_Data\Temp\root\325908fa\e276bbf7\assembly\dl3\bb0f3a07\73583237_ef7ddc01\LearnSite.DLL: (与前一个警告相关的符号位置)
c:\inetpub\wwwroot\LearnSite\App_Data\Temp\root\325908fa\e276bbf7\App_Web_v_6y3bxz.13.cs(128,53): warning CS0108: “ASP.teacher_ipstudent_aspx.Profile”隐藏了继承的成员“Teacher_ipstudent.Profile”。如果是有意隐藏，请使用关键字 new。
c:\inetpub\wwwroot\LearnSite\App_Data\Temp\root\325908fa\e276bbf7\assembly\dl3\bb0f3a07\73583237_ef7ddc01\LearnSite.DLL: (与前一个警告相关的符号位置)
c:\inetpub\wwwroot\LearnSite\App_Data\Temp\root\325908fa\e276bbf7\App_Web_v_6y3bxz.13.cs(134,46): warning CS0108: “ASP.teacher_ipstudent_aspx.ApplicationInstance”隐藏了继承的成员“Teacher_ipstudent.ApplicationInstance”。如果是有意隐藏，请使用关键字 new。
c:\inetpub\wwwroot\LearnSite\App_Data\Temp\root\325908fa\e276bbf7\assembly\dl3\bb0f3a07\73583237_ef7ddc01\LearnSite.DLL: (与前一个警告相关的符号位置)
c:\inetpub\wwwroot\LearnSite\App_Data\Temp\root\325908fa\e276bbf7\App_Web_v_6y3bxz.12.cs(128,53): warning CS0108: “ASP.teacher_studentshow_aspx.Profile”隐藏了继承的成员“Teacher_studentshow.Profile”。如果是有意隐藏，请使用关键字 new。
c:\inetpub\wwwroot\LearnSite\App_Data\Temp\root\325908fa\e276bbf7\assembly\dl3\bb0f3a07\73583237_ef7ddc01\LearnSite.DLL: (与前一个警告相关的符号位置)
c:\inetpub\wwwroot\LearnSite\App_Data\Temp\root\325908fa\e276bbf7\App_Web_v_6y3bxz.12.cs(134,46): warning CS0108: “ASP.teacher_studentshow_aspx.ApplicationInstance”隐藏了继承的成员“Teacher_studentshow.ApplicationInstance”。如果是有意隐藏，请使用关键字 new。
c:\inetpub\wwwroot\LearnSite\App_Data\Temp\root\325908fa\e276bbf7\assembly\dl3\bb0f3a07\73583237_ef7ddc01\LearnSite.DLL: (与前一个警告相关的符号位置)
c:\inetpub\wwwroot\LearnSite\App_Data\Temp\root\325908fa\e276bbf7\App_Web_v_6y3bxz.10.cs(128,53): warning CS0108: “ASP.teacher_attitudegroup_aspx.Profile”隐藏了继承的成员“Teacher_attitudegroup.Profile”。如果是有意隐藏，请使用关键字 new。
c:\inetpub\wwwroot\LearnSite\App_Data\Temp\root\325908fa\e276bbf7\assembly\dl3\bb0f3a07\73583237_ef7ddc01\LearnSite.DLL: (与前一个警告相关的符号位置)
c:\inetpub\wwwroot\LearnSite\App_Data\Temp\root\325908fa\e276bbf7\App_Web_v_6y3bxz.10.cs(134,46): warning CS0108: “ASP.teacher_attitudegroup_aspx.ApplicationInstance”隐藏了继承的成员“Teacher_attitudegroup.ApplicationInstance”。如果是有意隐藏，请使用关键字 new。
c:\inetpub\wwwroot\LearnSite\App_Data\Temp\root\325908fa\e276bbf7\assembly\dl3\bb0f3a07\73583237_ef7ddc01\LearnSite.DLL: (与前一个警告相关的符号位置)
c:\inetpub\wwwroot\LearnSite\App_Data\Temp\root\325908fa\e276bbf7\App_Web_v_6y3bxz.5.cs(128,53): warning CS0108: “ASP.teacher_problem_aspx.Profile”隐藏了继承的成员“Teacher_problem.Profile”。如果是有意隐藏，请使用关键字 new。
c:\inetpub\wwwroot\LearnSite\App_Data\Temp\root\325908fa\e276bbf7\assembly\dl3\bb0f3a07\73583237_ef7ddc01\LearnSite.DLL: (与前一个警告相关的符号位置)
c:\inetpub\wwwroot\LearnSite\App_Data\Temp\root\325908fa\e276bbf7\App_Web_v_6y3bxz.5.cs(134,46): warning CS0108: “ASP.teacher_problem_aspx.ApplicationInstance”隐藏了继承的成员“Teacher_problem.ApplicationInstance”。如果是有意隐藏，请使用关键字 new。
c:\inetpub\wwwroot\LearnSite\App_Data\Temp\root\325908fa\e276bbf7\assembly\dl3\bb0f3a07\73583237_ef7ddc01\LearnSite.DLL: (与前一个警告相关的符号位置)
