C:\Windows\SysWOW64\inetsrv> "C:\Windows\Microsoft.NET\Framework\v2.0.50727\csc.exe" /t:library /utf8output /R:"C:\inetpub\wwwroot\LearnSite\App_Data\Temp\root\5d43c239\4d8f1d83\assembly\dl3\8f1de104\00bbafb3_68fbcb01\Anthem.DLL" /R:"C:\inetpub\wwwroot\LearnSite\App_Data\Temp\root\5d43c239\4d8f1d83\assembly\dl3\1e477b0b\00fb7faf_0e4dd701\mxgraph.DLL" /R:"C:\Windows\assembly\GAC_MSIL\System.Runtime.Serialization\3.0.0.0__b77a5c561934e089\System.Runtime.Serialization.dll" /R:"C:\Windows\assembly\GAC_MSIL\System.IdentityModel\3.0.0.0__b77a5c561934e089\System.IdentityModel.dll" /R:"C:\Windows\assembly\GAC_MSIL\System.ServiceModel\3.0.0.0__b77a5c561934e089\System.ServiceModel.dll" /R:"C:\Windows\assembly\GAC_MSIL\System.ServiceModel.Web\3.5.0.0__31bf3856ad364e35\System.ServiceModel.Web.dll" /R:"C:\inetpub\wwwroot\LearnSite\App_Data\Temp\root\5d43c239\4d8f1d83\assembly\dl3\19005fde\00cfbd72_c690cf01\NPOI.DLL" /R:"C:\Windows\assembly\GAC_MSIL\System.Web.Services\2.0.0.0__b03f5f7f11d50a3a\System.Web.Services.dll" /R:"C:\Windows\assembly\GAC_MSIL\System.Configuration\2.0.0.0__b03f5f7f11d50a3a\System.Configuration.dll" /R:"C:\inetpub\wwwroot\LearnSite\App_Data\Temp\root\5d43c239\4d8f1d83\assembly\dl3\304a858c\00c9d3dd_c23ccf01\ICSharpCode.SharpZipLib.DLL" /R:"C:\inetpub\wwwroot\LearnSite\App_Data\Temp\root\5d43c239\4d8f1d83\assembly\dl3\6ad2fe03\0011bc37_ef7ddc01\LearnSite.DLL" /R:"C:\Windows\assembly\GAC_32\System.EnterpriseServices\2.0.0.0__b03f5f7f11d50a3a\System.EnterpriseServices.dll" /R:"C:\inetpub\wwwroot\LearnSite\App_Data\Temp\root\5d43c239\4d8f1d83\App_Web_stud.master.f0db4b1d.j3wbcolq.dll" /R:"C:\inetpub\wwwroot\LearnSite\App_Data\Temp\root\5d43c239\4d8f1d83\assembly\dl3\5d3282df\00694688_5596d501\Newtonsoft.Json.DLL" /R:"C:\inetpub\wwwroot\LearnSite\App_Data\Temp\root\5d43c239\4d8f1d83\assembly\dl3\dd5800dc\0071b915_d746cd01\LitJSON.DLL" /R:"C:\Windows\Microsoft.NET\Framework\v2.0.50727\mscorlib.dll" /R:"C:\Windows\assembly\GAC_MSIL\System.Web.Mobile\2.0.0.0__b03f5f7f11d50a3a\System.Web.Mobile.dll" /R:"C:\Windows\assembly\GAC_32\System.Data\2.0.0.0__b77a5c561934e089\System.Data.dll" /R:"C:\inetpub\wwwroot\LearnSite\App_Data\Temp\root\5d43c239\4d8f1d83\assembly\dl3\62286773\003e39a9_db91cf01\NPOI.OpenXmlFormats.DLL" /R:"C:\Windows\assembly\GAC_MSIL\System.Xml\2.0.0.0__b77a5c561934e089\System.Xml.dll" /R:"C:\inetpub\wwwroot\LearnSite\App_Data\Temp\root\5d43c239\4d8f1d83\assembly\dl3\839ae875\000cf6d8_6b03cd01\SwfDotNet.IO.DLL" /R:"C:\Windows\assembly\GAC_MSIL\System\2.0.0.0__b77a5c561934e089\System.dll" /R:"C:\inetpub\wwwroot\LearnSite\App_Data\Temp\root\5d43c239\4d8f1d83\assembly\dl3\bee025ff\009cd9e5_624ac301\log4net.DLL" /R:"C:\inetpub\wwwroot\LearnSite\App_Data\Temp\root\5d43c239\4d8f1d83\assembly\dl3\ba7d763a\0093ed15_4a69cd01\NPinyin.DLL" /R:"C:\inetpub\wwwroot\LearnSite\App_Data\Temp\root\5d43c239\4d8f1d83\App_Code.td8wfvby.dll" /R:"C:\Windows\assembly\GAC_MSIL\System.Drawing\2.0.0.0__b03f5f7f11d50a3a\System.Drawing.dll" /R:"C:\inetpub\wwwroot\LearnSite\App_Data\Temp\root\5d43c239\4d8f1d83\assembly\dl3\c269b31d\00f5b999_db91cf01\NPOI.OpenXml4Net.DLL" /R:"C:\inetpub\wwwroot\LearnSite\App_Data\Temp\root\5d43c239\4d8f1d83\App_Web_scm.master.f0db4b1d.z0disgbk.dll" /R:"C:\inetpub\wwwroot\LearnSite\App_Data\Temp\root\5d43c239\4d8f1d83\assembly\dl3\30e7fe8b\0036a627_973ace01\MailLog.DLL" /R:"C:\Windows\assembly\GAC_MSIL\System.WorkflowServices\3.5.0.0__31bf3856ad364e35\System.WorkflowServices.dll" /R:"C:\inetpub\wwwroot\LearnSite\App_Data\Temp\root\5d43c239\4d8f1d83\assembly\dl3\5f617ad5\0004936e_e323ce01\SimplePsd.DLL" /R:"C:\Windows\assembly\GAC_32\System.Web\2.0.0.0__b03f5f7f11d50a3a\System.Web.dll" /R:"C:\inetpub\wwwroot\LearnSite\App_Data\Temp\root\5d43c239\4d8f1d83\assembly\dl3\172eb89b\004c60b0_db91cf01\NPOI.OOXML.DLL" /R:"C:\inetpub\wwwroot\LearnSite\App_Data\Temp\root\5d43c239\4d8f1d83\assembly\dl3\0160a05d\00439c98_ce5ec701\zlib.net.DLL" /out:"C:\inetpub\wwwroot\LearnSite\App_Data\Temp\root\5d43c239\4d8f1d83\App_Web__wopj0a_.dll" /D:DEBUG /debug+ /optimize- /win32res:"C:\inetpub\wwwroot\LearnSite\App_Data\Temp\root\5d43c239\4d8f1d83\_wopj0a_.res" /w:4 /nowarn:1659;1699;1701  "C:\inetpub\wwwroot\LearnSite\App_Data\Temp\root\5d43c239\4d8f1d83\App_Web__wopj0a_.12.cs" "C:\inetpub\wwwroot\LearnSite\App_Data\Temp\root\5d43c239\4d8f1d83\App_Web__wopj0a_.13.cs" "C:\inetpub\wwwroot\LearnSite\App_Data\Temp\root\5d43c239\4d8f1d83\App_Web__wopj0a_.10.cs" "C:\inetpub\wwwroot\LearnSite\App_Data\Temp\root\5d43c239\4d8f1d83\App_Web__wopj0a_.11.cs" "C:\inetpub\wwwroot\LearnSite\App_Data\Temp\root\5d43c239\4d8f1d83\App_Web__wopj0a_.38.cs" "C:\inetpub\wwwroot\LearnSite\App_Data\Temp\root\5d43c239\4d8f1d83\App_Web__wopj0a_.1.cs" "C:\inetpub\wwwroot\LearnSite\App_Data\Temp\root\5d43c239\4d8f1d83\App_Web__wopj0a_.55.cs" "C:\inetpub\wwwroot\LearnSite\App_Data\Temp\root\5d43c239\4d8f1d83\App_Web__wopj0a_.52.cs" "C:\inetpub\wwwroot\LearnSite\App_Data\Temp\root\5d43c239\4d8f1d83\App_Web__wopj0a_.53.cs" "C:\inetpub\wwwroot\LearnSite\App_Data\Temp\root\5d43c239\4d8f1d83\App_Web__wopj0a_.50.cs" "C:\inetpub\wwwroot\LearnSite\App_Data\Temp\root\5d43c239\4d8f1d83\App_Web__wopj0a_.51.cs" "C:\inetpub\wwwroot\LearnSite\App_Data\Temp\root\5d43c239\4d8f1d83\App_Web__wopj0a_.0.cs" "C:\inetpub\wwwroot\LearnSite\App_Data\Temp\root\5d43c239\4d8f1d83\App_Web__wopj0a_.28.cs" "C:\inetpub\wwwroot\LearnSite\App_Data\Temp\root\5d43c239\4d8f1d83\App_Web__wopj0a_.21.cs" "C:\inetpub\wwwroot\LearnSite\App_Data\Temp\root\5d43c239\4d8f1d83\App_Web__wopj0a_.9.cs" "C:\inetpub\wwwroot\LearnSite\App_Data\Temp\root\5d43c239\4d8f1d83\App_Web__wopj0a_.54.cs" "C:\inetpub\wwwroot\LearnSite\App_Data\Temp\root\5d43c239\4d8f1d83\App_Web__wopj0a_.8.cs" "C:\inetpub\wwwroot\LearnSite\App_Data\Temp\root\5d43c239\4d8f1d83\App_Web__wopj0a_.5.cs" "C:\inetpub\wwwroot\LearnSite\App_Data\Temp\root\5d43c239\4d8f1d83\App_Web__wopj0a_.29.cs" "C:\inetpub\wwwroot\LearnSite\App_Data\Temp\root\5d43c239\4d8f1d83\App_Web__wopj0a_.26.cs" "C:\inetpub\wwwroot\LearnSite\App_Data\Temp\root\5d43c239\4d8f1d83\App_Web__wopj0a_.27.cs" "C:\inetpub\wwwroot\LearnSite\App_Data\Temp\root\5d43c239\4d8f1d83\App_Web__wopj0a_.24.cs" "C:\inetpub\wwwroot\LearnSite\App_Data\Temp\root\5d43c239\4d8f1d83\App_Web__wopj0a_.25.cs" "C:\inetpub\wwwroot\LearnSite\App_Data\Temp\root\5d43c239\4d8f1d83\App_Web__wopj0a_.22.cs" "C:\inetpub\wwwroot\LearnSite\App_Data\Temp\root\5d43c239\4d8f1d83\App_Web__wopj0a_.23.cs" "C:\inetpub\wwwroot\LearnSite\App_Data\Temp\root\5d43c239\4d8f1d83\App_Web__wopj0a_.20.cs" "C:\inetpub\wwwroot\LearnSite\App_Data\Temp\root\5d43c239\4d8f1d83\App_Web__wopj0a_.6.cs" "C:\inetpub\wwwroot\LearnSite\App_Data\Temp\root\5d43c239\4d8f1d83\App_Web__wopj0a_.4.cs" "C:\inetpub\wwwroot\LearnSite\App_Data\Temp\root\5d43c239\4d8f1d83\App_Web__wopj0a_.39.cs" "C:\inetpub\wwwroot\LearnSite\App_Data\Temp\root\5d43c239\4d8f1d83\App_Web__wopj0a_.36.cs" "C:\inetpub\wwwroot\LearnSite\App_Data\Temp\root\5d43c239\4d8f1d83\App_Web__wopj0a_.37.cs" "C:\inetpub\wwwroot\LearnSite\App_Data\Temp\root\5d43c239\4d8f1d83\App_Web__wopj0a_.34.cs" "C:\inetpub\wwwroot\LearnSite\App_Data\Temp\root\5d43c239\4d8f1d83\App_Web__wopj0a_.35.cs" "C:\inetpub\wwwroot\LearnSite\App_Data\Temp\root\5d43c239\4d8f1d83\App_Web__wopj0a_.32.cs" "C:\inetpub\wwwroot\LearnSite\App_Data\Temp\root\5d43c239\4d8f1d83\App_Web__wopj0a_.33.cs" "C:\inetpub\wwwroot\LearnSite\App_Data\Temp\root\5d43c239\4d8f1d83\App_Web__wopj0a_.30.cs" "C:\inetpub\wwwroot\LearnSite\App_Data\Temp\root\5d43c239\4d8f1d83\App_Web__wopj0a_.31.cs" "C:\inetpub\wwwroot\LearnSite\App_Data\Temp\root\5d43c239\4d8f1d83\App_Web__wopj0a_.7.cs" "C:\inetpub\wwwroot\LearnSite\App_Data\Temp\root\5d43c239\4d8f1d83\App_Web__wopj0a_.3.cs" "C:\inetpub\wwwroot\LearnSite\App_Data\Temp\root\5d43c239\4d8f1d83\App_Web__wopj0a_.49.cs" "C:\inetpub\wwwroot\LearnSite\App_Data\Temp\root\5d43c239\4d8f1d83\App_Web__wopj0a_.46.cs" "C:\inetpub\wwwroot\LearnSite\App_Data\Temp\root\5d43c239\4d8f1d83\App_Web__wopj0a_.47.cs" "C:\inetpub\wwwroot\LearnSite\App_Data\Temp\root\5d43c239\4d8f1d83\App_Web__wopj0a_.44.cs" "C:\inetpub\wwwroot\LearnSite\App_Data\Temp\root\5d43c239\4d8f1d83\App_Web__wopj0a_.45.cs" "C:\inetpub\wwwroot\LearnSite\App_Data\Temp\root\5d43c239\4d8f1d83\App_Web__wopj0a_.42.cs" "C:\inetpub\wwwroot\LearnSite\App_Data\Temp\root\5d43c239\4d8f1d83\App_Web__wopj0a_.43.cs" "C:\inetpub\wwwroot\LearnSite\App_Data\Temp\root\5d43c239\4d8f1d83\App_Web__wopj0a_.40.cs" "C:\inetpub\wwwroot\LearnSite\App_Data\Temp\root\5d43c239\4d8f1d83\App_Web__wopj0a_.41.cs" "C:\inetpub\wwwroot\LearnSite\App_Data\Temp\root\5d43c239\4d8f1d83\App_Web__wopj0a_.48.cs" "C:\inetpub\wwwroot\LearnSite\App_Data\Temp\root\5d43c239\4d8f1d83\App_Web__wopj0a_.2.cs" "C:\inetpub\wwwroot\LearnSite\App_Data\Temp\root\5d43c239\4d8f1d83\App_Web__wopj0a_.18.cs" "C:\inetpub\wwwroot\LearnSite\App_Data\Temp\root\5d43c239\4d8f1d83\App_Web__wopj0a_.19.cs" "C:\inetpub\wwwroot\LearnSite\App_Data\Temp\root\5d43c239\4d8f1d83\App_Web__wopj0a_.16.cs" "C:\inetpub\wwwroot\LearnSite\App_Data\Temp\root\5d43c239\4d8f1d83\App_Web__wopj0a_.17.cs" "C:\inetpub\wwwroot\LearnSite\App_Data\Temp\root\5d43c239\4d8f1d83\App_Web__wopj0a_.14.cs" "C:\inetpub\wwwroot\LearnSite\App_Data\Temp\root\5d43c239\4d8f1d83\App_Web__wopj0a_.15.cs"


Microsoft (R) Visual C# 2005 编译器 版本 8.00.50727.9031
用于 Microsoft (R) Windows (R) 2005 Framework 版本 2.0.50727
版权所有(C) Microsoft Corporation 2001-2005。保留所有权利。

c:\inetpub\wwwroot\LearnSite\App_Data\Temp\root\5d43c239\4d8f1d83\App_Web__wopj0a_.12.cs(135,53): warning CS0108: “ASP.student_masterwork_aspx.Profile”隐藏了继承的成员“Student_masterwork.Profile”。如果是有意隐藏，请使用关键字 new。
c:\inetpub\wwwroot\LearnSite\App_Data\Temp\root\5d43c239\4d8f1d83\assembly\dl3\6ad2fe03\0011bc37_ef7ddc01\LearnSite.DLL: (与前一个警告相关的符号位置)
c:\inetpub\wwwroot\LearnSite\App_Data\Temp\root\5d43c239\4d8f1d83\App_Web__wopj0a_.12.cs(141,46): warning CS0108: “ASP.student_masterwork_aspx.ApplicationInstance”隐藏了继承的成员“Student_masterwork.ApplicationInstance”。如果是有意隐藏，请使用关键字 new。
c:\inetpub\wwwroot\LearnSite\App_Data\Temp\root\5d43c239\4d8f1d83\assembly\dl3\6ad2fe03\0011bc37_ef7ddc01\LearnSite.DLL: (与前一个警告相关的符号位置)
c:\inetpub\wwwroot\LearnSite\App_Data\Temp\root\5d43c239\4d8f1d83\App_Web__wopj0a_.10.cs(128,53): warning CS0108: “ASP.student_chat_aspx.Profile”隐藏了继承的成员“student_chat.Profile”。如果是有意隐藏，请使用关键字 new。
c:\inetpub\wwwroot\LearnSite\App_Data\Temp\root\5d43c239\4d8f1d83\assembly\dl3\6ad2fe03\0011bc37_ef7ddc01\LearnSite.DLL: (与前一个警告相关的符号位置)
c:\inetpub\wwwroot\LearnSite\App_Data\Temp\root\5d43c239\4d8f1d83\App_Web__wopj0a_.10.cs(134,46): warning CS0108: “ASP.student_chat_aspx.ApplicationInstance”隐藏了继承的成员“student_chat.ApplicationInstance”。如果是有意隐藏，请使用关键字 new。
c:\inetpub\wwwroot\LearnSite\App_Data\Temp\root\5d43c239\4d8f1d83\assembly\dl3\6ad2fe03\0011bc37_ef7ddc01\LearnSite.DLL: (与前一个警告相关的符号位置)
c:\inetpub\wwwroot\LearnSite\App_Data\Temp\root\5d43c239\4d8f1d83\App_Web__wopj0a_.1.cs(128,53): warning CS0108: “ASP.student_mpptx_aspx.Profile”隐藏了继承的成员“student_mpptx.Profile”。如果是有意隐藏，请使用关键字 new。
c:\inetpub\wwwroot\LearnSite\App_Data\Temp\root\5d43c239\4d8f1d83\assembly\dl3\6ad2fe03\0011bc37_ef7ddc01\LearnSite.DLL: (与前一个警告相关的符号位置)
c:\inetpub\wwwroot\LearnSite\App_Data\Temp\root\5d43c239\4d8f1d83\App_Web__wopj0a_.1.cs(134,46): warning CS0108: “ASP.student_mpptx_aspx.ApplicationInstance”隐藏了继承的成员“student_mpptx.ApplicationInstance”。如果是有意隐藏，请使用关键字 new。
c:\inetpub\wwwroot\LearnSite\App_Data\Temp\root\5d43c239\4d8f1d83\assembly\dl3\6ad2fe03\0011bc37_ef7ddc01\LearnSite.DLL: (与前一个警告相关的符号位置)
c:\inetpub\wwwroot\LearnSite\App_Data\Temp\root\5d43c239\4d8f1d83\App_Web__wopj0a_.53.cs(128,53): warning CS0108: “ASP.student_codeshare_aspx.Profile”隐藏了继承的成员“Student_codeshare.Profile”。如果是有意隐藏，请使用关键字 new。
c:\inetpub\wwwroot\LearnSite\App_Data\Temp\root\5d43c239\4d8f1d83\assembly\dl3\6ad2fe03\0011bc37_ef7ddc01\LearnSite.DLL: (与前一个警告相关的符号位置)
c:\inetpub\wwwroot\LearnSite\App_Data\Temp\root\5d43c239\4d8f1d83\App_Web__wopj0a_.53.cs(134,46): warning CS0108: “ASP.student_codeshare_aspx.ApplicationInstance”隐藏了继承的成员“Student_codeshare.ApplicationInstance”。如果是有意隐藏，请使用关键字 new。
c:\inetpub\wwwroot\LearnSite\App_Data\Temp\root\5d43c239\4d8f1d83\assembly\dl3\6ad2fe03\0011bc37_ef7ddc01\LearnSite.DLL: (与前一个警告相关的符号位置)
c:\inetpub\wwwroot\LearnSite\App_Data\Temp\root\5d43c239\4d8f1d83\App_Web__wopj0a_.50.cs(128,53): warning CS0108: “ASP.student_download_aspx.Profile”隐藏了继承的成员“Plugins_download.Profile”。如果是有意隐藏，请使用关键字 new。
c:\inetpub\wwwroot\LearnSite\App_Data\Temp\root\5d43c239\4d8f1d83\assembly\dl3\6ad2fe03\0011bc37_ef7ddc01\LearnSite.DLL: (与前一个警告相关的符号位置)
c:\inetpub\wwwroot\LearnSite\App_Data\Temp\root\5d43c239\4d8f1d83\App_Web__wopj0a_.50.cs(134,46): warning CS0108: “ASP.student_download_aspx.ApplicationInstance”隐藏了继承的成员“Plugins_download.ApplicationInstance”。如果是有意隐藏，请使用关键字 new。
c:\inetpub\wwwroot\LearnSite\App_Data\Temp\root\5d43c239\4d8f1d83\assembly\dl3\6ad2fe03\0011bc37_ef7ddc01\LearnSite.DLL: (与前一个警告相关的符号位置)
c:\inetpub\wwwroot\LearnSite\App_Data\Temp\root\5d43c239\4d8f1d83\App_Web__wopj0a_.51.cs(128,53): warning CS0108: “ASP.student_webstoresql_aspx.Profile”隐藏了继承的成员“student_webstoresql.Profile”。如果是有意隐藏，请使用关键字 new。
c:\inetpub\wwwroot\LearnSite\App_Data\Temp\root\5d43c239\4d8f1d83\assembly\dl3\6ad2fe03\0011bc37_ef7ddc01\LearnSite.DLL: (与前一个警告相关的符号位置)
c:\inetpub\wwwroot\LearnSite\App_Data\Temp\root\5d43c239\4d8f1d83\App_Web__wopj0a_.51.cs(134,46): warning CS0108: “ASP.student_webstoresql_aspx.ApplicationInstance”隐藏了继承的成员“student_webstoresql.ApplicationInstance”。如果是有意隐藏，请使用关键字 new。
c:\inetpub\wwwroot\LearnSite\App_Data\Temp\root\5d43c239\4d8f1d83\assembly\dl3\6ad2fe03\0011bc37_ef7ddc01\LearnSite.DLL: (与前一个警告相关的符号位置)
c:\inetpub\wwwroot\LearnSite\App_Data\Temp\root\5d43c239\4d8f1d83\App_Web__wopj0a_.28.cs(128,53): warning CS0108: “ASP.student_website_aspx.Profile”隐藏了继承的成员“student_website.Profile”。如果是有意隐藏，请使用关键字 new。
c:\inetpub\wwwroot\LearnSite\App_Data\Temp\root\5d43c239\4d8f1d83\assembly\dl3\6ad2fe03\0011bc37_ef7ddc01\LearnSite.DLL: (与前一个警告相关的符号位置)
c:\inetpub\wwwroot\LearnSite\App_Data\Temp\root\5d43c239\4d8f1d83\App_Web__wopj0a_.28.cs(134,46): warning CS0108: “ASP.student_website_aspx.ApplicationInstance”隐藏了继承的成员“student_website.ApplicationInstance”。如果是有意隐藏，请使用关键字 new。
c:\inetpub\wwwroot\LearnSite\App_Data\Temp\root\5d43c239\4d8f1d83\assembly\dl3\6ad2fe03\0011bc37_ef7ddc01\LearnSite.DLL: (与前一个警告相关的符号位置)
c:\inetpub\wwwroot\LearnSite\App_Data\Temp\root\5d43c239\4d8f1d83\App_Web__wopj0a_.21.cs(220,53): warning CS0108: “ASP.student_pysolve_aspx.Profile”隐藏了继承的成员“Student_pysolve.Profile”。如果是有意隐藏，请使用关键字 new。
c:\inetpub\wwwroot\LearnSite\App_Data\Temp\root\5d43c239\4d8f1d83\assembly\dl3\6ad2fe03\0011bc37_ef7ddc01\LearnSite.DLL: (与前一个警告相关的符号位置)
c:\inetpub\wwwroot\LearnSite\App_Data\Temp\root\5d43c239\4d8f1d83\App_Web__wopj0a_.21.cs(226,46): warning CS0108: “ASP.student_pysolve_aspx.ApplicationInstance”隐藏了继承的成员“Student_pysolve.ApplicationInstance”。如果是有意隐藏，请使用关键字 new。
c:\inetpub\wwwroot\LearnSite\App_Data\Temp\root\5d43c239\4d8f1d83\assembly\dl3\6ad2fe03\0011bc37_ef7ddc01\LearnSite.DLL: (与前一个警告相关的符号位置)
c:\inetpub\wwwroot\LearnSite\App_Data\Temp\root\5d43c239\4d8f1d83\App_Web__wopj0a_.29.cs(128,53): warning CS0108: “ASP.student_htmleditor_aspx.Profile”隐藏了继承的成员“student_htmleditor.Profile”。如果是有意隐藏，请使用关键字 new。
c:\inetpub\wwwroot\LearnSite\App_Data\Temp\root\5d43c239\4d8f1d83\assembly\dl3\6ad2fe03\0011bc37_ef7ddc01\LearnSite.DLL: (与前一个警告相关的符号位置)
c:\inetpub\wwwroot\LearnSite\App_Data\Temp\root\5d43c239\4d8f1d83\App_Web__wopj0a_.29.cs(134,46): warning CS0108: “ASP.student_htmleditor_aspx.ApplicationInstance”隐藏了继承的成员“student_htmleditor.ApplicationInstance”。如果是有意隐藏，请使用关键字 new。
c:\inetpub\wwwroot\LearnSite\App_Data\Temp\root\5d43c239\4d8f1d83\assembly\dl3\6ad2fe03\0011bc37_ef7ddc01\LearnSite.DLL: (与前一个警告相关的符号位置)
c:\inetpub\wwwroot\LearnSite\App_Data\Temp\root\5d43c239\4d8f1d83\App_Web__wopj0a_.26.cs(135,53): warning CS0108: “ASP.student_myquiz_aspx.Profile”隐藏了继承的成员“Student_myquiz.Profile”。如果是有意隐藏，请使用关键字 new。
c:\inetpub\wwwroot\LearnSite\App_Data\Temp\root\5d43c239\4d8f1d83\assembly\dl3\6ad2fe03\0011bc37_ef7ddc01\LearnSite.DLL: (与前一个警告相关的符号位置)
c:\inetpub\wwwroot\LearnSite\App_Data\Temp\root\5d43c239\4d8f1d83\App_Web__wopj0a_.26.cs(141,46): warning CS0108: “ASP.student_myquiz_aspx.ApplicationInstance”隐藏了继承的成员“Student_myquiz.ApplicationInstance”。如果是有意隐藏，请使用关键字 new。
c:\inetpub\wwwroot\LearnSite\App_Data\Temp\root\5d43c239\4d8f1d83\assembly\dl3\6ad2fe03\0011bc37_ef7ddc01\LearnSite.DLL: (与前一个警告相关的符号位置)
c:\inetpub\wwwroot\LearnSite\App_Data\Temp\root\5d43c239\4d8f1d83\App_Web__wopj0a_.27.cs(135,53): warning CS0108: “ASP.student_summary_aspx.Profile”隐藏了继承的成员“Student_summary.Profile”。如果是有意隐藏，请使用关键字 new。
c:\inetpub\wwwroot\LearnSite\App_Data\Temp\root\5d43c239\4d8f1d83\assembly\dl3\6ad2fe03\0011bc37_ef7ddc01\LearnSite.DLL: (与前一个警告相关的符号位置)
c:\inetpub\wwwroot\LearnSite\App_Data\Temp\root\5d43c239\4d8f1d83\App_Web__wopj0a_.27.cs(141,46): warning CS0108: “ASP.student_summary_aspx.ApplicationInstance”隐藏了继承的成员“Student_summary.ApplicationInstance”。如果是有意隐藏，请使用关键字 new。
c:\inetpub\wwwroot\LearnSite\App_Data\Temp\root\5d43c239\4d8f1d83\assembly\dl3\6ad2fe03\0011bc37_ef7ddc01\LearnSite.DLL: (与前一个警告相关的符号位置)
c:\inetpub\wwwroot\LearnSite\App_Data\Temp\root\5d43c239\4d8f1d83\App_Web__wopj0a_.22.cs(135,53): warning CS0108: “ASP.student_console_aspx.Profile”隐藏了继承的成员“Student_console.Profile”。如果是有意隐藏，请使用关键字 new。
c:\inetpub\wwwroot\LearnSite\App_Data\Temp\root\5d43c239\4d8f1d83\assembly\dl3\6ad2fe03\0011bc37_ef7ddc01\LearnSite.DLL: (与前一个警告相关的符号位置)
c:\inetpub\wwwroot\LearnSite\App_Data\Temp\root\5d43c239\4d8f1d83\App_Web__wopj0a_.22.cs(141,46): warning CS0108: “ASP.student_console_aspx.ApplicationInstance”隐藏了继承的成员“Student_console.ApplicationInstance”。如果是有意隐藏，请使用关键字 new。
c:\inetpub\wwwroot\LearnSite\App_Data\Temp\root\5d43c239\4d8f1d83\assembly\dl3\6ad2fe03\0011bc37_ef7ddc01\LearnSite.DLL: (与前一个警告相关的符号位置)
c:\inetpub\wwwroot\LearnSite\App_Data\Temp\root\5d43c239\4d8f1d83\App_Web__wopj0a_.6.cs(128,53): warning CS0108: “ASP.student_htmledit_aspx.Profile”隐藏了继承的成员“student_htmledit.Profile”。如果是有意隐藏，请使用关键字 new。
c:\inetpub\wwwroot\LearnSite\App_Data\Temp\root\5d43c239\4d8f1d83\assembly\dl3\6ad2fe03\0011bc37_ef7ddc01\LearnSite.DLL: (与前一个警告相关的符号位置)
c:\inetpub\wwwroot\LearnSite\App_Data\Temp\root\5d43c239\4d8f1d83\App_Web__wopj0a_.6.cs(134,46): warning CS0108: “ASP.student_htmledit_aspx.ApplicationInstance”隐藏了继承的成员“student_htmledit.ApplicationInstance”。如果是有意隐藏，请使用关键字 new。
c:\inetpub\wwwroot\LearnSite\App_Data\Temp\root\5d43c239\4d8f1d83\assembly\dl3\6ad2fe03\0011bc37_ef7ddc01\LearnSite.DLL: (与前一个警告相关的符号位置)
c:\inetpub\wwwroot\LearnSite\App_Data\Temp\root\5d43c239\4d8f1d83\App_Web__wopj0a_.4.cs(128,53): warning CS0108: “ASP.student_draw_aspx.Profile”隐藏了继承的成员“student_draw.Profile”。如果是有意隐藏，请使用关键字 new。
c:\inetpub\wwwroot\LearnSite\App_Data\Temp\root\5d43c239\4d8f1d83\assembly\dl3\6ad2fe03\0011bc37_ef7ddc01\LearnSite.DLL: (与前一个警告相关的符号位置)
c:\inetpub\wwwroot\LearnSite\App_Data\Temp\root\5d43c239\4d8f1d83\App_Web__wopj0a_.4.cs(134,46): warning CS0108: “ASP.student_draw_aspx.ApplicationInstance”隐藏了继承的成员“student_draw.ApplicationInstance”。如果是有意隐藏，请使用关键字 new。
c:\inetpub\wwwroot\LearnSite\App_Data\Temp\root\5d43c239\4d8f1d83\assembly\dl3\6ad2fe03\0011bc37_ef7ddc01\LearnSite.DLL: (与前一个警告相关的符号位置)
c:\inetpub\wwwroot\LearnSite\App_Data\Temp\root\5d43c239\4d8f1d83\App_Web__wopj0a_.37.cs(128,53): warning CS0108: “ASP.student_word_aspx.Profile”隐藏了继承的成员“student_word.Profile”。如果是有意隐藏，请使用关键字 new。
c:\inetpub\wwwroot\LearnSite\App_Data\Temp\root\5d43c239\4d8f1d83\assembly\dl3\6ad2fe03\0011bc37_ef7ddc01\LearnSite.DLL: (与前一个警告相关的符号位置)
c:\inetpub\wwwroot\LearnSite\App_Data\Temp\root\5d43c239\4d8f1d83\App_Web__wopj0a_.37.cs(134,46): warning CS0108: “ASP.student_word_aspx.ApplicationInstance”隐藏了继承的成员“student_word.ApplicationInstance”。如果是有意隐藏，请使用关键字 new。
c:\inetpub\wwwroot\LearnSite\App_Data\Temp\root\5d43c239\4d8f1d83\assembly\dl3\6ad2fe03\0011bc37_ef7ddc01\LearnSite.DLL: (与前一个警告相关的符号位置)
c:\inetpub\wwwroot\LearnSite\App_Data\Temp\root\5d43c239\4d8f1d83\App_Web__wopj0a_.34.cs(135,53): warning CS0108: “ASP.student_alltyper_aspx.Profile”隐藏了继承的成员“Student_alltyper.Profile”。如果是有意隐藏，请使用关键字 new。
c:\inetpub\wwwroot\LearnSite\App_Data\Temp\root\5d43c239\4d8f1d83\assembly\dl3\6ad2fe03\0011bc37_ef7ddc01\LearnSite.DLL: (与前一个警告相关的符号位置)
c:\inetpub\wwwroot\LearnSite\App_Data\Temp\root\5d43c239\4d8f1d83\App_Web__wopj0a_.34.cs(141,46): warning CS0108: “ASP.student_alltyper_aspx.ApplicationInstance”隐藏了继承的成员“Student_alltyper.ApplicationInstance”。如果是有意隐藏，请使用关键字 new。
c:\inetpub\wwwroot\LearnSite\App_Data\Temp\root\5d43c239\4d8f1d83\assembly\dl3\6ad2fe03\0011bc37_ef7ddc01\LearnSite.DLL: (与前一个警告相关的符号位置)
c:\inetpub\wwwroot\LearnSite\App_Data\Temp\root\5d43c239\4d8f1d83\App_Web__wopj0a_.35.cs(128,53): warning CS0108: “ASP.student_quizview_aspx.Profile”隐藏了继承的成员“Student_quizview.Profile”。如果是有意隐藏，请使用关键字 new。
c:\inetpub\wwwroot\LearnSite\App_Data\Temp\root\5d43c239\4d8f1d83\assembly\dl3\6ad2fe03\0011bc37_ef7ddc01\LearnSite.DLL: (与前一个警告相关的符号位置)
c:\inetpub\wwwroot\LearnSite\App_Data\Temp\root\5d43c239\4d8f1d83\App_Web__wopj0a_.35.cs(134,46): warning CS0108: “ASP.student_quizview_aspx.ApplicationInstance”隐藏了继承的成员“Student_quizview.ApplicationInstance”。如果是有意隐藏，请使用关键字 new。
c:\inetpub\wwwroot\LearnSite\App_Data\Temp\root\5d43c239\4d8f1d83\assembly\dl3\6ad2fe03\0011bc37_ef7ddc01\LearnSite.DLL: (与前一个警告相关的符号位置)
c:\inetpub\wwwroot\LearnSite\App_Data\Temp\root\5d43c239\4d8f1d83\App_Web__wopj0a_.30.cs(128,53): warning CS0108: “ASP.student_handnum_aspx.Profile”隐藏了继承的成员“student_handnum.Profile”。如果是有意隐藏，请使用关键字 new。
c:\inetpub\wwwroot\LearnSite\App_Data\Temp\root\5d43c239\4d8f1d83\assembly\dl3\6ad2fe03\0011bc37_ef7ddc01\LearnSite.DLL: (与前一个警告相关的符号位置)
c:\inetpub\wwwroot\LearnSite\App_Data\Temp\root\5d43c239\4d8f1d83\App_Web__wopj0a_.30.cs(134,46): warning CS0108: “ASP.student_handnum_aspx.ApplicationInstance”隐藏了继承的成员“student_handnum.ApplicationInstance”。如果是有意隐藏，请使用关键字 new。
c:\inetpub\wwwroot\LearnSite\App_Data\Temp\root\5d43c239\4d8f1d83\assembly\dl3\6ad2fe03\0011bc37_ef7ddc01\LearnSite.DLL: (与前一个警告相关的符号位置)
c:\inetpub\wwwroot\LearnSite\App_Data\Temp\root\5d43c239\4d8f1d83\App_Web__wopj0a_.46.cs(128,53): warning CS0108: “ASP.student_mysurveyrank_aspx.Profile”隐藏了继承的成员“Student_mysurveyrank.Profile”。如果是有意隐藏，请使用关键字 new。
c:\inetpub\wwwroot\LearnSite\App_Data\Temp\root\5d43c239\4d8f1d83\assembly\dl3\6ad2fe03\0011bc37_ef7ddc01\LearnSite.DLL: (与前一个警告相关的符号位置)
c:\inetpub\wwwroot\LearnSite\App_Data\Temp\root\5d43c239\4d8f1d83\App_Web__wopj0a_.46.cs(134,46): warning CS0108: “ASP.student_mysurveyrank_aspx.ApplicationInstance”隐藏了继承的成员“Student_mysurveyrank.ApplicationInstance”。如果是有意隐藏，请使用关键字 new。
c:\inetpub\wwwroot\LearnSite\App_Data\Temp\root\5d43c239\4d8f1d83\assembly\dl3\6ad2fe03\0011bc37_ef7ddc01\LearnSite.DLL: (与前一个警告相关的符号位置)
c:\inetpub\wwwroot\LearnSite\App_Data\Temp\root\5d43c239\4d8f1d83\App_Web__wopj0a_.47.cs(135,53): warning CS0108: “ASP.student_summaryedit_aspx.Profile”隐藏了继承的成员“Student_summaryedit.Profile”。如果是有意隐藏，请使用关键字 new。
c:\inetpub\wwwroot\LearnSite\App_Data\Temp\root\5d43c239\4d8f1d83\assembly\dl3\6ad2fe03\0011bc37_ef7ddc01\LearnSite.DLL: (与前一个警告相关的符号位置)
c:\inetpub\wwwroot\LearnSite\App_Data\Temp\root\5d43c239\4d8f1d83\App_Web__wopj0a_.47.cs(141,46): warning CS0108: “ASP.student_summaryedit_aspx.ApplicationInstance”隐藏了继承的成员“Student_summaryedit.ApplicationInstance”。如果是有意隐藏，请使用关键字 new。
c:\inetpub\wwwroot\LearnSite\App_Data\Temp\root\5d43c239\4d8f1d83\assembly\dl3\6ad2fe03\0011bc37_ef7ddc01\LearnSite.DLL: (与前一个警告相关的符号位置)
c:\inetpub\wwwroot\LearnSite\App_Data\Temp\root\5d43c239\4d8f1d83\App_Web__wopj0a_.45.cs(128,53): warning CS0108: “ASP.student_myportfolio_aspx.Profile”隐藏了继承的成员“student_myportfolio.Profile”。如果是有意隐藏，请使用关键字 new。
c:\inetpub\wwwroot\LearnSite\App_Data\Temp\root\5d43c239\4d8f1d83\assembly\dl3\6ad2fe03\0011bc37_ef7ddc01\LearnSite.DLL: (与前一个警告相关的符号位置)
c:\inetpub\wwwroot\LearnSite\App_Data\Temp\root\5d43c239\4d8f1d83\App_Web__wopj0a_.45.cs(134,46): warning CS0108: “ASP.student_myportfolio_aspx.ApplicationInstance”隐藏了继承的成员“student_myportfolio.ApplicationInstance”。如果是有意隐藏，请使用关键字 new。
c:\inetpub\wwwroot\LearnSite\App_Data\Temp\root\5d43c239\4d8f1d83\assembly\dl3\6ad2fe03\0011bc37_ef7ddc01\LearnSite.DLL: (与前一个警告相关的符号位置)
c:\inetpub\wwwroot\LearnSite\App_Data\Temp\root\5d43c239\4d8f1d83\App_Web__wopj0a_.41.cs(128,53): warning CS0108: “ASP.student_mxgraph_aspx.Profile”隐藏了继承的成员“Student_mxgraph.Profile”。如果是有意隐藏，请使用关键字 new。
c:\inetpub\wwwroot\LearnSite\App_Data\Temp\root\5d43c239\4d8f1d83\assembly\dl3\6ad2fe03\0011bc37_ef7ddc01\LearnSite.DLL: (与前一个警告相关的符号位置)
c:\inetpub\wwwroot\LearnSite\App_Data\Temp\root\5d43c239\4d8f1d83\App_Web__wopj0a_.41.cs(134,46): warning CS0108: “ASP.student_mxgraph_aspx.ApplicationInstance”隐藏了继承的成员“Student_mxgraph.ApplicationInstance”。如果是有意隐藏，请使用关键字 new。
c:\inetpub\wwwroot\LearnSite\App_Data\Temp\root\5d43c239\4d8f1d83\assembly\dl3\6ad2fe03\0011bc37_ef7ddc01\LearnSite.DLL: (与前一个警告相关的符号位置)
c:\inetpub\wwwroot\LearnSite\App_Data\Temp\root\5d43c239\4d8f1d83\App_Web__wopj0a_.19.cs(128,53): warning CS0108: “ASP.student_turtleidle_aspx.Profile”隐藏了继承的成员“Student_turtleidle.Profile”。如果是有意隐藏，请使用关键字 new。
c:\inetpub\wwwroot\LearnSite\App_Data\Temp\root\5d43c239\4d8f1d83\assembly\dl3\6ad2fe03\0011bc37_ef7ddc01\LearnSite.DLL: (与前一个警告相关的符号位置)
c:\inetpub\wwwroot\LearnSite\App_Data\Temp\root\5d43c239\4d8f1d83\App_Web__wopj0a_.19.cs(134,46): warning CS0108: “ASP.student_turtleidle_aspx.ApplicationInstance”隐藏了继承的成员“Student_turtleidle.ApplicationInstance”。如果是有意隐藏，请使用关键字 new。
c:\inetpub\wwwroot\LearnSite\App_Data\Temp\root\5d43c239\4d8f1d83\assembly\dl3\6ad2fe03\0011bc37_ef7ddc01\LearnSite.DLL: (与前一个警告相关的符号位置)
c:\inetpub\wwwroot\LearnSite\App_Data\Temp\root\5d43c239\4d8f1d83\App_Web__wopj0a_.16.cs(135,53): warning CS0108: “ASP.student_description_aspx.Profile”隐藏了继承的成员“Student_description.Profile”。如果是有意隐藏，请使用关键字 new。
c:\inetpub\wwwroot\LearnSite\App_Data\Temp\root\5d43c239\4d8f1d83\assembly\dl3\6ad2fe03\0011bc37_ef7ddc01\LearnSite.DLL: (与前一个警告相关的符号位置)
c:\inetpub\wwwroot\LearnSite\App_Data\Temp\root\5d43c239\4d8f1d83\App_Web__wopj0a_.16.cs(141,46): warning CS0108: “ASP.student_description_aspx.ApplicationInstance”隐藏了继承的成员“Student_description.ApplicationInstance”。如果是有意隐藏，请使用关键字 new。
c:\inetpub\wwwroot\LearnSite\App_Data\Temp\root\5d43c239\4d8f1d83\assembly\dl3\6ad2fe03\0011bc37_ef7ddc01\LearnSite.DLL: (与前一个警告相关的符号位置)
c:\inetpub\wwwroot\LearnSite\App_Data\Temp\root\5d43c239\4d8f1d83\App_Web__wopj0a_.15.cs(128,53): warning CS0108: “ASP.student_codeproject_aspx.Profile”隐藏了继承的成员“Student_codeproject.Profile”。如果是有意隐藏，请使用关键字 new。
c:\inetpub\wwwroot\LearnSite\App_Data\Temp\root\5d43c239\4d8f1d83\assembly\dl3\6ad2fe03\0011bc37_ef7ddc01\LearnSite.DLL: (与前一个警告相关的符号位置)
c:\inetpub\wwwroot\LearnSite\App_Data\Temp\root\5d43c239\4d8f1d83\App_Web__wopj0a_.15.cs(134,46): warning CS0108: “ASP.student_codeproject_aspx.ApplicationInstance”隐藏了继承的成员“Student_codeproject.ApplicationInstance”。如果是有意隐藏，请使用关键字 new。
c:\inetpub\wwwroot\LearnSite\App_Data\Temp\root\5d43c239\4d8f1d83\assembly\dl3\6ad2fe03\0011bc37_ef7ddc01\LearnSite.DLL: (与前一个警告相关的符号位置)
c:\inetpub\wwwroot\LearnSite\student\SendEmailCode.ashx(55,13): error CS0246: 找不到类型或命名空间名称“var”(是否缺少 using 指令或程序集引用?)
c:\inetpub\wwwroot\LearnSite\student\task-type-debug.ashx(149,41): error CS0103: 当前上下文中不存在名称“StudentRouteFixHelper”
c:\inetpub\wwwroot\LearnSite\student\quizrank.aspx(238,9): warning CS0168: 声明了变量“ex”，但从未使用过
c:\inetpub\wwwroot\LearnSite\student\gamepurchase.ashx(146,37): error CS1525: 无效的表达式项“>”
c:\inetpub\wwwroot\LearnSite\student\get-course-tasks.aspx(27,9): warning CS0168: 声明了变量“ex”，但从未使用过
