C:\Windows\SysWOW64\inetsrv> "C:\Windows\Microsoft.NET\Framework\v2.0.50727\csc.exe" /t:library /utf8output /R:"C:\inetpub\wwwroot\LearnSite\App_Data\Temp\root\5d43c239\4d8f1d83\assembly\dl3\62286773\003e39a9_db91cf01\NPOI.OpenXmlFormats.DLL" /R:"C:\inetpub\wwwroot\LearnSite\App_Data\Temp\root\5d43c239\4d8f1d83\assembly\dl3\6ad2fe03\0011bc37_ef7ddc01\LearnSite.DLL" /R:"C:\Windows\assembly\GAC_MSIL\System.IdentityModel\3.0.0.0__b77a5c561934e089\System.IdentityModel.dll" /R:"C:\inetpub\wwwroot\LearnSite\App_Data\Temp\root\5d43c239\4d8f1d83\assembly\dl3\0160a05d\00439c98_ce5ec701\zlib.net.DLL" /R:"C:\Windows\assembly\GAC_MSIL\System.Web.Mobile\2.0.0.0__b03f5f7f11d50a3a\System.Web.Mobile.dll" /R:"C:\Windows\assembly\GAC_MSIL\System.Web.Services\2.0.0.0__b03f5f7f11d50a3a\System.Web.Services.dll" /R:"C:\inetpub\wwwroot\LearnSite\App_Data\Temp\root\5d43c239\4d8f1d83\App_Web_7nc76oai.dll" /R:"C:\inetpub\wwwroot\LearnSite\App_Data\Temp\root\5d43c239\4d8f1d83\App_Code.td8wfvby.dll" /R:"C:\inetpub\wwwroot\LearnSite\App_Data\Temp\root\5d43c239\4d8f1d83\assembly\dl3\dd5800dc\0071b915_d746cd01\LitJSON.DLL" /R:"C:\inetpub\wwwroot\LearnSite\App_Data\Temp\root\5d43c239\4d8f1d83\assembly\dl3\1e477b0b\00fb7faf_0e4dd701\mxgraph.DLL" /R:"C:\Windows\assembly\GAC_MSIL\System.ServiceModel.Web\3.5.0.0__31bf3856ad364e35\System.ServiceModel.Web.dll" /R:"C:\Windows\assembly\GAC_MSIL\System.WorkflowServices\3.5.0.0__31bf3856ad364e35\System.WorkflowServices.dll" /R:"C:\Windows\assembly\GAC_MSIL\System.ServiceModel\3.0.0.0__b77a5c561934e089\System.ServiceModel.dll" /R:"C:\Windows\assembly\GAC_32\System.Web\2.0.0.0__b03f5f7f11d50a3a\System.Web.dll" /R:"C:\Windows\assembly\GAC_MSIL\System.Xml\2.0.0.0__b77a5c561934e089\System.Xml.dll" /R:"C:\Windows\assembly\GAC_MSIL\System.Configuration\2.0.0.0__b03f5f7f11d50a3a\System.Configuration.dll" /R:"C:\inetpub\wwwroot\LearnSite\App_Data\Temp\root\5d43c239\4d8f1d83\assembly\dl3\172eb89b\004c60b0_db91cf01\NPOI.OOXML.DLL" /R:"C:\inetpub\wwwroot\LearnSite\App_Data\Temp\root\5d43c239\4d8f1d83\assembly\dl3\8f1de104\00bbafb3_68fbcb01\Anthem.DLL" /R:"C:\inetpub\wwwroot\LearnSite\App_Data\Temp\root\5d43c239\4d8f1d83\assembly\dl3\5f617ad5\0004936e_e323ce01\SimplePsd.DLL" /R:"C:\inetpub\wwwroot\LearnSite\App_Data\Temp\root\5d43c239\4d8f1d83\assembly\dl3\5d3282df\00694688_5596d501\Newtonsoft.Json.DLL" /R:"C:\inetpub\wwwroot\LearnSite\App_Data\Temp\root\5d43c239\4d8f1d83\assembly\dl3\839ae875\000cf6d8_6b03cd01\SwfDotNet.IO.DLL" /R:"C:\inetpub\wwwroot\LearnSite\App_Data\Temp\root\5d43c239\4d8f1d83\assembly\dl3\19005fde\00cfbd72_c690cf01\NPOI.DLL" /R:"C:\Windows\assembly\GAC_32\System.EnterpriseServices\2.0.0.0__b03f5f7f11d50a3a\System.EnterpriseServices.dll" /R:"C:\inetpub\wwwroot\LearnSite\App_Data\Temp\root\5d43c239\4d8f1d83\assembly\dl3\c269b31d\00f5b999_db91cf01\NPOI.OpenXml4Net.DLL" /R:"C:\Windows\assembly\GAC_32\System.Data\2.0.0.0__b77a5c561934e089\System.Data.dll" /R:"C:\inetpub\wwwroot\LearnSite\App_Data\Temp\root\5d43c239\4d8f1d83\assembly\dl3\30e7fe8b\0036a627_973ace01\MailLog.DLL" /R:"C:\Windows\assembly\GAC_MSIL\System.Drawing\2.0.0.0__b03f5f7f11d50a3a\System.Drawing.dll" /R:"C:\inetpub\wwwroot\LearnSite\App_Data\Temp\root\5d43c239\4d8f1d83\assembly\dl3\ba7d763a\0093ed15_4a69cd01\NPinyin.DLL" /R:"C:\Windows\Microsoft.NET\Framework\v2.0.50727\mscorlib.dll" /R:"C:\inetpub\wwwroot\LearnSite\App_Data\Temp\root\5d43c239\4d8f1d83\assembly\dl3\bee025ff\009cd9e5_624ac301\log4net.DLL" /R:"C:\inetpub\wwwroot\LearnSite\App_Data\Temp\root\5d43c239\4d8f1d83\assembly\dl3\304a858c\00c9d3dd_c23ccf01\ICSharpCode.SharpZipLib.DLL" /R:"C:\Windows\assembly\GAC_MSIL\System\2.0.0.0__b77a5c561934e089\System.dll" /R:"C:\Windows\assembly\GAC_MSIL\System.Runtime.Serialization\3.0.0.0__b77a5c561934e089\System.Runtime.Serialization.dll" /out:"C:\inetpub\wwwroot\LearnSite\App_Data\Temp\root\5d43c239\4d8f1d83\App_Web_ht9mqts9.dll" /D:DEBUG /debug+ /optimize- /win32res:"C:\inetpub\wwwroot\LearnSite\App_Data\Temp\root\5d43c239\4d8f1d83\ht9mqts9.res" /w:4 /nowarn:1659;1699;1701  "C:\inetpub\wwwroot\LearnSite\App_Data\Temp\root\5d43c239\4d8f1d83\App_Web_ht9mqts9.2.cs" "C:\inetpub\wwwroot\LearnSite\App_Data\Temp\root\5d43c239\4d8f1d83\App_Web_ht9mqts9.18.cs" "C:\inetpub\wwwroot\LearnSite\App_Data\Temp\root\5d43c239\4d8f1d83\App_Web_ht9mqts9.9.cs" "C:\inetpub\wwwroot\LearnSite\App_Data\Temp\root\5d43c239\4d8f1d83\App_Web_ht9mqts9.0.cs" "C:\inetpub\wwwroot\LearnSite\App_Data\Temp\root\5d43c239\4d8f1d83\App_Web_ht9mqts9.4.cs" "C:\inetpub\wwwroot\LearnSite\App_Data\Temp\root\5d43c239\4d8f1d83\App_Web_ht9mqts9.7.cs" "C:\inetpub\wwwroot\LearnSite\App_Data\Temp\root\5d43c239\4d8f1d83\App_Web_ht9mqts9.20.cs" "C:\inetpub\wwwroot\LearnSite\App_Data\Temp\root\5d43c239\4d8f1d83\App_Web_ht9mqts9.5.cs" "C:\inetpub\wwwroot\LearnSite\App_Data\Temp\root\5d43c239\4d8f1d83\App_Web_ht9mqts9.8.cs" "C:\inetpub\wwwroot\LearnSite\App_Data\Temp\root\5d43c239\4d8f1d83\App_Web_ht9mqts9.3.cs" "C:\inetpub\wwwroot\LearnSite\App_Data\Temp\root\5d43c239\4d8f1d83\App_Web_ht9mqts9.19.cs" "C:\inetpub\wwwroot\LearnSite\App_Data\Temp\root\5d43c239\4d8f1d83\App_Web_ht9mqts9.22.cs" "C:\inetpub\wwwroot\LearnSite\App_Data\Temp\root\5d43c239\4d8f1d83\App_Web_ht9mqts9.1.cs" "C:\inetpub\wwwroot\LearnSite\App_Data\Temp\root\5d43c239\4d8f1d83\App_Web_ht9mqts9.6.cs" "C:\inetpub\wwwroot\LearnSite\App_Data\Temp\root\5d43c239\4d8f1d83\App_Web_ht9mqts9.21.cs" "C:\inetpub\wwwroot\LearnSite\App_Data\Temp\root\5d43c239\4d8f1d83\App_Web_ht9mqts9.16.cs" "C:\inetpub\wwwroot\LearnSite\App_Data\Temp\root\5d43c239\4d8f1d83\App_Web_ht9mqts9.17.cs" "C:\inetpub\wwwroot\LearnSite\App_Data\Temp\root\5d43c239\4d8f1d83\App_Web_ht9mqts9.14.cs" "C:\inetpub\wwwroot\LearnSite\App_Data\Temp\root\5d43c239\4d8f1d83\App_Web_ht9mqts9.15.cs" "C:\inetpub\wwwroot\LearnSite\App_Data\Temp\root\5d43c239\4d8f1d83\App_Web_ht9mqts9.12.cs" "C:\inetpub\wwwroot\LearnSite\App_Data\Temp\root\5d43c239\4d8f1d83\App_Web_ht9mqts9.13.cs" "C:\inetpub\wwwroot\LearnSite\App_Data\Temp\root\5d43c239\4d8f1d83\App_Web_ht9mqts9.10.cs" "C:\inetpub\wwwroot\LearnSite\App_Data\Temp\root\5d43c239\4d8f1d83\App_Web_ht9mqts9.11.cs"


Microsoft (R) Visual C# 2005 编译器 版本 8.00.50727.9031
用于 Microsoft (R) Windows (R) 2005 Framework 版本 2.0.50727
版权所有(C) Microsoft Corporation 2001-2005。保留所有权利。

c:\inetpub\wwwroot\LearnSite\App_Data\Temp\root\5d43c239\4d8f1d83\App_Web_ht9mqts9.2.cs(135,53): warning CS0108: “ASP.teacher_txtformadd_aspx.Profile”隐藏了继承的成员“Teacher_txtformadd.Profile”。如果是有意隐藏，请使用关键字 new。
c:\inetpub\wwwroot\LearnSite\App_Data\Temp\root\5d43c239\4d8f1d83\assembly\dl3\6ad2fe03\0011bc37_ef7ddc01\LearnSite.DLL: (与前一个警告相关的符号位置)
c:\inetpub\wwwroot\LearnSite\App_Data\Temp\root\5d43c239\4d8f1d83\App_Web_ht9mqts9.2.cs(141,46): warning CS0108: “ASP.teacher_txtformadd_aspx.ApplicationInstance”隐藏了继承的成员“Teacher_txtformadd.ApplicationInstance”。如果是有意隐藏，请使用关键字 new。
c:\inetpub\wwwroot\LearnSite\App_Data\Temp\root\5d43c239\4d8f1d83\assembly\dl3\6ad2fe03\0011bc37_ef7ddc01\LearnSite.DLL: (与前一个警告相关的符号位置)
c:\inetpub\wwwroot\LearnSite\App_Data\Temp\root\5d43c239\4d8f1d83\App_Web_ht9mqts9.18.cs(202,53): warning CS0108: “ASP.teacher_worknoscore_aspx.Profile”隐藏了继承的成员“Teacher_worknoscore.Profile”。如果是有意隐藏，请使用关键字 new。
c:\inetpub\wwwroot\LearnSite\App_Data\Temp\root\5d43c239\4d8f1d83\assembly\dl3\6ad2fe03\0011bc37_ef7ddc01\LearnSite.DLL: (与前一个警告相关的符号位置)
c:\inetpub\wwwroot\LearnSite\App_Data\Temp\root\5d43c239\4d8f1d83\App_Web_ht9mqts9.18.cs(208,46): warning CS0108: “ASP.teacher_worknoscore_aspx.ApplicationInstance”隐藏了继承的成员“Teacher_worknoscore.ApplicationInstance”。如果是有意隐藏，请使用关键字 new。
c:\inetpub\wwwroot\LearnSite\App_Data\Temp\root\5d43c239\4d8f1d83\assembly\dl3\6ad2fe03\0011bc37_ef7ddc01\LearnSite.DLL: (与前一个警告相关的符号位置)
c:\inetpub\wwwroot\LearnSite\App_Data\Temp\root\5d43c239\4d8f1d83\App_Web_ht9mqts9.0.cs(142,53): warning CS0108: “ASP.teacher_soft_aspx.Profile”隐藏了继承的成员“Teacher_soft.Profile”。如果是有意隐藏，请使用关键字 new。
c:\inetpub\wwwroot\LearnSite\App_Data\Temp\root\5d43c239\4d8f1d83\assembly\dl3\6ad2fe03\0011bc37_ef7ddc01\LearnSite.DLL: (与前一个警告相关的符号位置)
c:\inetpub\wwwroot\LearnSite\App_Data\Temp\root\5d43c239\4d8f1d83\App_Web_ht9mqts9.0.cs(148,46): warning CS0108: “ASP.teacher_soft_aspx.ApplicationInstance”隐藏了继承的成员“Teacher_soft.ApplicationInstance”。如果是有意隐藏，请使用关键字 new。
c:\inetpub\wwwroot\LearnSite\App_Data\Temp\root\5d43c239\4d8f1d83\assembly\dl3\6ad2fe03\0011bc37_ef7ddc01\LearnSite.DLL: (与前一个警告相关的符号位置)
c:\inetpub\wwwroot\LearnSite\App_Data\Temp\root\5d43c239\4d8f1d83\App_Web_ht9mqts9.7.cs(135,53): warning CS0108: “ASP.teacher_courseshow_aspx.Profile”隐藏了继承的成员“Teacher_courseshow.Profile”。如果是有意隐藏，请使用关键字 new。
c:\inetpub\wwwroot\LearnSite\App_Data\Temp\root\5d43c239\4d8f1d83\assembly\dl3\6ad2fe03\0011bc37_ef7ddc01\LearnSite.DLL: (与前一个警告相关的符号位置)
c:\inetpub\wwwroot\LearnSite\App_Data\Temp\root\5d43c239\4d8f1d83\App_Web_ht9mqts9.7.cs(141,46): warning CS0108: “ASP.teacher_courseshow_aspx.ApplicationInstance”隐藏了继承的成员“Teacher_courseshow.ApplicationInstance”。如果是有意隐藏，请使用关键字 new。
c:\inetpub\wwwroot\LearnSite\App_Data\Temp\root\5d43c239\4d8f1d83\assembly\dl3\6ad2fe03\0011bc37_ef7ddc01\LearnSite.DLL: (与前一个警告相关的符号位置)
c:\inetpub\wwwroot\LearnSite\teacher\myseat.aspx(20,20): warning CS0108: “ASP.teacher_myseat_aspx.Page_Load(object, System.EventArgs)”隐藏了继承的成员“Teacher_myseat.Page_Load(object, System.EventArgs)”。如果是有意隐藏，请使用关键字 new。
c:\inetpub\wwwroot\LearnSite\App_Data\Temp\root\5d43c239\4d8f1d83\assembly\dl3\6ad2fe03\0011bc37_ef7ddc01\LearnSite.DLL: (与前一个警告相关的符号位置)
c:\inetpub\wwwroot\LearnSite\teacher\myseat.aspx(26,20): warning CS0108: “ASP.teacher_myseat_aspx.DDLhouse_SelectedIndexChanged(object, System.EventArgs)”隐藏了继承的成员“Teacher_myseat.DDLhouse_SelectedIndexChanged(object, System.EventArgs)”。如果是有意隐藏，请使用关键字 new。
c:\inetpub\wwwroot\LearnSite\App_Data\Temp\root\5d43c239\4d8f1d83\assembly\dl3\6ad2fe03\0011bc37_ef7ddc01\LearnSite.DLL: (与前一个警告相关的符号位置)
c:\inetpub\wwwroot\LearnSite\App_Data\Temp\root\5d43c239\4d8f1d83\App_Web_ht9mqts9.20.cs(444,53): warning CS0108: “ASP.teacher_myseat_aspx.Profile”隐藏了继承的成员“Teacher_myseat.Profile”。如果是有意隐藏，请使用关键字 new。
c:\inetpub\wwwroot\LearnSite\App_Data\Temp\root\5d43c239\4d8f1d83\assembly\dl3\6ad2fe03\0011bc37_ef7ddc01\LearnSite.DLL: (与前一个警告相关的符号位置)
c:\inetpub\wwwroot\LearnSite\App_Data\Temp\root\5d43c239\4d8f1d83\App_Web_ht9mqts9.20.cs(450,46): warning CS0108: “ASP.teacher_myseat_aspx.ApplicationInstance”隐藏了继承的成员“Teacher_myseat.ApplicationInstance”。如果是有意隐藏，请使用关键字 new。
c:\inetpub\wwwroot\LearnSite\App_Data\Temp\root\5d43c239\4d8f1d83\assembly\dl3\6ad2fe03\0011bc37_ef7ddc01\LearnSite.DLL: (与前一个警告相关的符号位置)
c:\inetpub\wwwroot\LearnSite\App_Data\Temp\root\5d43c239\4d8f1d83\App_Web_ht9mqts9.5.cs(135,53): warning CS0108: “ASP.teacher_courseimport_aspx.Profile”隐藏了继承的成员“Teacher_courseimport.Profile”。如果是有意隐藏，请使用关键字 new。
c:\inetpub\wwwroot\LearnSite\App_Data\Temp\root\5d43c239\4d8f1d83\assembly\dl3\6ad2fe03\0011bc37_ef7ddc01\LearnSite.DLL: (与前一个警告相关的符号位置)
c:\inetpub\wwwroot\LearnSite\App_Data\Temp\root\5d43c239\4d8f1d83\App_Web_ht9mqts9.5.cs(141,46): warning CS0108: “ASP.teacher_courseimport_aspx.ApplicationInstance”隐藏了继承的成员“Teacher_courseimport.ApplicationInstance”。如果是有意隐藏，请使用关键字 new。
c:\inetpub\wwwroot\LearnSite\App_Data\Temp\root\5d43c239\4d8f1d83\assembly\dl3\6ad2fe03\0011bc37_ef7ddc01\LearnSite.DLL: (与前一个警告相关的符号位置)
c:\inetpub\wwwroot\LearnSite\App_Data\Temp\root\5d43c239\4d8f1d83\App_Web_ht9mqts9.3.cs(135,53): warning CS0108: “ASP.teacher_qrcodeadd_aspx.Profile”隐藏了继承的成员“teacher_qrcodeadd.Profile”。如果是有意隐藏，请使用关键字 new。
c:\inetpub\wwwroot\LearnSite\App_Data\Temp\root\5d43c239\4d8f1d83\assembly\dl3\6ad2fe03\0011bc37_ef7ddc01\LearnSite.DLL: (与前一个警告相关的符号位置)
c:\inetpub\wwwroot\LearnSite\App_Data\Temp\root\5d43c239\4d8f1d83\App_Web_ht9mqts9.3.cs(141,46): warning CS0108: “ASP.teacher_qrcodeadd_aspx.ApplicationInstance”隐藏了继承的成员“teacher_qrcodeadd.ApplicationInstance”。如果是有意隐藏，请使用关键字 new。
c:\inetpub\wwwroot\LearnSite\App_Data\Temp\root\5d43c239\4d8f1d83\assembly\dl3\6ad2fe03\0011bc37_ef7ddc01\LearnSite.DLL: (与前一个警告相关的符号位置)
c:\inetpub\wwwroot\LearnSite\App_Data\Temp\root\5d43c239\4d8f1d83\App_Web_ht9mqts9.1.cs(135,53): warning CS0108: “ASP.teacher_pixeladd_aspx.Profile”隐藏了继承的成员“Teacher_pixeladd.Profile”。如果是有意隐藏，请使用关键字 new。
c:\inetpub\wwwroot\LearnSite\App_Data\Temp\root\5d43c239\4d8f1d83\assembly\dl3\6ad2fe03\0011bc37_ef7ddc01\LearnSite.DLL: (与前一个警告相关的符号位置)
c:\inetpub\wwwroot\LearnSite\App_Data\Temp\root\5d43c239\4d8f1d83\App_Web_ht9mqts9.1.cs(141,46): warning CS0108: “ASP.teacher_pixeladd_aspx.ApplicationInstance”隐藏了继承的成员“Teacher_pixeladd.ApplicationInstance”。如果是有意隐藏，请使用关键字 new。
c:\inetpub\wwwroot\LearnSite\App_Data\Temp\root\5d43c239\4d8f1d83\assembly\dl3\6ad2fe03\0011bc37_ef7ddc01\LearnSite.DLL: (与前一个警告相关的符号位置)
c:\inetpub\wwwroot\LearnSite\App_Data\Temp\root\5d43c239\4d8f1d83\App_Web_ht9mqts9.6.cs(135,53): warning CS0108: “ASP.teacher_gaugeitem_aspx.Profile”隐藏了继承的成员“Teacher_gaugeitem.Profile”。如果是有意隐藏，请使用关键字 new。
c:\inetpub\wwwroot\LearnSite\App_Data\Temp\root\5d43c239\4d8f1d83\assembly\dl3\6ad2fe03\0011bc37_ef7ddc01\LearnSite.DLL: (与前一个警告相关的符号位置)
c:\inetpub\wwwroot\LearnSite\App_Data\Temp\root\5d43c239\4d8f1d83\App_Web_ht9mqts9.6.cs(141,46): warning CS0108: “ASP.teacher_gaugeitem_aspx.ApplicationInstance”隐藏了继承的成员“Teacher_gaugeitem.ApplicationInstance”。如果是有意隐藏，请使用关键字 new。
c:\inetpub\wwwroot\LearnSite\App_Data\Temp\root\5d43c239\4d8f1d83\assembly\dl3\6ad2fe03\0011bc37_ef7ddc01\LearnSite.DLL: (与前一个警告相关的符号位置)
c:\inetpub\wwwroot\LearnSite\App_Data\Temp\root\5d43c239\4d8f1d83\App_Web_ht9mqts9.16.cs(135,53): warning CS0108: “ASP.teacher_typedel_aspx.Profile”隐藏了继承的成员“Teacher_typedel.Profile”。如果是有意隐藏，请使用关键字 new。
c:\inetpub\wwwroot\LearnSite\App_Data\Temp\root\5d43c239\4d8f1d83\assembly\dl3\6ad2fe03\0011bc37_ef7ddc01\LearnSite.DLL: (与前一个警告相关的符号位置)
c:\inetpub\wwwroot\LearnSite\App_Data\Temp\root\5d43c239\4d8f1d83\App_Web_ht9mqts9.16.cs(141,46): warning CS0108: “ASP.teacher_typedel_aspx.ApplicationInstance”隐藏了继承的成员“Teacher_typedel.ApplicationInstance”。如果是有意隐藏，请使用关键字 new。
c:\inetpub\wwwroot\LearnSite\App_Data\Temp\root\5d43c239\4d8f1d83\assembly\dl3\6ad2fe03\0011bc37_ef7ddc01\LearnSite.DLL: (与前一个警告相关的符号位置)
c:\inetpub\wwwroot\LearnSite\App_Data\Temp\root\5d43c239\4d8f1d83\App_Web_ht9mqts9.15.cs(135,53): warning CS0108: “ASP.teacher_softedit_aspx.Profile”隐藏了继承的成员“Teacher_softedit.Profile”。如果是有意隐藏，请使用关键字 new。
c:\inetpub\wwwroot\LearnSite\App_Data\Temp\root\5d43c239\4d8f1d83\assembly\dl3\6ad2fe03\0011bc37_ef7ddc01\LearnSite.DLL: (与前一个警告相关的符号位置)
c:\inetpub\wwwroot\LearnSite\App_Data\Temp\root\5d43c239\4d8f1d83\App_Web_ht9mqts9.15.cs(141,46): warning CS0108: “ASP.teacher_softedit_aspx.ApplicationInstance”隐藏了继承的成员“Teacher_softedit.ApplicationInstance”。如果是有意隐藏，请使用关键字 new。
c:\inetpub\wwwroot\LearnSite\App_Data\Temp\root\5d43c239\4d8f1d83\assembly\dl3\6ad2fe03\0011bc37_ef7ddc01\LearnSite.DLL: (与前一个警告相关的符号位置)
c:\inetpub\wwwroot\LearnSite\App_Data\Temp\root\5d43c239\4d8f1d83\App_Web_ht9mqts9.12.cs(135,53): warning CS0108: “ASP.teacher_pythonedit_aspx.Profile”隐藏了继承的成员“Teacher_pythonedit.Profile”。如果是有意隐藏，请使用关键字 new。
c:\inetpub\wwwroot\LearnSite\App_Data\Temp\root\5d43c239\4d8f1d83\assembly\dl3\6ad2fe03\0011bc37_ef7ddc01\LearnSite.DLL: (与前一个警告相关的符号位置)
c:\inetpub\wwwroot\LearnSite\App_Data\Temp\root\5d43c239\4d8f1d83\App_Web_ht9mqts9.12.cs(141,46): warning CS0108: “ASP.teacher_pythonedit_aspx.ApplicationInstance”隐藏了继承的成员“Teacher_pythonedit.ApplicationInstance”。如果是有意隐藏，请使用关键字 new。
c:\inetpub\wwwroot\LearnSite\App_Data\Temp\root\5d43c239\4d8f1d83\assembly\dl3\6ad2fe03\0011bc37_ef7ddc01\LearnSite.DLL: (与前一个警告相关的符号位置)
c:\inetpub\wwwroot\LearnSite\App_Data\Temp\root\5d43c239\4d8f1d83\App_Web_ht9mqts9.13.cs(135,53): warning CS0108: “ASP.teacher_htmladd_aspx.Profile”隐藏了继承的成员“teacher_htmladd.Profile”。如果是有意隐藏，请使用关键字 new。
c:\inetpub\wwwroot\LearnSite\App_Data\Temp\root\5d43c239\4d8f1d83\assembly\dl3\6ad2fe03\0011bc37_ef7ddc01\LearnSite.DLL: (与前一个警告相关的符号位置)
c:\inetpub\wwwroot\LearnSite\App_Data\Temp\root\5d43c239\4d8f1d83\App_Web_ht9mqts9.13.cs(141,46): warning CS0108: “ASP.teacher_htmladd_aspx.ApplicationInstance”隐藏了继承的成员“teacher_htmladd.ApplicationInstance”。如果是有意隐藏，请使用关键字 new。
c:\inetpub\wwwroot\LearnSite\App_Data\Temp\root\5d43c239\4d8f1d83\assembly\dl3\6ad2fe03\0011bc37_ef7ddc01\LearnSite.DLL: (与前一个警告相关的符号位置)
c:\inetpub\wwwroot\LearnSite\App_Data\Temp\root\5d43c239\4d8f1d83\App_Web_ht9mqts9.10.cs(135,53): warning CS0108: “ASP.teacher_signshow_aspx.Profile”隐藏了继承的成员“Teacher_signshow.Profile”。如果是有意隐藏，请使用关键字 new。
c:\inetpub\wwwroot\LearnSite\App_Data\Temp\root\5d43c239\4d8f1d83\assembly\dl3\6ad2fe03\0011bc37_ef7ddc01\LearnSite.DLL: (与前一个警告相关的符号位置)
c:\inetpub\wwwroot\LearnSite\App_Data\Temp\root\5d43c239\4d8f1d83\App_Web_ht9mqts9.10.cs(141,46): warning CS0108: “ASP.teacher_signshow_aspx.ApplicationInstance”隐藏了继承的成员“Teacher_signshow.ApplicationInstance”。如果是有意隐藏，请使用关键字 new。
c:\inetpub\wwwroot\LearnSite\App_Data\Temp\root\5d43c239\4d8f1d83\assembly\dl3\6ad2fe03\0011bc37_ef7ddc01\LearnSite.DLL: (与前一个警告相关的符号位置)
c:\inetpub\wwwroot\LearnSite\App_Data\Temp\root\5d43c239\4d8f1d83\App_Web_ht9mqts9.11.cs(135,53): warning CS0108: “ASP.teacher_studentdel_aspx.Profile”隐藏了继承的成员“Teacher_studentdel.Profile”。如果是有意隐藏，请使用关键字 new。
c:\inetpub\wwwroot\LearnSite\App_Data\Temp\root\5d43c239\4d8f1d83\assembly\dl3\6ad2fe03\0011bc37_ef7ddc01\LearnSite.DLL: (与前一个警告相关的符号位置)
c:\inetpub\wwwroot\LearnSite\App_Data\Temp\root\5d43c239\4d8f1d83\App_Web_ht9mqts9.11.cs(141,46): warning CS0108: “ASP.teacher_studentdel_aspx.ApplicationInstance”隐藏了继承的成员“Teacher_studentdel.ApplicationInstance”。如果是有意隐藏，请使用关键字 new。
c:\inetpub\wwwroot\LearnSite\App_Data\Temp\root\5d43c239\4d8f1d83\assembly\dl3\6ad2fe03\0011bc37_ef7ddc01\LearnSite.DLL: (与前一个警告相关的符号位置)
