C:\Windows\SysWOW64\inetsrv> "C:\Windows\Microsoft.NET\Framework\v2.0.50727\csc.exe" /t:library /utf8output /R:"C:\inetpub\wwwroot\LearnSite\App_Data\Temp\root\5d43c239\4d8f1d83\assembly\dl3\8f1de104\00bbafb3_68fbcb01\Anthem.DLL" /R:"C:\inetpub\wwwroot\LearnSite\App_Data\Temp\root\5d43c239\4d8f1d83\assembly\dl3\1e477b0b\00fb7faf_0e4dd701\mxgraph.DLL" /R:"C:\Windows\assembly\GAC_MSIL\System.Runtime.Serialization\3.0.0.0__b77a5c561934e089\System.Runtime.Serialization.dll" /R:"C:\Windows\assembly\GAC_MSIL\System.IdentityModel\3.0.0.0__b77a5c561934e089\System.IdentityModel.dll" /R:"C:\Windows\assembly\GAC_MSIL\System.ServiceModel\3.0.0.0__b77a5c561934e089\System.ServiceModel.dll" /R:"C:\Windows\assembly\GAC_MSIL\System.ServiceModel.Web\3.5.0.0__31bf3856ad364e35\System.ServiceModel.Web.dll" /R:"C:\inetpub\wwwroot\LearnSite\App_Data\Temp\root\5d43c239\4d8f1d83\assembly\dl3\19005fde\00cfbd72_c690cf01\NPOI.DLL" /R:"C:\Windows\assembly\GAC_MSIL\System.Web.Services\2.0.0.0__b03f5f7f11d50a3a\System.Web.Services.dll" /R:"C:\Windows\assembly\GAC_MSIL\System.Configuration\2.0.0.0__b03f5f7f11d50a3a\System.Configuration.dll" /R:"C:\inetpub\wwwroot\LearnSite\App_Data\Temp\root\5d43c239\4d8f1d83\assembly\dl3\304a858c\00c9d3dd_c23ccf01\ICSharpCode.SharpZipLib.DLL" /R:"C:\inetpub\wwwroot\LearnSite\App_Data\Temp\root\5d43c239\4d8f1d83\assembly\dl3\6ad2fe03\0011bc37_ef7ddc01\LearnSite.DLL" /R:"C:\Windows\assembly\GAC_32\System.EnterpriseServices\2.0.0.0__b03f5f7f11d50a3a\System.EnterpriseServices.dll" /R:"C:\inetpub\wwwroot\LearnSite\App_Data\Temp\root\5d43c239\4d8f1d83\App_Web_stud.master.f0db4b1d.j3wbcolq.dll" /R:"C:\inetpub\wwwroot\LearnSite\App_Data\Temp\root\5d43c239\4d8f1d83\assembly\dl3\5d3282df\00694688_5596d501\Newtonsoft.Json.DLL" /R:"C:\inetpub\wwwroot\LearnSite\App_Data\Temp\root\5d43c239\4d8f1d83\assembly\dl3\dd5800dc\0071b915_d746cd01\LitJSON.DLL" /R:"C:\Windows\Microsoft.NET\Framework\v2.0.50727\mscorlib.dll" /R:"C:\Windows\assembly\GAC_MSIL\System.Web.Mobile\2.0.0.0__b03f5f7f11d50a3a\System.Web.Mobile.dll" /R:"C:\Windows\assembly\GAC_32\System.Data\2.0.0.0__b77a5c561934e089\System.Data.dll" /R:"C:\inetpub\wwwroot\LearnSite\App_Data\Temp\root\5d43c239\4d8f1d83\assembly\dl3\62286773\003e39a9_db91cf01\NPOI.OpenXmlFormats.DLL" /R:"C:\Windows\assembly\GAC_MSIL\System.Xml\2.0.0.0__b77a5c561934e089\System.Xml.dll" /R:"C:\inetpub\wwwroot\LearnSite\App_Data\Temp\root\5d43c239\4d8f1d83\assembly\dl3\839ae875\000cf6d8_6b03cd01\SwfDotNet.IO.DLL" /R:"C:\Windows\assembly\GAC_MSIL\System\2.0.0.0__b77a5c561934e089\System.dll" /R:"C:\inetpub\wwwroot\LearnSite\App_Data\Temp\root\5d43c239\4d8f1d83\assembly\dl3\bee025ff\009cd9e5_624ac301\log4net.DLL" /R:"C:\inetpub\wwwroot\LearnSite\App_Data\Temp\root\5d43c239\4d8f1d83\assembly\dl3\ba7d763a\0093ed15_4a69cd01\NPinyin.DLL" /R:"C:\inetpub\wwwroot\LearnSite\App_Data\Temp\root\5d43c239\4d8f1d83\App_Code.td8wfvby.dll" /R:"C:\Windows\assembly\GAC_MSIL\System.Drawing\2.0.0.0__b03f5f7f11d50a3a\System.Drawing.dll" /R:"C:\inetpub\wwwroot\LearnSite\App_Data\Temp\root\5d43c239\4d8f1d83\assembly\dl3\c269b31d\00f5b999_db91cf01\NPOI.OpenXml4Net.DLL" /R:"C:\inetpub\wwwroot\LearnSite\App_Data\Temp\root\5d43c239\4d8f1d83\App_Web_scm.master.f0db4b1d.z0disgbk.dll" /R:"C:\inetpub\wwwroot\LearnSite\App_Data\Temp\root\5d43c239\4d8f1d83\assembly\dl3\30e7fe8b\0036a627_973ace01\MailLog.DLL" /R:"C:\Windows\assembly\GAC_MSIL\System.WorkflowServices\3.5.0.0__31bf3856ad364e35\System.WorkflowServices.dll" /R:"C:\inetpub\wwwroot\LearnSite\App_Data\Temp\root\5d43c239\4d8f1d83\assembly\dl3\5f617ad5\0004936e_e323ce01\SimplePsd.DLL" /R:"C:\Windows\assembly\GAC_32\System.Web\2.0.0.0__b03f5f7f11d50a3a\System.Web.dll" /R:"C:\inetpub\wwwroot\LearnSite\App_Data\Temp\root\5d43c239\4d8f1d83\assembly\dl3\172eb89b\004c60b0_db91cf01\NPOI.OOXML.DLL" /R:"C:\inetpub\wwwroot\LearnSite\App_Data\Temp\root\5d43c239\4d8f1d83\assembly\dl3\0160a05d\00439c98_ce5ec701\zlib.net.DLL" /out:"C:\inetpub\wwwroot\LearnSite\App_Data\Temp\root\5d43c239\4d8f1d83\App_Web_kgmcukpt.dll" /D:DEBUG /debug+ /optimize- /win32res:"C:\inetpub\wwwroot\LearnSite\App_Data\Temp\root\5d43c239\4d8f1d83\kgmcukpt.res" /w:4 /nowarn:1659;1699;1701  "C:\inetpub\wwwroot\LearnSite\App_Data\Temp\root\5d43c239\4d8f1d83\App_Web_kgmcukpt.30.cs" "C:\inetpub\wwwroot\LearnSite\App_Data\Temp\root\5d43c239\4d8f1d83\App_Web_kgmcukpt.2.cs" "C:\inetpub\wwwroot\LearnSite\App_Data\Temp\root\5d43c239\4d8f1d83\App_Web_kgmcukpt.4.cs" "C:\inetpub\wwwroot\LearnSite\App_Data\Temp\root\5d43c239\4d8f1d83\App_Web_kgmcukpt.28.cs" "C:\inetpub\wwwroot\LearnSite\App_Data\Temp\root\5d43c239\4d8f1d83\App_Web_kgmcukpt.11.cs" "C:\inetpub\wwwroot\LearnSite\App_Data\Temp\root\5d43c239\4d8f1d83\App_Web_kgmcukpt.10.cs" "C:\inetpub\wwwroot\LearnSite\App_Data\Temp\root\5d43c239\4d8f1d83\App_Web_kgmcukpt.13.cs" "C:\inetpub\wwwroot\LearnSite\App_Data\Temp\root\5d43c239\4d8f1d83\App_Web_kgmcukpt.12.cs" "C:\inetpub\wwwroot\LearnSite\App_Data\Temp\root\5d43c239\4d8f1d83\App_Web_kgmcukpt.15.cs" "C:\inetpub\wwwroot\LearnSite\App_Data\Temp\root\5d43c239\4d8f1d83\App_Web_kgmcukpt.14.cs" "C:\inetpub\wwwroot\LearnSite\App_Data\Temp\root\5d43c239\4d8f1d83\App_Web_kgmcukpt.17.cs" "C:\inetpub\wwwroot\LearnSite\App_Data\Temp\root\5d43c239\4d8f1d83\App_Web_kgmcukpt.9.cs" "C:\inetpub\wwwroot\LearnSite\App_Data\Temp\root\5d43c239\4d8f1d83\App_Web_kgmcukpt.19.cs" "C:\inetpub\wwwroot\LearnSite\App_Data\Temp\root\5d43c239\4d8f1d83\App_Web_kgmcukpt.1.cs" "C:\inetpub\wwwroot\LearnSite\App_Data\Temp\root\5d43c239\4d8f1d83\App_Web_kgmcukpt.22.cs" "C:\inetpub\wwwroot\LearnSite\App_Data\Temp\root\5d43c239\4d8f1d83\App_Web_kgmcukpt.23.cs" "C:\inetpub\wwwroot\LearnSite\App_Data\Temp\root\5d43c239\4d8f1d83\App_Web_kgmcukpt.21.cs" "C:\inetpub\wwwroot\LearnSite\App_Data\Temp\root\5d43c239\4d8f1d83\App_Web_kgmcukpt.20.cs" "C:\inetpub\wwwroot\LearnSite\App_Data\Temp\root\5d43c239\4d8f1d83\App_Web_kgmcukpt.6.cs" "C:\inetpub\wwwroot\LearnSite\App_Data\Temp\root\5d43c239\4d8f1d83\App_Web_kgmcukpt.3.cs" "C:\inetpub\wwwroot\LearnSite\App_Data\Temp\root\5d43c239\4d8f1d83\App_Web_kgmcukpt.25.cs" "C:\inetpub\wwwroot\LearnSite\App_Data\Temp\root\5d43c239\4d8f1d83\App_Web_kgmcukpt.24.cs" "C:\inetpub\wwwroot\LearnSite\App_Data\Temp\root\5d43c239\4d8f1d83\App_Web_kgmcukpt.27.cs" "C:\inetpub\wwwroot\LearnSite\App_Data\Temp\root\5d43c239\4d8f1d83\App_Web_kgmcukpt.26.cs" "C:\inetpub\wwwroot\LearnSite\App_Data\Temp\root\5d43c239\4d8f1d83\App_Web_kgmcukpt.29.cs" "C:\inetpub\wwwroot\LearnSite\App_Data\Temp\root\5d43c239\4d8f1d83\App_Web_kgmcukpt.16.cs" "C:\inetpub\wwwroot\LearnSite\App_Data\Temp\root\5d43c239\4d8f1d83\App_Web_kgmcukpt.5.cs" "C:\inetpub\wwwroot\LearnSite\App_Data\Temp\root\5d43c239\4d8f1d83\App_Web_kgmcukpt.18.cs" "C:\inetpub\wwwroot\LearnSite\App_Data\Temp\root\5d43c239\4d8f1d83\App_Web_kgmcukpt.8.cs" "C:\inetpub\wwwroot\LearnSite\App_Data\Temp\root\5d43c239\4d8f1d83\App_Web_kgmcukpt.0.cs" "C:\inetpub\wwwroot\LearnSite\App_Data\Temp\root\5d43c239\4d8f1d83\App_Web_kgmcukpt.7.cs"


Microsoft (R) Visual C# 2005 编译器 版本 8.00.50727.9031
用于 Microsoft (R) Windows (R) 2005 Framework 版本 2.0.50727
版权所有(C) Microsoft Corporation 2001-2005。保留所有权利。

c:\inetpub\wwwroot\LearnSite\App_Data\Temp\root\5d43c239\4d8f1d83\App_Web_kgmcukpt.28.cs(172,53): warning CS0108: “ASP.student_register_aspx.Profile”隐藏了继承的成员“Student_register.Profile”。如果是有意隐藏，请使用关键字 new。
c:\inetpub\wwwroot\LearnSite\App_Data\Temp\root\5d43c239\4d8f1d83\assembly\dl3\6ad2fe03\0011bc37_ef7ddc01\LearnSite.DLL: (与前一个警告相关的符号位置)
c:\inetpub\wwwroot\LearnSite\App_Data\Temp\root\5d43c239\4d8f1d83\App_Web_kgmcukpt.28.cs(178,46): warning CS0108: “ASP.student_register_aspx.ApplicationInstance”隐藏了继承的成员“Student_register.ApplicationInstance”。如果是有意隐藏，请使用关键字 new。
c:\inetpub\wwwroot\LearnSite\App_Data\Temp\root\5d43c239\4d8f1d83\assembly\dl3\6ad2fe03\0011bc37_ef7ddc01\LearnSite.DLL: (与前一个警告相关的符号位置)
c:\inetpub\wwwroot\LearnSite\App_Data\Temp\root\5d43c239\4d8f1d83\App_Web_kgmcukpt.13.cs(135,53): warning CS0108: “ASP.student_summaryedit_aspx.Profile”隐藏了继承的成员“Student_summaryedit.Profile”。如果是有意隐藏，请使用关键字 new。
c:\inetpub\wwwroot\LearnSite\App_Data\Temp\root\5d43c239\4d8f1d83\assembly\dl3\6ad2fe03\0011bc37_ef7ddc01\LearnSite.DLL: (与前一个警告相关的符号位置)
c:\inetpub\wwwroot\LearnSite\App_Data\Temp\root\5d43c239\4d8f1d83\App_Web_kgmcukpt.13.cs(141,46): warning CS0108: “ASP.student_summaryedit_aspx.ApplicationInstance”隐藏了继承的成员“Student_summaryedit.ApplicationInstance”。如果是有意隐藏，请使用关键字 new。
c:\inetpub\wwwroot\LearnSite\App_Data\Temp\root\5d43c239\4d8f1d83\assembly\dl3\6ad2fe03\0011bc37_ef7ddc01\LearnSite.DLL: (与前一个警告相关的符号位置)
c:\inetpub\wwwroot\LearnSite\App_Data\Temp\root\5d43c239\4d8f1d83\App_Web_kgmcukpt.12.cs(128,53): warning CS0108: “ASP.student_turtleidle_aspx.Profile”隐藏了继承的成员“Student_turtleidle.Profile”。如果是有意隐藏，请使用关键字 new。
c:\inetpub\wwwroot\LearnSite\App_Data\Temp\root\5d43c239\4d8f1d83\assembly\dl3\6ad2fe03\0011bc37_ef7ddc01\LearnSite.DLL: (与前一个警告相关的符号位置)
c:\inetpub\wwwroot\LearnSite\App_Data\Temp\root\5d43c239\4d8f1d83\App_Web_kgmcukpt.12.cs(134,46): warning CS0108: “ASP.student_turtleidle_aspx.ApplicationInstance”隐藏了继承的成员“Student_turtleidle.ApplicationInstance”。如果是有意隐藏，请使用关键字 new。
c:\inetpub\wwwroot\LearnSite\App_Data\Temp\root\5d43c239\4d8f1d83\assembly\dl3\6ad2fe03\0011bc37_ef7ddc01\LearnSite.DLL: (与前一个警告相关的符号位置)
c:\inetpub\wwwroot\LearnSite\App_Data\Temp\root\5d43c239\4d8f1d83\App_Web_kgmcukpt.15.cs(163,53): warning CS0108: “ASP.student_topicdiscuss_backup_aspx.Profile”隐藏了继承的成员“Student_showcourse.Profile”。如果是有意隐藏，请使用关键字 new。
c:\inetpub\wwwroot\LearnSite\App_Data\Temp\root\5d43c239\4d8f1d83\assembly\dl3\6ad2fe03\0011bc37_ef7ddc01\LearnSite.DLL: (与前一个警告相关的符号位置)
c:\inetpub\wwwroot\LearnSite\App_Data\Temp\root\5d43c239\4d8f1d83\App_Web_kgmcukpt.15.cs(169,46): warning CS0108: “ASP.student_topicdiscuss_backup_aspx.ApplicationInstance”隐藏了继承的成员“Student_showcourse.ApplicationInstance”。如果是有意隐藏，请使用关键字 new。
c:\inetpub\wwwroot\LearnSite\App_Data\Temp\root\5d43c239\4d8f1d83\assembly\dl3\6ad2fe03\0011bc37_ef7ddc01\LearnSite.DLL: (与前一个警告相关的符号位置)
c:\inetpub\wwwroot\LearnSite\App_Data\Temp\root\5d43c239\4d8f1d83\App_Web_kgmcukpt.14.cs(128,53): warning CS0108: “ASP.student_pptist_aspx.Profile”隐藏了继承的成员“student_pptist.Profile”。如果是有意隐藏，请使用关键字 new。
c:\inetpub\wwwroot\LearnSite\App_Data\Temp\root\5d43c239\4d8f1d83\assembly\dl3\6ad2fe03\0011bc37_ef7ddc01\LearnSite.DLL: (与前一个警告相关的符号位置)
c:\inetpub\wwwroot\LearnSite\App_Data\Temp\root\5d43c239\4d8f1d83\App_Web_kgmcukpt.14.cs(134,46): warning CS0108: “ASP.student_pptist_aspx.ApplicationInstance”隐藏了继承的成员“student_pptist.ApplicationInstance”。如果是有意隐藏，请使用关键字 new。
c:\inetpub\wwwroot\LearnSite\App_Data\Temp\root\5d43c239\4d8f1d83\assembly\dl3\6ad2fe03\0011bc37_ef7ddc01\LearnSite.DLL: (与前一个警告相关的符号位置)
c:\inetpub\wwwroot\LearnSite\App_Data\Temp\root\5d43c239\4d8f1d83\App_Web_kgmcukpt.17.cs(135,53): warning CS0108: “ASP.student_typerclass_aspx.Profile”隐藏了继承的成员“Student_typerclass.Profile”。如果是有意隐藏，请使用关键字 new。
c:\inetpub\wwwroot\LearnSite\App_Data\Temp\root\5d43c239\4d8f1d83\assembly\dl3\6ad2fe03\0011bc37_ef7ddc01\LearnSite.DLL: (与前一个警告相关的符号位置)
c:\inetpub\wwwroot\LearnSite\App_Data\Temp\root\5d43c239\4d8f1d83\App_Web_kgmcukpt.17.cs(141,46): warning CS0108: “ASP.student_typerclass_aspx.ApplicationInstance”隐藏了继承的成员“Student_typerclass.ApplicationInstance”。如果是有意隐藏，请使用关键字 new。
c:\inetpub\wwwroot\LearnSite\App_Data\Temp\root\5d43c239\4d8f1d83\assembly\dl3\6ad2fe03\0011bc37_ef7ddc01\LearnSite.DLL: (与前一个警告相关的符号位置)
c:\inetpub\wwwroot\LearnSite\App_Data\Temp\root\5d43c239\4d8f1d83\App_Web_kgmcukpt.22.cs(128,53): warning CS0108: “ASP.student_uploadgroup_aspx.Profile”隐藏了继承的成员“Student_uploadgroup.Profile”。如果是有意隐藏，请使用关键字 new。
c:\inetpub\wwwroot\LearnSite\App_Data\Temp\root\5d43c239\4d8f1d83\assembly\dl3\6ad2fe03\0011bc37_ef7ddc01\LearnSite.DLL: (与前一个警告相关的符号位置)
c:\inetpub\wwwroot\LearnSite\App_Data\Temp\root\5d43c239\4d8f1d83\App_Web_kgmcukpt.22.cs(134,46): warning CS0108: “ASP.student_uploadgroup_aspx.ApplicationInstance”隐藏了继承的成员“Student_uploadgroup.ApplicationInstance”。如果是有意隐藏，请使用关键字 new。
c:\inetpub\wwwroot\LearnSite\App_Data\Temp\root\5d43c239\4d8f1d83\assembly\dl3\6ad2fe03\0011bc37_ef7ddc01\LearnSite.DLL: (与前一个警告相关的符号位置)
c:\inetpub\wwwroot\LearnSite\App_Data\Temp\root\5d43c239\4d8f1d83\App_Web_kgmcukpt.20.cs(128,53): warning CS0108: “ASP.student_quizview_aspx.Profile”隐藏了继承的成员“Student_quizview.Profile”。如果是有意隐藏，请使用关键字 new。
c:\inetpub\wwwroot\LearnSite\App_Data\Temp\root\5d43c239\4d8f1d83\assembly\dl3\6ad2fe03\0011bc37_ef7ddc01\LearnSite.DLL: (与前一个警告相关的符号位置)
c:\inetpub\wwwroot\LearnSite\App_Data\Temp\root\5d43c239\4d8f1d83\App_Web_kgmcukpt.20.cs(134,46): warning CS0108: “ASP.student_quizview_aspx.ApplicationInstance”隐藏了继承的成员“Student_quizview.ApplicationInstance”。如果是有意隐藏，请使用关键字 new。
c:\inetpub\wwwroot\LearnSite\App_Data\Temp\root\5d43c239\4d8f1d83\assembly\dl3\6ad2fe03\0011bc37_ef7ddc01\LearnSite.DLL: (与前一个警告相关的符号位置)
c:\inetpub\wwwroot\LearnSite\App_Data\Temp\root\5d43c239\4d8f1d83\App_Web_kgmcukpt.6.cs(128,53): warning CS0108: “ASP.student_mysurveyresult_aspx.Profile”隐藏了继承的成员“student_mysurveyresult.Profile”。如果是有意隐藏，请使用关键字 new。
c:\inetpub\wwwroot\LearnSite\App_Data\Temp\root\5d43c239\4d8f1d83\assembly\dl3\6ad2fe03\0011bc37_ef7ddc01\LearnSite.DLL: (与前一个警告相关的符号位置)
c:\inetpub\wwwroot\LearnSite\App_Data\Temp\root\5d43c239\4d8f1d83\App_Web_kgmcukpt.6.cs(134,46): warning CS0108: “ASP.student_mysurveyresult_aspx.ApplicationInstance”隐藏了继承的成员“student_mysurveyresult.ApplicationInstance”。如果是有意隐藏，请使用关键字 new。
c:\inetpub\wwwroot\LearnSite\App_Data\Temp\root\5d43c239\4d8f1d83\assembly\dl3\6ad2fe03\0011bc37_ef7ddc01\LearnSite.DLL: (与前一个警告相关的符号位置)
c:\inetpub\wwwroot\LearnSite\App_Data\Temp\root\5d43c239\4d8f1d83\App_Web_kgmcukpt.3.cs(135,53): warning CS0108: “ASP.student_downwork_aspx.Profile”隐藏了继承的成员“Student_downwork.Profile”。如果是有意隐藏，请使用关键字 new。
c:\inetpub\wwwroot\LearnSite\App_Data\Temp\root\5d43c239\4d8f1d83\assembly\dl3\6ad2fe03\0011bc37_ef7ddc01\LearnSite.DLL: (与前一个警告相关的符号位置)
c:\inetpub\wwwroot\LearnSite\App_Data\Temp\root\5d43c239\4d8f1d83\App_Web_kgmcukpt.3.cs(141,46): warning CS0108: “ASP.student_downwork_aspx.ApplicationInstance”隐藏了继承的成员“Student_downwork.ApplicationInstance”。如果是有意隐藏，请使用关键字 new。
c:\inetpub\wwwroot\LearnSite\App_Data\Temp\root\5d43c239\4d8f1d83\assembly\dl3\6ad2fe03\0011bc37_ef7ddc01\LearnSite.DLL: (与前一个警告相关的符号位置)
c:\inetpub\wwwroot\LearnSite\App_Data\Temp\root\5d43c239\4d8f1d83\App_Web_kgmcukpt.25.cs(135,53): warning CS0108: “ASP.student_console_aspx.Profile”隐藏了继承的成员“Student_console.Profile”。如果是有意隐藏，请使用关键字 new。
c:\inetpub\wwwroot\LearnSite\App_Data\Temp\root\5d43c239\4d8f1d83\assembly\dl3\6ad2fe03\0011bc37_ef7ddc01\LearnSite.DLL: (与前一个警告相关的符号位置)
c:\inetpub\wwwroot\LearnSite\App_Data\Temp\root\5d43c239\4d8f1d83\App_Web_kgmcukpt.25.cs(141,46): warning CS0108: “ASP.student_console_aspx.ApplicationInstance”隐藏了继承的成员“Student_console.ApplicationInstance”。如果是有意隐藏，请使用关键字 new。
c:\inetpub\wwwroot\LearnSite\App_Data\Temp\root\5d43c239\4d8f1d83\assembly\dl3\6ad2fe03\0011bc37_ef7ddc01\LearnSite.DLL: (与前一个警告相关的符号位置)
c:\inetpub\wwwroot\LearnSite\App_Data\Temp\root\5d43c239\4d8f1d83\App_Web_kgmcukpt.27.cs(135,53): warning CS0108: “ASP.student_description_aspx.Profile”隐藏了继承的成员“Student_description.Profile”。如果是有意隐藏，请使用关键字 new。
c:\inetpub\wwwroot\LearnSite\App_Data\Temp\root\5d43c239\4d8f1d83\assembly\dl3\6ad2fe03\0011bc37_ef7ddc01\LearnSite.DLL: (与前一个警告相关的符号位置)
c:\inetpub\wwwroot\LearnSite\App_Data\Temp\root\5d43c239\4d8f1d83\App_Web_kgmcukpt.27.cs(141,46): warning CS0108: “ASP.student_description_aspx.ApplicationInstance”隐藏了继承的成员“Student_description.ApplicationInstance”。如果是有意隐藏，请使用关键字 new。
c:\inetpub\wwwroot\LearnSite\App_Data\Temp\root\5d43c239\4d8f1d83\assembly\dl3\6ad2fe03\0011bc37_ef7ddc01\LearnSite.DLL: (与前一个警告相关的符号位置)
c:\inetpub\wwwroot\LearnSite\App_Data\Temp\root\5d43c239\4d8f1d83\App_Web_kgmcukpt.26.cs(128,53): warning CS0108: “ASP.student_mpptx_aspx.Profile”隐藏了继承的成员“student_mpptx.Profile”。如果是有意隐藏，请使用关键字 new。
c:\inetpub\wwwroot\LearnSite\App_Data\Temp\root\5d43c239\4d8f1d83\assembly\dl3\6ad2fe03\0011bc37_ef7ddc01\LearnSite.DLL: (与前一个警告相关的符号位置)
c:\inetpub\wwwroot\LearnSite\App_Data\Temp\root\5d43c239\4d8f1d83\App_Web_kgmcukpt.26.cs(134,46): warning CS0108: “ASP.student_mpptx_aspx.ApplicationInstance”隐藏了继承的成员“student_mpptx.ApplicationInstance”。如果是有意隐藏，请使用关键字 new。
c:\inetpub\wwwroot\LearnSite\App_Data\Temp\root\5d43c239\4d8f1d83\assembly\dl3\6ad2fe03\0011bc37_ef7ddc01\LearnSite.DLL: (与前一个警告相关的符号位置)
c:\inetpub\wwwroot\LearnSite\App_Data\Temp\root\5d43c239\4d8f1d83\App_Web_kgmcukpt.5.cs(142,53): warning CS0108: “ASP.student_autonomic_aspx.Profile”隐藏了继承的成员“Student_autonomic.Profile”。如果是有意隐藏，请使用关键字 new。
c:\inetpub\wwwroot\LearnSite\App_Data\Temp\root\5d43c239\4d8f1d83\assembly\dl3\6ad2fe03\0011bc37_ef7ddc01\LearnSite.DLL: (与前一个警告相关的符号位置)
c:\inetpub\wwwroot\LearnSite\App_Data\Temp\root\5d43c239\4d8f1d83\App_Web_kgmcukpt.5.cs(148,46): warning CS0108: “ASP.student_autonomic_aspx.ApplicationInstance”隐藏了继承的成员“Student_autonomic.ApplicationInstance”。如果是有意隐藏，请使用关键字 new。
c:\inetpub\wwwroot\LearnSite\App_Data\Temp\root\5d43c239\4d8f1d83\assembly\dl3\6ad2fe03\0011bc37_ef7ddc01\LearnSite.DLL: (与前一个警告相关的符号位置)
c:\inetpub\wwwroot\LearnSite\App_Data\Temp\root\5d43c239\4d8f1d83\App_Web_kgmcukpt.18.cs(128,53): warning CS0108: “ASP.student_myportfolio_aspx.Profile”隐藏了继承的成员“student_myportfolio.Profile”。如果是有意隐藏，请使用关键字 new。
c:\inetpub\wwwroot\LearnSite\App_Data\Temp\root\5d43c239\4d8f1d83\assembly\dl3\6ad2fe03\0011bc37_ef7ddc01\LearnSite.DLL: (与前一个警告相关的符号位置)
c:\inetpub\wwwroot\LearnSite\App_Data\Temp\root\5d43c239\4d8f1d83\App_Web_kgmcukpt.18.cs(134,46): warning CS0108: “ASP.student_myportfolio_aspx.ApplicationInstance”隐藏了继承的成员“student_myportfolio.ApplicationInstance”。如果是有意隐藏，请使用关键字 new。
c:\inetpub\wwwroot\LearnSite\App_Data\Temp\root\5d43c239\4d8f1d83\assembly\dl3\6ad2fe03\0011bc37_ef7ddc01\LearnSite.DLL: (与前一个警告相关的符号位置)
c:\inetpub\wwwroot\LearnSite\App_Data\Temp\root\5d43c239\4d8f1d83\App_Web_kgmcukpt.7.cs(172,53): warning CS0108: “ASP.student_mqtt_aspx.Profile”隐藏了继承的成员“student_mqtt.Profile”。如果是有意隐藏，请使用关键字 new。
c:\inetpub\wwwroot\LearnSite\App_Data\Temp\root\5d43c239\4d8f1d83\assembly\dl3\6ad2fe03\0011bc37_ef7ddc01\LearnSite.DLL: (与前一个警告相关的符号位置)
c:\inetpub\wwwroot\LearnSite\App_Data\Temp\root\5d43c239\4d8f1d83\App_Web_kgmcukpt.7.cs(178,46): warning CS0108: “ASP.student_mqtt_aspx.ApplicationInstance”隐藏了继承的成员“student_mqtt.ApplicationInstance”。如果是有意隐藏，请使用关键字 new。
c:\inetpub\wwwroot\LearnSite\App_Data\Temp\root\5d43c239\4d8f1d83\assembly\dl3\6ad2fe03\0011bc37_ef7ddc01\LearnSite.DLL: (与前一个警告相关的符号位置)
c:\inetpub\wwwroot\LearnSite\student\task-type-debug.ashx(149,41): error CS0103: 当前上下文中不存在名称“StudentRouteFixHelper”
