C:\Windows\SysWOW64\inetsrv> "C:\Windows\Microsoft.NET\Framework\v2.0.50727\csc.exe" /t:library /utf8output /R:"C:\inetpub\wwwroot\LearnSite\App_Data\Temp\root\5d43c239\4d8f1d83\assembly\dl3\8f1de104\00bbafb3_68fbcb01\Anthem.DLL" /R:"C:\inetpub\wwwroot\LearnSite\App_Data\Temp\root\5d43c239\4d8f1d83\assembly\dl3\1e477b0b\00fb7faf_0e4dd701\mxgraph.DLL" /R:"C:\Windows\assembly\GAC_MSIL\System.Runtime.Serialization\3.0.0.0__b77a5c561934e089\System.Runtime.Serialization.dll" /R:"C:\Windows\assembly\GAC_MSIL\System.IdentityModel\3.0.0.0__b77a5c561934e089\System.IdentityModel.dll" /R:"C:\Windows\assembly\GAC_MSIL\System.ServiceModel\3.0.0.0__b77a5c561934e089\System.ServiceModel.dll" /R:"C:\Windows\assembly\GAC_MSIL\System.ServiceModel.Web\3.5.0.0__31bf3856ad364e35\System.ServiceModel.Web.dll" /R:"C:\inetpub\wwwroot\LearnSite\App_Data\Temp\root\5d43c239\4d8f1d83\assembly\dl3\19005fde\00cfbd72_c690cf01\NPOI.DLL" /R:"C:\Windows\assembly\GAC_MSIL\System.Web.Services\2.0.0.0__b03f5f7f11d50a3a\System.Web.Services.dll" /R:"C:\Windows\assembly\GAC_MSIL\System.Configuration\2.0.0.0__b03f5f7f11d50a3a\System.Configuration.dll" /R:"C:\inetpub\wwwroot\LearnSite\App_Data\Temp\root\5d43c239\4d8f1d83\assembly\dl3\304a858c\00c9d3dd_c23ccf01\ICSharpCode.SharpZipLib.DLL" /R:"C:\inetpub\wwwroot\LearnSite\App_Data\Temp\root\5d43c239\4d8f1d83\assembly\dl3\6ad2fe03\0011bc37_ef7ddc01\LearnSite.DLL" /R:"C:\Windows\assembly\GAC_32\System.EnterpriseServices\2.0.0.0__b03f5f7f11d50a3a\System.EnterpriseServices.dll" /R:"C:\inetpub\wwwroot\LearnSite\App_Data\Temp\root\5d43c239\4d8f1d83\App_Web_stud.master.f0db4b1d.j3wbcolq.dll" /R:"C:\inetpub\wwwroot\LearnSite\App_Data\Temp\root\5d43c239\4d8f1d83\assembly\dl3\5d3282df\00694688_5596d501\Newtonsoft.Json.DLL" /R:"C:\inetpub\wwwroot\LearnSite\App_Data\Temp\root\5d43c239\4d8f1d83\assembly\dl3\dd5800dc\0071b915_d746cd01\LitJSON.DLL" /R:"C:\Windows\Microsoft.NET\Framework\v2.0.50727\mscorlib.dll" /R:"C:\Windows\assembly\GAC_MSIL\System.Web.Mobile\2.0.0.0__b03f5f7f11d50a3a\System.Web.Mobile.dll" /R:"C:\Windows\assembly\GAC_32\System.Data\2.0.0.0__b77a5c561934e089\System.Data.dll" /R:"C:\inetpub\wwwroot\LearnSite\App_Data\Temp\root\5d43c239\4d8f1d83\assembly\dl3\62286773\003e39a9_db91cf01\NPOI.OpenXmlFormats.DLL" /R:"C:\Windows\assembly\GAC_MSIL\System.Xml\2.0.0.0__b77a5c561934e089\System.Xml.dll" /R:"C:\inetpub\wwwroot\LearnSite\App_Data\Temp\root\5d43c239\4d8f1d83\assembly\dl3\839ae875\000cf6d8_6b03cd01\SwfDotNet.IO.DLL" /R:"C:\Windows\assembly\GAC_MSIL\System\2.0.0.0__b77a5c561934e089\System.dll" /R:"C:\inetpub\wwwroot\LearnSite\App_Data\Temp\root\5d43c239\4d8f1d83\assembly\dl3\bee025ff\009cd9e5_624ac301\log4net.DLL" /R:"C:\inetpub\wwwroot\LearnSite\App_Data\Temp\root\5d43c239\4d8f1d83\assembly\dl3\ba7d763a\0093ed15_4a69cd01\NPinyin.DLL" /R:"C:\inetpub\wwwroot\LearnSite\App_Data\Temp\root\5d43c239\4d8f1d83\App_Code.td8wfvby.dll" /R:"C:\Windows\assembly\GAC_MSIL\System.Drawing\2.0.0.0__b03f5f7f11d50a3a\System.Drawing.dll" /R:"C:\inetpub\wwwroot\LearnSite\App_Data\Temp\root\5d43c239\4d8f1d83\assembly\dl3\c269b31d\00f5b999_db91cf01\NPOI.OpenXml4Net.DLL" /R:"C:\inetpub\wwwroot\LearnSite\App_Data\Temp\root\5d43c239\4d8f1d83\App_Web_scm.master.f0db4b1d.z0disgbk.dll" /R:"C:\inetpub\wwwroot\LearnSite\App_Data\Temp\root\5d43c239\4d8f1d83\assembly\dl3\30e7fe8b\0036a627_973ace01\MailLog.DLL" /R:"C:\Windows\assembly\GAC_MSIL\System.WorkflowServices\3.5.0.0__31bf3856ad364e35\System.WorkflowServices.dll" /R:"C:\inetpub\wwwroot\LearnSite\App_Data\Temp\root\5d43c239\4d8f1d83\assembly\dl3\5f617ad5\0004936e_e323ce01\SimplePsd.DLL" /R:"C:\Windows\assembly\GAC_32\System.Web\2.0.0.0__b03f5f7f11d50a3a\System.Web.dll" /R:"C:\inetpub\wwwroot\LearnSite\App_Data\Temp\root\5d43c239\4d8f1d83\assembly\dl3\172eb89b\004c60b0_db91cf01\NPOI.OOXML.DLL" /R:"C:\inetpub\wwwroot\LearnSite\App_Data\Temp\root\5d43c239\4d8f1d83\assembly\dl3\0160a05d\00439c98_ce5ec701\zlib.net.DLL" /out:"C:\inetpub\wwwroot\LearnSite\App_Data\Temp\root\5d43c239\4d8f1d83\App_Web_rljxtbgx.dll" /D:DEBUG /debug+ /optimize- /win32res:"C:\inetpub\wwwroot\LearnSite\App_Data\Temp\root\5d43c239\4d8f1d83\rljxtbgx.res" /w:4 /nowarn:1659;1699;1701  "C:\inetpub\wwwroot\LearnSite\App_Data\Temp\root\5d43c239\4d8f1d83\App_Web_rljxtbgx.0.cs" "C:\inetpub\wwwroot\LearnSite\App_Data\Temp\root\5d43c239\4d8f1d83\App_Web_rljxtbgx.9.cs" "C:\inetpub\wwwroot\LearnSite\App_Data\Temp\root\5d43c239\4d8f1d83\App_Web_rljxtbgx.19.cs" "C:\inetpub\wwwroot\LearnSite\App_Data\Temp\root\5d43c239\4d8f1d83\App_Web_rljxtbgx.1.cs" "C:\inetpub\wwwroot\LearnSite\App_Data\Temp\root\5d43c239\4d8f1d83\App_Web_rljxtbgx.4.cs" "C:\inetpub\wwwroot\LearnSite\App_Data\Temp\root\5d43c239\4d8f1d83\App_Web_rljxtbgx.2.cs" "C:\inetpub\wwwroot\LearnSite\App_Data\Temp\root\5d43c239\4d8f1d83\App_Web_rljxtbgx.5.cs" "C:\inetpub\wwwroot\LearnSite\App_Data\Temp\root\5d43c239\4d8f1d83\App_Web_rljxtbgx.3.cs" "C:\inetpub\wwwroot\LearnSite\App_Data\Temp\root\5d43c239\4d8f1d83\App_Web_rljxtbgx.6.cs" "C:\inetpub\wwwroot\LearnSite\App_Data\Temp\root\5d43c239\4d8f1d83\App_Web_rljxtbgx.7.cs" "C:\inetpub\wwwroot\LearnSite\App_Data\Temp\root\5d43c239\4d8f1d83\App_Web_rljxtbgx.18.cs" "C:\inetpub\wwwroot\LearnSite\App_Data\Temp\root\5d43c239\4d8f1d83\App_Web_rljxtbgx.13.cs" "C:\inetpub\wwwroot\LearnSite\App_Data\Temp\root\5d43c239\4d8f1d83\App_Web_rljxtbgx.12.cs" "C:\inetpub\wwwroot\LearnSite\App_Data\Temp\root\5d43c239\4d8f1d83\App_Web_rljxtbgx.11.cs" "C:\inetpub\wwwroot\LearnSite\App_Data\Temp\root\5d43c239\4d8f1d83\App_Web_rljxtbgx.10.cs" "C:\inetpub\wwwroot\LearnSite\App_Data\Temp\root\5d43c239\4d8f1d83\App_Web_rljxtbgx.17.cs" "C:\inetpub\wwwroot\LearnSite\App_Data\Temp\root\5d43c239\4d8f1d83\App_Web_rljxtbgx.16.cs" "C:\inetpub\wwwroot\LearnSite\App_Data\Temp\root\5d43c239\4d8f1d83\App_Web_rljxtbgx.15.cs" "C:\inetpub\wwwroot\LearnSite\App_Data\Temp\root\5d43c239\4d8f1d83\App_Web_rljxtbgx.14.cs" "C:\inetpub\wwwroot\LearnSite\App_Data\Temp\root\5d43c239\4d8f1d83\App_Web_rljxtbgx.33.cs" "C:\inetpub\wwwroot\LearnSite\App_Data\Temp\root\5d43c239\4d8f1d83\App_Web_rljxtbgx.32.cs" "C:\inetpub\wwwroot\LearnSite\App_Data\Temp\root\5d43c239\4d8f1d83\App_Web_rljxtbgx.31.cs" "C:\inetpub\wwwroot\LearnSite\App_Data\Temp\root\5d43c239\4d8f1d83\App_Web_rljxtbgx.30.cs" "C:\inetpub\wwwroot\LearnSite\App_Data\Temp\root\5d43c239\4d8f1d83\App_Web_rljxtbgx.36.cs" "C:\inetpub\wwwroot\LearnSite\App_Data\Temp\root\5d43c239\4d8f1d83\App_Web_rljxtbgx.35.cs" "C:\inetpub\wwwroot\LearnSite\App_Data\Temp\root\5d43c239\4d8f1d83\App_Web_rljxtbgx.34.cs" "C:\inetpub\wwwroot\LearnSite\App_Data\Temp\root\5d43c239\4d8f1d83\App_Web_rljxtbgx.29.cs" "C:\inetpub\wwwroot\LearnSite\App_Data\Temp\root\5d43c239\4d8f1d83\App_Web_rljxtbgx.28.cs" "C:\inetpub\wwwroot\LearnSite\App_Data\Temp\root\5d43c239\4d8f1d83\App_Web_rljxtbgx.23.cs" "C:\inetpub\wwwroot\LearnSite\App_Data\Temp\root\5d43c239\4d8f1d83\App_Web_rljxtbgx.22.cs" "C:\inetpub\wwwroot\LearnSite\App_Data\Temp\root\5d43c239\4d8f1d83\App_Web_rljxtbgx.21.cs" "C:\inetpub\wwwroot\LearnSite\App_Data\Temp\root\5d43c239\4d8f1d83\App_Web_rljxtbgx.20.cs" "C:\inetpub\wwwroot\LearnSite\App_Data\Temp\root\5d43c239\4d8f1d83\App_Web_rljxtbgx.27.cs" "C:\inetpub\wwwroot\LearnSite\App_Data\Temp\root\5d43c239\4d8f1d83\App_Web_rljxtbgx.26.cs" "C:\inetpub\wwwroot\LearnSite\App_Data\Temp\root\5d43c239\4d8f1d83\App_Web_rljxtbgx.25.cs" "C:\inetpub\wwwroot\LearnSite\App_Data\Temp\root\5d43c239\4d8f1d83\App_Web_rljxtbgx.24.cs" "C:\inetpub\wwwroot\LearnSite\App_Data\Temp\root\5d43c239\4d8f1d83\App_Web_rljxtbgx.8.cs"


Microsoft (R) Visual C# 2005 编译器 版本 8.00.50727.9031
用于 Microsoft (R) Windows (R) 2005 Framework 版本 2.0.50727
版权所有(C) Microsoft Corporation 2001-2005。保留所有权利。

c:\inetpub\wwwroot\LearnSite\App_Data\Temp\root\5d43c239\4d8f1d83\App_Web_rljxtbgx.2.cs(226,48): warning CS0436: “c:\inetpub\wwwroot\LearnSite\App_Data\Temp\root\5d43c239\4d8f1d83\App_Web_rljxtbgx.2.cs”中的类型“student_myexam”与“c:\inetpub\wwwroot\LearnSite\App_Data\Temp\root\5d43c239\4d8f1d83\assembly\dl3\6ad2fe03\0011bc37_ef7ddc01\LearnSite.DLL”中的导入类型“student_myexam”冲突。将使用“c:\inetpub\wwwroot\LearnSite\App_Data\Temp\root\5d43c239\4d8f1d83\App_Web_rljxtbgx.2.cs”中的类型。
c:\inetpub\wwwroot\LearnSite\App_Data\Temp\root\5d43c239\4d8f1d83\App_Web_rljxtbgx.2.cs(14,22): (与前一个警告相关的符号位置)
c:\inetpub\wwwroot\LearnSite\App_Data\Temp\root\5d43c239\4d8f1d83\assembly\dl3\6ad2fe03\0011bc37_ef7ddc01\LearnSite.DLL: (与前一个警告相关的符号位置)
c:\inetpub\wwwroot\LearnSite\App_Data\Temp\root\5d43c239\4d8f1d83\App_Web_rljxtbgx.19.cs(229,53): warning CS0108: “ASP.student_txtformresult_aspx.Profile”隐藏了继承的成员“Student_txtformresult.Profile”。如果是有意隐藏，请使用关键字 new。
c:\inetpub\wwwroot\LearnSite\App_Data\Temp\root\5d43c239\4d8f1d83\assembly\dl3\6ad2fe03\0011bc37_ef7ddc01\LearnSite.DLL: (与前一个警告相关的符号位置)
c:\inetpub\wwwroot\LearnSite\App_Data\Temp\root\5d43c239\4d8f1d83\App_Web_rljxtbgx.19.cs(235,46): warning CS0108: “ASP.student_txtformresult_aspx.ApplicationInstance”隐藏了继承的成员“Student_txtformresult.ApplicationInstance”。如果是有意隐藏，请使用关键字 new。
c:\inetpub\wwwroot\LearnSite\App_Data\Temp\root\5d43c239\4d8f1d83\assembly\dl3\6ad2fe03\0011bc37_ef7ddc01\LearnSite.DLL: (与前一个警告相关的符号位置)
c:\inetpub\wwwroot\LearnSite\App_Data\Temp\root\5d43c239\4d8f1d83\App_Web_rljxtbgx.4.cs(128,53): warning CS0108: “ASP.student_word_aspx.Profile”隐藏了继承的成员“student_word.Profile”。如果是有意隐藏，请使用关键字 new。
c:\inetpub\wwwroot\LearnSite\App_Data\Temp\root\5d43c239\4d8f1d83\assembly\dl3\6ad2fe03\0011bc37_ef7ddc01\LearnSite.DLL: (与前一个警告相关的符号位置)
c:\inetpub\wwwroot\LearnSite\App_Data\Temp\root\5d43c239\4d8f1d83\App_Web_rljxtbgx.4.cs(134,46): warning CS0108: “ASP.student_word_aspx.ApplicationInstance”隐藏了继承的成员“student_word.ApplicationInstance”。如果是有意隐藏，请使用关键字 new。
c:\inetpub\wwwroot\LearnSite\App_Data\Temp\root\5d43c239\4d8f1d83\assembly\dl3\6ad2fe03\0011bc37_ef7ddc01\LearnSite.DLL: (与前一个警告相关的符号位置)
c:\inetpub\wwwroot\LearnSite\App_Data\Temp\root\5d43c239\4d8f1d83\App_Web_rljxtbgx.5.cs(128,53): warning CS0108: “ASP.student_mysurveyrank_aspx.Profile”隐藏了继承的成员“Student_mysurveyrank.Profile”。如果是有意隐藏，请使用关键字 new。
c:\inetpub\wwwroot\LearnSite\App_Data\Temp\root\5d43c239\4d8f1d83\assembly\dl3\6ad2fe03\0011bc37_ef7ddc01\LearnSite.DLL: (与前一个警告相关的符号位置)
c:\inetpub\wwwroot\LearnSite\App_Data\Temp\root\5d43c239\4d8f1d83\App_Web_rljxtbgx.5.cs(134,46): warning CS0108: “ASP.student_mysurveyrank_aspx.ApplicationInstance”隐藏了继承的成员“Student_mysurveyrank.ApplicationInstance”。如果是有意隐藏，请使用关键字 new。
c:\inetpub\wwwroot\LearnSite\App_Data\Temp\root\5d43c239\4d8f1d83\assembly\dl3\6ad2fe03\0011bc37_ef7ddc01\LearnSite.DLL: (与前一个警告相关的符号位置)
c:\inetpub\wwwroot\LearnSite\App_Data\Temp\root\5d43c239\4d8f1d83\App_Web_rljxtbgx.10.cs(135,53): warning CS0108: “ASP.student_typerclass_aspx.Profile”隐藏了继承的成员“Student_typerclass.Profile”。如果是有意隐藏，请使用关键字 new。
c:\inetpub\wwwroot\LearnSite\App_Data\Temp\root\5d43c239\4d8f1d83\assembly\dl3\6ad2fe03\0011bc37_ef7ddc01\LearnSite.DLL: (与前一个警告相关的符号位置)
c:\inetpub\wwwroot\LearnSite\App_Data\Temp\root\5d43c239\4d8f1d83\App_Web_rljxtbgx.10.cs(141,46): warning CS0108: “ASP.student_typerclass_aspx.ApplicationInstance”隐藏了继承的成员“Student_typerclass.ApplicationInstance”。如果是有意隐藏，请使用关键字 new。
c:\inetpub\wwwroot\LearnSite\App_Data\Temp\root\5d43c239\4d8f1d83\assembly\dl3\6ad2fe03\0011bc37_ef7ddc01\LearnSite.DLL: (与前一个警告相关的符号位置)
c:\inetpub\wwwroot\LearnSite\App_Data\Temp\root\5d43c239\4d8f1d83\App_Web_rljxtbgx.16.cs(128,53): warning CS0108: “ASP.student_uploadwork_aspx.Profile”隐藏了继承的成员“Student_uploadwork.Profile”。如果是有意隐藏，请使用关键字 new。
c:\inetpub\wwwroot\LearnSite\App_Data\Temp\root\5d43c239\4d8f1d83\assembly\dl3\6ad2fe03\0011bc37_ef7ddc01\LearnSite.DLL: (与前一个警告相关的符号位置)
c:\inetpub\wwwroot\LearnSite\App_Data\Temp\root\5d43c239\4d8f1d83\App_Web_rljxtbgx.16.cs(134,46): warning CS0108: “ASP.student_uploadwork_aspx.ApplicationInstance”隐藏了继承的成员“Student_uploadwork.ApplicationInstance”。如果是有意隐藏，请使用关键字 new。
c:\inetpub\wwwroot\LearnSite\App_Data\Temp\root\5d43c239\4d8f1d83\assembly\dl3\6ad2fe03\0011bc37_ef7ddc01\LearnSite.DLL: (与前一个警告相关的符号位置)
c:\inetpub\wwwroot\LearnSite\App_Data\Temp\root\5d43c239\4d8f1d83\App_Web_rljxtbgx.15.cs(141,53): warning CS0108: “ASP.student_topicdiscuss_aspx.Profile”隐藏了继承的成员“Student_topicdiscuss.Profile”。如果是有意隐藏，请使用关键字 new。
c:\inetpub\wwwroot\LearnSite\App_Data\Temp\root\5d43c239\4d8f1d83\assembly\dl3\6ad2fe03\0011bc37_ef7ddc01\LearnSite.DLL: (与前一个警告相关的符号位置)
c:\inetpub\wwwroot\LearnSite\App_Data\Temp\root\5d43c239\4d8f1d83\App_Web_rljxtbgx.15.cs(147,46): warning CS0108: “ASP.student_topicdiscuss_aspx.ApplicationInstance”隐藏了继承的成员“Student_topicdiscuss.ApplicationInstance”。如果是有意隐藏，请使用关键字 new。
c:\inetpub\wwwroot\LearnSite\App_Data\Temp\root\5d43c239\4d8f1d83\assembly\dl3\6ad2fe03\0011bc37_ef7ddc01\LearnSite.DLL: (与前一个警告相关的符号位置)
c:\inetpub\wwwroot\LearnSite\App_Data\Temp\root\5d43c239\4d8f1d83\App_Web_rljxtbgx.14.cs(135,53): warning CS0108: “ASP.student_alltyper_aspx.Profile”隐藏了继承的成员“Student_alltyper.Profile”。如果是有意隐藏，请使用关键字 new。
c:\inetpub\wwwroot\LearnSite\App_Data\Temp\root\5d43c239\4d8f1d83\assembly\dl3\6ad2fe03\0011bc37_ef7ddc01\LearnSite.DLL: (与前一个警告相关的符号位置)
c:\inetpub\wwwroot\LearnSite\App_Data\Temp\root\5d43c239\4d8f1d83\App_Web_rljxtbgx.14.cs(141,46): warning CS0108: “ASP.student_alltyper_aspx.ApplicationInstance”隐藏了继承的成员“Student_alltyper.ApplicationInstance”。如果是有意隐藏，请使用关键字 new。
c:\inetpub\wwwroot\LearnSite\App_Data\Temp\root\5d43c239\4d8f1d83\assembly\dl3\6ad2fe03\0011bc37_ef7ddc01\LearnSite.DLL: (与前一个警告相关的符号位置)
c:\inetpub\wwwroot\LearnSite\App_Data\Temp\root\5d43c239\4d8f1d83\App_Web_rljxtbgx.33.cs(135,53): warning CS0108: “ASP.student_showtask_aspx.Profile”隐藏了继承的成员“Student_showtask.Profile”。如果是有意隐藏，请使用关键字 new。
c:\inetpub\wwwroot\LearnSite\App_Data\Temp\root\5d43c239\4d8f1d83\assembly\dl3\6ad2fe03\0011bc37_ef7ddc01\LearnSite.DLL: (与前一个警告相关的符号位置)
c:\inetpub\wwwroot\LearnSite\App_Data\Temp\root\5d43c239\4d8f1d83\App_Web_rljxtbgx.33.cs(141,46): warning CS0108: “ASP.student_showtask_aspx.ApplicationInstance”隐藏了继承的成员“Student_showtask.ApplicationInstance”。如果是有意隐藏，请使用关键字 new。
c:\inetpub\wwwroot\LearnSite\App_Data\Temp\root\5d43c239\4d8f1d83\assembly\dl3\6ad2fe03\0011bc37_ef7ddc01\LearnSite.DLL: (与前一个警告相关的符号位置)
c:\inetpub\wwwroot\LearnSite\App_Data\Temp\root\5d43c239\4d8f1d83\App_Web_rljxtbgx.35.cs(172,53): warning CS0108: “ASP.student_register_aspx.Profile”隐藏了继承的成员“Student_register.Profile”。如果是有意隐藏，请使用关键字 new。
c:\inetpub\wwwroot\LearnSite\App_Data\Temp\root\5d43c239\4d8f1d83\assembly\dl3\6ad2fe03\0011bc37_ef7ddc01\LearnSite.DLL: (与前一个警告相关的符号位置)
c:\inetpub\wwwroot\LearnSite\App_Data\Temp\root\5d43c239\4d8f1d83\App_Web_rljxtbgx.35.cs(178,46): warning CS0108: “ASP.student_register_aspx.ApplicationInstance”隐藏了继承的成员“Student_register.ApplicationInstance”。如果是有意隐藏，请使用关键字 new。
c:\inetpub\wwwroot\LearnSite\App_Data\Temp\root\5d43c239\4d8f1d83\assembly\dl3\6ad2fe03\0011bc37_ef7ddc01\LearnSite.DLL: (与前一个警告相关的符号位置)
c:\inetpub\wwwroot\LearnSite\App_Data\Temp\root\5d43c239\4d8f1d83\App_Web_rljxtbgx.34.cs(135,53): warning CS0108: “ASP.student_downwork_aspx.Profile”隐藏了继承的成员“Student_downwork.Profile”。如果是有意隐藏，请使用关键字 new。
c:\inetpub\wwwroot\LearnSite\App_Data\Temp\root\5d43c239\4d8f1d83\assembly\dl3\6ad2fe03\0011bc37_ef7ddc01\LearnSite.DLL: (与前一个警告相关的符号位置)
c:\inetpub\wwwroot\LearnSite\App_Data\Temp\root\5d43c239\4d8f1d83\App_Web_rljxtbgx.34.cs(141,46): warning CS0108: “ASP.student_downwork_aspx.ApplicationInstance”隐藏了继承的成员“Student_downwork.ApplicationInstance”。如果是有意隐藏，请使用关键字 new。
c:\inetpub\wwwroot\LearnSite\App_Data\Temp\root\5d43c239\4d8f1d83\assembly\dl3\6ad2fe03\0011bc37_ef7ddc01\LearnSite.DLL: (与前一个警告相关的符号位置)
c:\inetpub\wwwroot\LearnSite\App_Data\Temp\root\5d43c239\4d8f1d83\App_Web_rljxtbgx.29.cs(128,53): warning CS0108: “ASP.student_autoupload_aspx.Profile”隐藏了继承的成员“Student_autoupload.Profile”。如果是有意隐藏，请使用关键字 new。
c:\inetpub\wwwroot\LearnSite\App_Data\Temp\root\5d43c239\4d8f1d83\assembly\dl3\6ad2fe03\0011bc37_ef7ddc01\LearnSite.DLL: (与前一个警告相关的符号位置)
c:\inetpub\wwwroot\LearnSite\App_Data\Temp\root\5d43c239\4d8f1d83\App_Web_rljxtbgx.29.cs(134,46): warning CS0108: “ASP.student_autoupload_aspx.ApplicationInstance”隐藏了继承的成员“Student_autoupload.ApplicationInstance”。如果是有意隐藏，请使用关键字 new。
c:\inetpub\wwwroot\LearnSite\App_Data\Temp\root\5d43c239\4d8f1d83\assembly\dl3\6ad2fe03\0011bc37_ef7ddc01\LearnSite.DLL: (与前一个警告相关的符号位置)
c:\inetpub\wwwroot\LearnSite\App_Data\Temp\root\5d43c239\4d8f1d83\App_Web_rljxtbgx.23.cs(135,53): warning CS0108: “ASP.student_downfile_fixed_aspx.Profile”隐藏了继承的成员“Student_downfile.Profile”。如果是有意隐藏，请使用关键字 new。
c:\inetpub\wwwroot\LearnSite\App_Data\Temp\root\5d43c239\4d8f1d83\assembly\dl3\6ad2fe03\0011bc37_ef7ddc01\LearnSite.DLL: (与前一个警告相关的符号位置)
c:\inetpub\wwwroot\LearnSite\App_Data\Temp\root\5d43c239\4d8f1d83\App_Web_rljxtbgx.23.cs(141,46): warning CS0108: “ASP.student_downfile_fixed_aspx.ApplicationInstance”隐藏了继承的成员“Student_downfile.ApplicationInstance”。如果是有意隐藏，请使用关键字 new。
c:\inetpub\wwwroot\LearnSite\App_Data\Temp\root\5d43c239\4d8f1d83\assembly\dl3\6ad2fe03\0011bc37_ef7ddc01\LearnSite.DLL: (与前一个警告相关的符号位置)
c:\inetpub\wwwroot\LearnSite\App_Data\Temp\root\5d43c239\4d8f1d83\App_Web_rljxtbgx.22.cs(135,53): warning CS0108: “ASP.student_txtform_aspx.Profile”隐藏了继承的成员“Student_txtform.Profile”。如果是有意隐藏，请使用关键字 new。
c:\inetpub\wwwroot\LearnSite\App_Data\Temp\root\5d43c239\4d8f1d83\assembly\dl3\6ad2fe03\0011bc37_ef7ddc01\LearnSite.DLL: (与前一个警告相关的符号位置)
c:\inetpub\wwwroot\LearnSite\App_Data\Temp\root\5d43c239\4d8f1d83\App_Web_rljxtbgx.22.cs(141,46): warning CS0108: “ASP.student_txtform_aspx.ApplicationInstance”隐藏了继承的成员“Student_txtform.ApplicationInstance”。如果是有意隐藏，请使用关键字 new。
c:\inetpub\wwwroot\LearnSite\App_Data\Temp\root\5d43c239\4d8f1d83\assembly\dl3\6ad2fe03\0011bc37_ef7ddc01\LearnSite.DLL: (与前一个警告相关的符号位置)
c:\inetpub\wwwroot\LearnSite\App_Data\Temp\root\5d43c239\4d8f1d83\App_Web_rljxtbgx.21.cs(135,53): warning CS0108: “ASP.student_console_aspx.Profile”隐藏了继承的成员“Student_console.Profile”。如果是有意隐藏，请使用关键字 new。
c:\inetpub\wwwroot\LearnSite\App_Data\Temp\root\5d43c239\4d8f1d83\assembly\dl3\6ad2fe03\0011bc37_ef7ddc01\LearnSite.DLL: (与前一个警告相关的符号位置)
c:\inetpub\wwwroot\LearnSite\App_Data\Temp\root\5d43c239\4d8f1d83\App_Web_rljxtbgx.21.cs(141,46): warning CS0108: “ASP.student_console_aspx.ApplicationInstance”隐藏了继承的成员“Student_console.ApplicationInstance”。如果是有意隐藏，请使用关键字 new。
c:\inetpub\wwwroot\LearnSite\App_Data\Temp\root\5d43c239\4d8f1d83\assembly\dl3\6ad2fe03\0011bc37_ef7ddc01\LearnSite.DLL: (与前一个警告相关的符号位置)
c:\inetpub\wwwroot\LearnSite\App_Data\Temp\root\5d43c239\4d8f1d83\App_Web_rljxtbgx.20.cs(128,53): warning CS0108: “ASP.student_myportfolio_aspx.Profile”隐藏了继承的成员“student_myportfolio.Profile”。如果是有意隐藏，请使用关键字 new。
c:\inetpub\wwwroot\LearnSite\App_Data\Temp\root\5d43c239\4d8f1d83\assembly\dl3\6ad2fe03\0011bc37_ef7ddc01\LearnSite.DLL: (与前一个警告相关的符号位置)
c:\inetpub\wwwroot\LearnSite\App_Data\Temp\root\5d43c239\4d8f1d83\App_Web_rljxtbgx.20.cs(134,46): warning CS0108: “ASP.student_myportfolio_aspx.ApplicationInstance”隐藏了继承的成员“student_myportfolio.ApplicationInstance”。如果是有意隐藏，请使用关键字 new。
c:\inetpub\wwwroot\LearnSite\App_Data\Temp\root\5d43c239\4d8f1d83\assembly\dl3\6ad2fe03\0011bc37_ef7ddc01\LearnSite.DLL: (与前一个警告相关的符号位置)
c:\inetpub\wwwroot\LearnSite\App_Data\Temp\root\5d43c239\4d8f1d83\App_Web_rljxtbgx.27.cs(135,53): warning CS0108: “ASP.student_description_aspx.Profile”隐藏了继承的成员“Student_description.Profile”。如果是有意隐藏，请使用关键字 new。
c:\inetpub\wwwroot\LearnSite\App_Data\Temp\root\5d43c239\4d8f1d83\assembly\dl3\6ad2fe03\0011bc37_ef7ddc01\LearnSite.DLL: (与前一个警告相关的符号位置)
c:\inetpub\wwwroot\LearnSite\App_Data\Temp\root\5d43c239\4d8f1d83\App_Web_rljxtbgx.27.cs(141,46): warning CS0108: “ASP.student_description_aspx.ApplicationInstance”隐藏了继承的成员“Student_description.ApplicationInstance”。如果是有意隐藏，请使用关键字 new。
c:\inetpub\wwwroot\LearnSite\App_Data\Temp\root\5d43c239\4d8f1d83\assembly\dl3\6ad2fe03\0011bc37_ef7ddc01\LearnSite.DLL: (与前一个警告相关的符号位置)
c:\inetpub\wwwroot\LearnSite\App_Data\Temp\root\5d43c239\4d8f1d83\App_Web_rljxtbgx.24.cs(128,53): warning CS0108: “ASP.student_webstoresql_aspx.Profile”隐藏了继承的成员“student_webstoresql.Profile”。如果是有意隐藏，请使用关键字 new。
c:\inetpub\wwwroot\LearnSite\App_Data\Temp\root\5d43c239\4d8f1d83\assembly\dl3\6ad2fe03\0011bc37_ef7ddc01\LearnSite.DLL: (与前一个警告相关的符号位置)
c:\inetpub\wwwroot\LearnSite\App_Data\Temp\root\5d43c239\4d8f1d83\App_Web_rljxtbgx.24.cs(134,46): warning CS0108: “ASP.student_webstoresql_aspx.ApplicationInstance”隐藏了继承的成员“student_webstoresql.ApplicationInstance”。如果是有意隐藏，请使用关键字 new。
c:\inetpub\wwwroot\LearnSite\App_Data\Temp\root\5d43c239\4d8f1d83\assembly\dl3\6ad2fe03\0011bc37_ef7ddc01\LearnSite.DLL: (与前一个警告相关的符号位置)
c:\inetpub\wwwroot\LearnSite\student\downfile.aspx(5,20): warning CS0108: “ASP.student_downfile_aspx.Page_Load(object, System.EventArgs)”隐藏了继承的成员“Student_downfile.Page_Load(object, System.EventArgs)”。如果是有意隐藏，请使用关键字 new。
c:\inetpub\wwwroot\LearnSite\App_Data\Temp\root\5d43c239\4d8f1d83\assembly\dl3\6ad2fe03\0011bc37_ef7ddc01\LearnSite.DLL: (与前一个警告相关的符号位置)
c:\inetpub\wwwroot\LearnSite\App_Data\Temp\root\5d43c239\4d8f1d83\App_Web_rljxtbgx.8.cs(1373,53): warning CS0108: “ASP.student_downfile_aspx.Profile”隐藏了继承的成员“Student_downfile.Profile”。如果是有意隐藏，请使用关键字 new。
c:\inetpub\wwwroot\LearnSite\App_Data\Temp\root\5d43c239\4d8f1d83\assembly\dl3\6ad2fe03\0011bc37_ef7ddc01\LearnSite.DLL: (与前一个警告相关的符号位置)
c:\inetpub\wwwroot\LearnSite\App_Data\Temp\root\5d43c239\4d8f1d83\App_Web_rljxtbgx.8.cs(1379,46): warning CS0108: “ASP.student_downfile_aspx.ApplicationInstance”隐藏了继承的成员“Student_downfile.ApplicationInstance”。如果是有意隐藏，请使用关键字 new。
c:\inetpub\wwwroot\LearnSite\App_Data\Temp\root\5d43c239\4d8f1d83\assembly\dl3\6ad2fe03\0011bc37_ef7ddc01\LearnSite.DLL: (与前一个警告相关的符号位置)
c:\inetpub\wwwroot\LearnSite\student\programshow.aspx(747,59): error CS0117: “ASP.student_programshow_aspx”并不包含“LinkBtn_Click”的定义
c:\inetpub\wwwroot\LearnSite\student\programshow.aspx(747,59): error CS0117: “ASP.student_programshow_aspx”并不包含“LinkBtn_Click”的定义
c:\inetpub\wwwroot\LearnSite\student\uploadexcel.ashx(141,21): error CS0246: 找不到类型或命名空间名称“var”(是否缺少 using 指令或程序集引用?)
c:\inetpub\wwwroot\LearnSite\student\uploadexcel.ashx(143,21): error CS0246: 找不到类型或命名空间名称“var”(是否缺少 using 指令或程序集引用?)
