C:\Windows\SysWOW64\inetsrv> "C:\Windows\Microsoft.NET\Framework\v2.0.50727\csc.exe" /t:library /utf8output /R:"C:\inetpub\wwwroot\LearnSite\App_Data\Temp\root\5d43c239\4d8f1d83\assembly\dl3\8f1de104\00bbafb3_68fbcb01\Anthem.DLL" /R:"C:\inetpub\wwwroot\LearnSite\App_Data\Temp\root\5d43c239\4d8f1d83\assembly\dl3\1e477b0b\00fb7faf_0e4dd701\mxgraph.DLL" /R:"C:\Windows\assembly\GAC_MSIL\System.Runtime.Serialization\3.0.0.0__b77a5c561934e089\System.Runtime.Serialization.dll" /R:"C:\Windows\assembly\GAC_MSIL\System.IdentityModel\3.0.0.0__b77a5c561934e089\System.IdentityModel.dll" /R:"C:\Windows\assembly\GAC_MSIL\System.ServiceModel\3.0.0.0__b77a5c561934e089\System.ServiceModel.dll" /R:"C:\Windows\assembly\GAC_MSIL\System.ServiceModel.Web\3.5.0.0__31bf3856ad364e35\System.ServiceModel.Web.dll" /R:"C:\inetpub\wwwroot\LearnSite\App_Data\Temp\root\5d43c239\4d8f1d83\assembly\dl3\19005fde\00cfbd72_c690cf01\NPOI.DLL" /R:"C:\Windows\assembly\GAC_MSIL\System.Web.Services\2.0.0.0__b03f5f7f11d50a3a\System.Web.Services.dll" /R:"C:\Windows\assembly\GAC_MSIL\System.Configuration\2.0.0.0__b03f5f7f11d50a3a\System.Configuration.dll" /R:"C:\inetpub\wwwroot\LearnSite\App_Data\Temp\root\5d43c239\4d8f1d83\assembly\dl3\304a858c\00c9d3dd_c23ccf01\ICSharpCode.SharpZipLib.DLL" /R:"C:\inetpub\wwwroot\LearnSite\App_Data\Temp\root\5d43c239\4d8f1d83\assembly\dl3\6ad2fe03\0011bc37_ef7ddc01\LearnSite.DLL" /R:"C:\Windows\assembly\GAC_32\System.EnterpriseServices\2.0.0.0__b03f5f7f11d50a3a\System.EnterpriseServices.dll" /R:"C:\inetpub\wwwroot\LearnSite\App_Data\Temp\root\5d43c239\4d8f1d83\App_Web_stud.master.f0db4b1d.j3wbcolq.dll" /R:"C:\inetpub\wwwroot\LearnSite\App_Data\Temp\root\5d43c239\4d8f1d83\assembly\dl3\5d3282df\00694688_5596d501\Newtonsoft.Json.DLL" /R:"C:\inetpub\wwwroot\LearnSite\App_Data\Temp\root\5d43c239\4d8f1d83\assembly\dl3\dd5800dc\0071b915_d746cd01\LitJSON.DLL" /R:"C:\Windows\Microsoft.NET\Framework\v2.0.50727\mscorlib.dll" /R:"C:\Windows\assembly\GAC_MSIL\System.Web.Mobile\2.0.0.0__b03f5f7f11d50a3a\System.Web.Mobile.dll" /R:"C:\Windows\assembly\GAC_32\System.Data\2.0.0.0__b77a5c561934e089\System.Data.dll" /R:"C:\inetpub\wwwroot\LearnSite\App_Data\Temp\root\5d43c239\4d8f1d83\assembly\dl3\62286773\003e39a9_db91cf01\NPOI.OpenXmlFormats.DLL" /R:"C:\Windows\assembly\GAC_MSIL\System.Xml\2.0.0.0__b77a5c561934e089\System.Xml.dll" /R:"C:\inetpub\wwwroot\LearnSite\App_Data\Temp\root\5d43c239\4d8f1d83\assembly\dl3\839ae875\000cf6d8_6b03cd01\SwfDotNet.IO.DLL" /R:"C:\Windows\assembly\GAC_MSIL\System\2.0.0.0__b77a5c561934e089\System.dll" /R:"C:\inetpub\wwwroot\LearnSite\App_Data\Temp\root\5d43c239\4d8f1d83\assembly\dl3\bee025ff\009cd9e5_624ac301\log4net.DLL" /R:"C:\inetpub\wwwroot\LearnSite\App_Data\Temp\root\5d43c239\4d8f1d83\App_Web_manage.master.a9b56182.iomp2pti.dll" /R:"C:\inetpub\wwwroot\LearnSite\App_Data\Temp\root\5d43c239\4d8f1d83\assembly\dl3\ba7d763a\0093ed15_4a69cd01\NPinyin.DLL" /R:"C:\inetpub\wwwroot\LearnSite\App_Data\Temp\root\5d43c239\4d8f1d83\App_Code.td8wfvby.dll" /R:"C:\Windows\assembly\GAC_MSIL\System.Drawing\2.0.0.0__b03f5f7f11d50a3a\System.Drawing.dll" /R:"C:\inetpub\wwwroot\LearnSite\App_Data\Temp\root\5d43c239\4d8f1d83\assembly\dl3\c269b31d\00f5b999_db91cf01\NPOI.OpenXml4Net.DLL" /R:"C:\inetpub\wwwroot\LearnSite\App_Data\Temp\root\5d43c239\4d8f1d83\App_Web_scm.master.f0db4b1d.z0disgbk.dll" /R:"C:\inetpub\wwwroot\LearnSite\App_Data\Temp\root\5d43c239\4d8f1d83\assembly\dl3\30e7fe8b\0036a627_973ace01\MailLog.DLL" /R:"C:\Windows\assembly\GAC_MSIL\System.WorkflowServices\3.5.0.0__31bf3856ad364e35\System.WorkflowServices.dll" /R:"C:\inetpub\wwwroot\LearnSite\App_Data\Temp\root\5d43c239\4d8f1d83\assembly\dl3\5f617ad5\0004936e_e323ce01\SimplePsd.DLL" /R:"C:\Windows\assembly\GAC_32\System.Web\2.0.0.0__b03f5f7f11d50a3a\System.Web.dll" /R:"C:\inetpub\wwwroot\LearnSite\App_Data\Temp\root\5d43c239\4d8f1d83\assembly\dl3\172eb89b\004c60b0_db91cf01\NPOI.OOXML.DLL" /R:"C:\inetpub\wwwroot\LearnSite\App_Data\Temp\root\5d43c239\4d8f1d83\assembly\dl3\0160a05d\00439c98_ce5ec701\zlib.net.DLL" /out:"C:\inetpub\wwwroot\LearnSite\App_Data\Temp\root\5d43c239\4d8f1d83\App_Web_treg8jxg.dll" /D:DEBUG /debug+ /optimize- /win32res:"C:\inetpub\wwwroot\LearnSite\App_Data\Temp\root\5d43c239\4d8f1d83\treg8jxg.res" /w:4 /nowarn:1659;1699;1701  "C:\inetpub\wwwroot\LearnSite\App_Data\Temp\root\5d43c239\4d8f1d83\App_Web_treg8jxg.30.cs" "C:\inetpub\wwwroot\LearnSite\App_Data\Temp\root\5d43c239\4d8f1d83\App_Web_treg8jxg.21.cs" "C:\inetpub\wwwroot\LearnSite\App_Data\Temp\root\5d43c239\4d8f1d83\App_Web_treg8jxg.6.cs" "C:\inetpub\wwwroot\LearnSite\App_Data\Temp\root\5d43c239\4d8f1d83\App_Web_treg8jxg.23.cs" "C:\inetpub\wwwroot\LearnSite\App_Data\Temp\root\5d43c239\4d8f1d83\App_Web_treg8jxg.22.cs" "C:\inetpub\wwwroot\LearnSite\App_Data\Temp\root\5d43c239\4d8f1d83\App_Web_treg8jxg.25.cs" "C:\inetpub\wwwroot\LearnSite\App_Data\Temp\root\5d43c239\4d8f1d83\App_Web_treg8jxg.24.cs" "C:\inetpub\wwwroot\LearnSite\App_Data\Temp\root\5d43c239\4d8f1d83\App_Web_treg8jxg.11.cs" "C:\inetpub\wwwroot\LearnSite\App_Data\Temp\root\5d43c239\4d8f1d83\App_Web_treg8jxg.10.cs" "C:\inetpub\wwwroot\LearnSite\App_Data\Temp\root\5d43c239\4d8f1d83\App_Web_treg8jxg.4.cs" "C:\inetpub\wwwroot\LearnSite\App_Data\Temp\root\5d43c239\4d8f1d83\App_Web_treg8jxg.12.cs" "C:\inetpub\wwwroot\LearnSite\App_Data\Temp\root\5d43c239\4d8f1d83\App_Web_treg8jxg.15.cs" "C:\inetpub\wwwroot\LearnSite\App_Data\Temp\root\5d43c239\4d8f1d83\App_Web_treg8jxg.14.cs" "C:\inetpub\wwwroot\LearnSite\App_Data\Temp\root\5d43c239\4d8f1d83\App_Web_treg8jxg.17.cs" "C:\inetpub\wwwroot\LearnSite\App_Data\Temp\root\5d43c239\4d8f1d83\App_Web_treg8jxg.8.cs" "C:\inetpub\wwwroot\LearnSite\App_Data\Temp\root\5d43c239\4d8f1d83\App_Web_treg8jxg.3.cs" "C:\inetpub\wwwroot\LearnSite\App_Data\Temp\root\5d43c239\4d8f1d83\App_Web_treg8jxg.18.cs" "C:\inetpub\wwwroot\LearnSite\App_Data\Temp\root\5d43c239\4d8f1d83\App_Web_treg8jxg.16.cs" "C:\inetpub\wwwroot\LearnSite\App_Data\Temp\root\5d43c239\4d8f1d83\App_Web_treg8jxg.13.cs" "C:\inetpub\wwwroot\LearnSite\App_Data\Temp\root\5d43c239\4d8f1d83\App_Web_treg8jxg.19.cs" "C:\inetpub\wwwroot\LearnSite\App_Data\Temp\root\5d43c239\4d8f1d83\App_Web_treg8jxg.1.cs" "C:\inetpub\wwwroot\LearnSite\App_Data\Temp\root\5d43c239\4d8f1d83\App_Web_treg8jxg.26.cs" "C:\inetpub\wwwroot\LearnSite\App_Data\Temp\root\5d43c239\4d8f1d83\App_Web_treg8jxg.7.cs" "C:\inetpub\wwwroot\LearnSite\App_Data\Temp\root\5d43c239\4d8f1d83\App_Web_treg8jxg.29.cs" "C:\inetpub\wwwroot\LearnSite\App_Data\Temp\root\5d43c239\4d8f1d83\App_Web_treg8jxg.27.cs" "C:\inetpub\wwwroot\LearnSite\App_Data\Temp\root\5d43c239\4d8f1d83\App_Web_treg8jxg.2.cs" "C:\inetpub\wwwroot\LearnSite\App_Data\Temp\root\5d43c239\4d8f1d83\App_Web_treg8jxg.5.cs" "C:\inetpub\wwwroot\LearnSite\App_Data\Temp\root\5d43c239\4d8f1d83\App_Web_treg8jxg.28.cs" "C:\inetpub\wwwroot\LearnSite\App_Data\Temp\root\5d43c239\4d8f1d83\App_Web_treg8jxg.9.cs" "C:\inetpub\wwwroot\LearnSite\App_Data\Temp\root\5d43c239\4d8f1d83\App_Web_treg8jxg.0.cs" "C:\inetpub\wwwroot\LearnSite\App_Data\Temp\root\5d43c239\4d8f1d83\App_Web_treg8jxg.20.cs"


Microsoft (R) Visual C# 2005 编译器 版本 8.00.50727.9031
用于 Microsoft (R) Windows (R) 2005 Framework 版本 2.0.50727
版权所有(C) Microsoft Corporation 2001-2005。保留所有权利。

c:\inetpub\wwwroot\LearnSite\App_Data\Temp\root\5d43c239\4d8f1d83\App_Web_treg8jxg.21.cs(128,53): warning CS0108: “ASP.student_quizview_aspx.Profile”隐藏了继承的成员“Student_quizview.Profile”。如果是有意隐藏，请使用关键字 new。
c:\inetpub\wwwroot\LearnSite\App_Data\Temp\root\5d43c239\4d8f1d83\assembly\dl3\6ad2fe03\0011bc37_ef7ddc01\LearnSite.DLL: (与前一个警告相关的符号位置)
c:\inetpub\wwwroot\LearnSite\App_Data\Temp\root\5d43c239\4d8f1d83\App_Web_treg8jxg.21.cs(134,46): warning CS0108: “ASP.student_quizview_aspx.ApplicationInstance”隐藏了继承的成员“Student_quizview.ApplicationInstance”。如果是有意隐藏，请使用关键字 new。
c:\inetpub\wwwroot\LearnSite\App_Data\Temp\root\5d43c239\4d8f1d83\assembly\dl3\6ad2fe03\0011bc37_ef7ddc01\LearnSite.DLL: (与前一个警告相关的符号位置)
c:\inetpub\wwwroot\LearnSite\App_Data\Temp\root\5d43c239\4d8f1d83\App_Web_treg8jxg.6.cs(128,53): warning CS0108: “ASP.student_webstore_aspx.Profile”隐藏了继承的成员“student_webstore.Profile”。如果是有意隐藏，请使用关键字 new。
c:\inetpub\wwwroot\LearnSite\App_Data\Temp\root\5d43c239\4d8f1d83\assembly\dl3\6ad2fe03\0011bc37_ef7ddc01\LearnSite.DLL: (与前一个警告相关的符号位置)
c:\inetpub\wwwroot\LearnSite\App_Data\Temp\root\5d43c239\4d8f1d83\App_Web_treg8jxg.6.cs(134,46): warning CS0108: “ASP.student_webstore_aspx.ApplicationInstance”隐藏了继承的成员“student_webstore.ApplicationInstance”。如果是有意隐藏，请使用关键字 new。
c:\inetpub\wwwroot\LearnSite\App_Data\Temp\root\5d43c239\4d8f1d83\assembly\dl3\6ad2fe03\0011bc37_ef7ddc01\LearnSite.DLL: (与前一个警告相关的符号位置)
c:\inetpub\wwwroot\LearnSite\App_Data\Temp\root\5d43c239\4d8f1d83\App_Web_treg8jxg.23.cs(128,53): warning CS0108: “ASP.student_autoupload_aspx.Profile”隐藏了继承的成员“Student_autoupload.Profile”。如果是有意隐藏，请使用关键字 new。
c:\inetpub\wwwroot\LearnSite\App_Data\Temp\root\5d43c239\4d8f1d83\assembly\dl3\6ad2fe03\0011bc37_ef7ddc01\LearnSite.DLL: (与前一个警告相关的符号位置)
c:\inetpub\wwwroot\LearnSite\App_Data\Temp\root\5d43c239\4d8f1d83\App_Web_treg8jxg.23.cs(134,46): warning CS0108: “ASP.student_autoupload_aspx.ApplicationInstance”隐藏了继承的成员“Student_autoupload.ApplicationInstance”。如果是有意隐藏，请使用关键字 new。
c:\inetpub\wwwroot\LearnSite\App_Data\Temp\root\5d43c239\4d8f1d83\assembly\dl3\6ad2fe03\0011bc37_ef7ddc01\LearnSite.DLL: (与前一个警告相关的符号位置)
c:\inetpub\wwwroot\LearnSite\App_Data\Temp\root\5d43c239\4d8f1d83\App_Web_treg8jxg.22.cs(135,53): warning CS0108: “ASP.student_downfile_fixed_aspx.Profile”隐藏了继承的成员“Student_downfile.Profile”。如果是有意隐藏，请使用关键字 new。
c:\inetpub\wwwroot\LearnSite\App_Data\Temp\root\5d43c239\4d8f1d83\assembly\dl3\6ad2fe03\0011bc37_ef7ddc01\LearnSite.DLL: (与前一个警告相关的符号位置)
c:\inetpub\wwwroot\LearnSite\App_Data\Temp\root\5d43c239\4d8f1d83\App_Web_treg8jxg.22.cs(141,46): warning CS0108: “ASP.student_downfile_fixed_aspx.ApplicationInstance”隐藏了继承的成员“Student_downfile.ApplicationInstance”。如果是有意隐藏，请使用关键字 new。
c:\inetpub\wwwroot\LearnSite\App_Data\Temp\root\5d43c239\4d8f1d83\assembly\dl3\6ad2fe03\0011bc37_ef7ddc01\LearnSite.DLL: (与前一个警告相关的符号位置)
c:\inetpub\wwwroot\LearnSite\App_Data\Temp\root\5d43c239\4d8f1d83\App_Web_treg8jxg.24.cs(128,53): warning CS0108: “ASP.student_turtleidle_aspx.Profile”隐藏了继承的成员“Student_turtleidle.Profile”。如果是有意隐藏，请使用关键字 new。
c:\inetpub\wwwroot\LearnSite\App_Data\Temp\root\5d43c239\4d8f1d83\assembly\dl3\6ad2fe03\0011bc37_ef7ddc01\LearnSite.DLL: (与前一个警告相关的符号位置)
c:\inetpub\wwwroot\LearnSite\App_Data\Temp\root\5d43c239\4d8f1d83\App_Web_treg8jxg.24.cs(134,46): warning CS0108: “ASP.student_turtleidle_aspx.ApplicationInstance”隐藏了继承的成员“Student_turtleidle.ApplicationInstance”。如果是有意隐藏，请使用关键字 new。
c:\inetpub\wwwroot\LearnSite\App_Data\Temp\root\5d43c239\4d8f1d83\assembly\dl3\6ad2fe03\0011bc37_ef7ddc01\LearnSite.DLL: (与前一个警告相关的符号位置)
c:\inetpub\wwwroot\LearnSite\App_Data\Temp\root\5d43c239\4d8f1d83\App_Web_treg8jxg.11.cs(128,53): warning CS0108: “ASP.student_mysurveyresult_aspx.Profile”隐藏了继承的成员“student_mysurveyresult.Profile”。如果是有意隐藏，请使用关键字 new。
c:\inetpub\wwwroot\LearnSite\App_Data\Temp\root\5d43c239\4d8f1d83\assembly\dl3\6ad2fe03\0011bc37_ef7ddc01\LearnSite.DLL: (与前一个警告相关的符号位置)
c:\inetpub\wwwroot\LearnSite\App_Data\Temp\root\5d43c239\4d8f1d83\App_Web_treg8jxg.11.cs(134,46): warning CS0108: “ASP.student_mysurveyresult_aspx.ApplicationInstance”隐藏了继承的成员“student_mysurveyresult.ApplicationInstance”。如果是有意隐藏，请使用关键字 new。
c:\inetpub\wwwroot\LearnSite\App_Data\Temp\root\5d43c239\4d8f1d83\assembly\dl3\6ad2fe03\0011bc37_ef7ddc01\LearnSite.DLL: (与前一个警告相关的符号位置)
c:\inetpub\wwwroot\LearnSite\App_Data\Temp\root\5d43c239\4d8f1d83\App_Web_treg8jxg.10.cs(128,53): warning CS0108: “ASP.student_myportfolio_aspx.Profile”隐藏了继承的成员“student_myportfolio.Profile”。如果是有意隐藏，请使用关键字 new。
c:\inetpub\wwwroot\LearnSite\App_Data\Temp\root\5d43c239\4d8f1d83\assembly\dl3\6ad2fe03\0011bc37_ef7ddc01\LearnSite.DLL: (与前一个警告相关的符号位置)
c:\inetpub\wwwroot\LearnSite\App_Data\Temp\root\5d43c239\4d8f1d83\App_Web_treg8jxg.10.cs(134,46): warning CS0108: “ASP.student_myportfolio_aspx.ApplicationInstance”隐藏了继承的成员“student_myportfolio.ApplicationInstance”。如果是有意隐藏，请使用关键字 new。
c:\inetpub\wwwroot\LearnSite\App_Data\Temp\root\5d43c239\4d8f1d83\assembly\dl3\6ad2fe03\0011bc37_ef7ddc01\LearnSite.DLL: (与前一个警告相关的符号位置)
c:\inetpub\wwwroot\LearnSite\App_Data\Temp\root\5d43c239\4d8f1d83\App_Web_treg8jxg.12.cs(128,53): warning CS0108: “ASP.student_pptist_aspx.Profile”隐藏了继承的成员“student_pptist.Profile”。如果是有意隐藏，请使用关键字 new。
c:\inetpub\wwwroot\LearnSite\App_Data\Temp\root\5d43c239\4d8f1d83\assembly\dl3\6ad2fe03\0011bc37_ef7ddc01\LearnSite.DLL: (与前一个警告相关的符号位置)
c:\inetpub\wwwroot\LearnSite\App_Data\Temp\root\5d43c239\4d8f1d83\App_Web_treg8jxg.12.cs(134,46): warning CS0108: “ASP.student_pptist_aspx.ApplicationInstance”隐藏了继承的成员“student_pptist.ApplicationInstance”。如果是有意隐藏，请使用关键字 new。
c:\inetpub\wwwroot\LearnSite\App_Data\Temp\root\5d43c239\4d8f1d83\assembly\dl3\6ad2fe03\0011bc37_ef7ddc01\LearnSite.DLL: (与前一个警告相关的符号位置)
c:\inetpub\wwwroot\LearnSite\student\roomselect.aspx(234,20): warning CS0108: “ASP.student_roomselect_aspx.Btnselect_Click(object, System.EventArgs)”隐藏了继承的成员“Manager_roomselect.Btnselect_Click(object, System.EventArgs)”。如果是有意隐藏，请使用关键字 new。
c:\inetpub\wwwroot\LearnSite\App_Data\Temp\root\5d43c239\4d8f1d83\assembly\dl3\6ad2fe03\0011bc37_ef7ddc01\LearnSite.DLL: (与前一个警告相关的符号位置)
c:\inetpub\wwwroot\LearnSite\student\roomselect.aspx(257,20): warning CS0108: “ASP.student_roomselect_aspx.Btnreturn_Click(object, System.EventArgs)”隐藏了继承的成员“Manager_roomselect.Btnreturn_Click(object, System.EventArgs)”。如果是有意隐藏，请使用关键字 new。
c:\inetpub\wwwroot\LearnSite\App_Data\Temp\root\5d43c239\4d8f1d83\assembly\dl3\6ad2fe03\0011bc37_ef7ddc01\LearnSite.DLL: (与前一个警告相关的符号位置)
c:\inetpub\wwwroot\LearnSite\student\roomselect.aspx(327,20): warning CS0108: “ASP.student_roomselect_aspx.DLroom_ItemDataBound(object, System.Web.UI.WebControls.DataListItemEventArgs)”隐藏了继承的成员“Manager_roomselect.DLroom_ItemDataBound(object, System.Web.UI.WebControls.DataListItemEventArgs)”。如果是有意隐藏，请使用关键字 new。
c:\inetpub\wwwroot\LearnSite\App_Data\Temp\root\5d43c239\4d8f1d83\assembly\dl3\6ad2fe03\0011bc37_ef7ddc01\LearnSite.DLL: (与前一个警告相关的符号位置)
c:\inetpub\wwwroot\LearnSite\App_Data\Temp\root\5d43c239\4d8f1d83\App_Web_treg8jxg.15.cs(1221,53): warning CS0108: “ASP.student_roomselect_aspx.Profile”隐藏了继承的成员“Manager_roomselect.Profile”。如果是有意隐藏，请使用关键字 new。
c:\inetpub\wwwroot\LearnSite\App_Data\Temp\root\5d43c239\4d8f1d83\assembly\dl3\6ad2fe03\0011bc37_ef7ddc01\LearnSite.DLL: (与前一个警告相关的符号位置)
c:\inetpub\wwwroot\LearnSite\App_Data\Temp\root\5d43c239\4d8f1d83\App_Web_treg8jxg.15.cs(1227,46): warning CS0108: “ASP.student_roomselect_aspx.ApplicationInstance”隐藏了继承的成员“Manager_roomselect.ApplicationInstance”。如果是有意隐藏，请使用关键字 new。
c:\inetpub\wwwroot\LearnSite\App_Data\Temp\root\5d43c239\4d8f1d83\assembly\dl3\6ad2fe03\0011bc37_ef7ddc01\LearnSite.DLL: (与前一个警告相关的符号位置)
c:\inetpub\wwwroot\LearnSite\App_Data\Temp\root\5d43c239\4d8f1d83\App_Web_treg8jxg.8.cs(135,53): warning CS0108: “ASP.student_downwork_aspx.Profile”隐藏了继承的成员“Student_downwork.Profile”。如果是有意隐藏，请使用关键字 new。
c:\inetpub\wwwroot\LearnSite\App_Data\Temp\root\5d43c239\4d8f1d83\assembly\dl3\6ad2fe03\0011bc37_ef7ddc01\LearnSite.DLL: (与前一个警告相关的符号位置)
c:\inetpub\wwwroot\LearnSite\App_Data\Temp\root\5d43c239\4d8f1d83\App_Web_treg8jxg.8.cs(141,46): warning CS0108: “ASP.student_downwork_aspx.ApplicationInstance”隐藏了继承的成员“Student_downwork.ApplicationInstance”。如果是有意隐藏，请使用关键字 new。
c:\inetpub\wwwroot\LearnSite\App_Data\Temp\root\5d43c239\4d8f1d83\assembly\dl3\6ad2fe03\0011bc37_ef7ddc01\LearnSite.DLL: (与前一个警告相关的符号位置)
c:\inetpub\wwwroot\LearnSite\App_Data\Temp\root\5d43c239\4d8f1d83\App_Web_treg8jxg.3.cs(135,53): warning CS0108: “ASP.student_myquiz_aspx.Profile”隐藏了继承的成员“Student_myquiz.Profile”。如果是有意隐藏，请使用关键字 new。
c:\inetpub\wwwroot\LearnSite\App_Data\Temp\root\5d43c239\4d8f1d83\assembly\dl3\6ad2fe03\0011bc37_ef7ddc01\LearnSite.DLL: (与前一个警告相关的符号位置)
c:\inetpub\wwwroot\LearnSite\App_Data\Temp\root\5d43c239\4d8f1d83\App_Web_treg8jxg.3.cs(141,46): warning CS0108: “ASP.student_myquiz_aspx.ApplicationInstance”隐藏了继承的成员“Student_myquiz.ApplicationInstance”。如果是有意隐藏，请使用关键字 new。
c:\inetpub\wwwroot\LearnSite\App_Data\Temp\root\5d43c239\4d8f1d83\assembly\dl3\6ad2fe03\0011bc37_ef7ddc01\LearnSite.DLL: (与前一个警告相关的符号位置)
c:\inetpub\wwwroot\LearnSite\App_Data\Temp\root\5d43c239\4d8f1d83\App_Web_treg8jxg.18.cs(142,53): warning CS0108: “ASP.student_autonomic_aspx.Profile”隐藏了继承的成员“Student_autonomic.Profile”。如果是有意隐藏，请使用关键字 new。
c:\inetpub\wwwroot\LearnSite\App_Data\Temp\root\5d43c239\4d8f1d83\assembly\dl3\6ad2fe03\0011bc37_ef7ddc01\LearnSite.DLL: (与前一个警告相关的符号位置)
c:\inetpub\wwwroot\LearnSite\App_Data\Temp\root\5d43c239\4d8f1d83\App_Web_treg8jxg.18.cs(148,46): warning CS0108: “ASP.student_autonomic_aspx.ApplicationInstance”隐藏了继承的成员“Student_autonomic.ApplicationInstance”。如果是有意隐藏，请使用关键字 new。
c:\inetpub\wwwroot\LearnSite\App_Data\Temp\root\5d43c239\4d8f1d83\assembly\dl3\6ad2fe03\0011bc37_ef7ddc01\LearnSite.DLL: (与前一个警告相关的符号位置)
c:\inetpub\wwwroot\LearnSite\App_Data\Temp\root\5d43c239\4d8f1d83\App_Web_treg8jxg.19.cs(128,53): warning CS0108: “ASP.student_webspace_aspx.Profile”隐藏了继承的成员“student_webspace.Profile”。如果是有意隐藏，请使用关键字 new。
c:\inetpub\wwwroot\LearnSite\App_Data\Temp\root\5d43c239\4d8f1d83\assembly\dl3\6ad2fe03\0011bc37_ef7ddc01\LearnSite.DLL: (与前一个警告相关的符号位置)
c:\inetpub\wwwroot\LearnSite\App_Data\Temp\root\5d43c239\4d8f1d83\App_Web_treg8jxg.19.cs(134,46): warning CS0108: “ASP.student_webspace_aspx.ApplicationInstance”隐藏了继承的成员“student_webspace.ApplicationInstance”。如果是有意隐藏，请使用关键字 new。
c:\inetpub\wwwroot\LearnSite\App_Data\Temp\root\5d43c239\4d8f1d83\assembly\dl3\6ad2fe03\0011bc37_ef7ddc01\LearnSite.DLL: (与前一个警告相关的符号位置)
c:\inetpub\wwwroot\LearnSite\App_Data\Temp\root\5d43c239\4d8f1d83\App_Web_treg8jxg.26.cs(135,53): warning CS0108: “ASP.student_alltyper_aspx.Profile”隐藏了继承的成员“Student_alltyper.Profile”。如果是有意隐藏，请使用关键字 new。
c:\inetpub\wwwroot\LearnSite\App_Data\Temp\root\5d43c239\4d8f1d83\assembly\dl3\6ad2fe03\0011bc37_ef7ddc01\LearnSite.DLL: (与前一个警告相关的符号位置)
c:\inetpub\wwwroot\LearnSite\App_Data\Temp\root\5d43c239\4d8f1d83\App_Web_treg8jxg.26.cs(141,46): warning CS0108: “ASP.student_alltyper_aspx.ApplicationInstance”隐藏了继承的成员“Student_alltyper.ApplicationInstance”。如果是有意隐藏，请使用关键字 new。
c:\inetpub\wwwroot\LearnSite\App_Data\Temp\root\5d43c239\4d8f1d83\assembly\dl3\6ad2fe03\0011bc37_ef7ddc01\LearnSite.DLL: (与前一个警告相关的符号位置)
c:\inetpub\wwwroot\LearnSite\App_Data\Temp\root\5d43c239\4d8f1d83\App_Web_treg8jxg.7.cs(128,53): warning CS0108: “ASP.student_webstoresql_aspx.Profile”隐藏了继承的成员“student_webstoresql.Profile”。如果是有意隐藏，请使用关键字 new。
c:\inetpub\wwwroot\LearnSite\App_Data\Temp\root\5d43c239\4d8f1d83\assembly\dl3\6ad2fe03\0011bc37_ef7ddc01\LearnSite.DLL: (与前一个警告相关的符号位置)
c:\inetpub\wwwroot\LearnSite\App_Data\Temp\root\5d43c239\4d8f1d83\App_Web_treg8jxg.7.cs(134,46): warning CS0108: “ASP.student_webstoresql_aspx.ApplicationInstance”隐藏了继承的成员“student_webstoresql.ApplicationInstance”。如果是有意隐藏，请使用关键字 new。
c:\inetpub\wwwroot\LearnSite\App_Data\Temp\root\5d43c239\4d8f1d83\assembly\dl3\6ad2fe03\0011bc37_ef7ddc01\LearnSite.DLL: (与前一个警告相关的符号位置)
c:\inetpub\wwwroot\LearnSite\App_Data\Temp\root\5d43c239\4d8f1d83\App_Web_treg8jxg.29.cs(128,53): warning CS0108: “ASP.student_attituderank_aspx.Profile”隐藏了继承的成员“Student_attituderank.Profile”。如果是有意隐藏，请使用关键字 new。
c:\inetpub\wwwroot\LearnSite\App_Data\Temp\root\5d43c239\4d8f1d83\assembly\dl3\6ad2fe03\0011bc37_ef7ddc01\LearnSite.DLL: (与前一个警告相关的符号位置)
c:\inetpub\wwwroot\LearnSite\App_Data\Temp\root\5d43c239\4d8f1d83\App_Web_treg8jxg.29.cs(134,46): warning CS0108: “ASP.student_attituderank_aspx.ApplicationInstance”隐藏了继承的成员“Student_attituderank.ApplicationInstance”。如果是有意隐藏，请使用关键字 new。
c:\inetpub\wwwroot\LearnSite\App_Data\Temp\root\5d43c239\4d8f1d83\assembly\dl3\6ad2fe03\0011bc37_ef7ddc01\LearnSite.DLL: (与前一个警告相关的符号位置)
c:\inetpub\wwwroot\LearnSite\App_Data\Temp\root\5d43c239\4d8f1d83\App_Web_treg8jxg.28.cs(1283,53): warning CS0108: “ASP.student_program_aspx.Profile”隐藏了继承的成员“Student_program.Profile”。如果是有意隐藏，请使用关键字 new。
c:\inetpub\wwwroot\LearnSite\App_Data\Temp\root\5d43c239\4d8f1d83\assembly\dl3\6ad2fe03\0011bc37_ef7ddc01\LearnSite.DLL: (与前一个警告相关的符号位置)
c:\inetpub\wwwroot\LearnSite\App_Data\Temp\root\5d43c239\4d8f1d83\App_Web_treg8jxg.28.cs(1289,46): warning CS0108: “ASP.student_program_aspx.ApplicationInstance”隐藏了继承的成员“Student_program.ApplicationInstance”。如果是有意隐藏，请使用关键字 new。
c:\inetpub\wwwroot\LearnSite\App_Data\Temp\root\5d43c239\4d8f1d83\assembly\dl3\6ad2fe03\0011bc37_ef7ddc01\LearnSite.DLL: (与前一个警告相关的符号位置)
c:\inetpub\wwwroot\LearnSite\App_Data\Temp\root\5d43c239\4d8f1d83\App_Web_treg8jxg.9.cs(172,53): warning CS0108: “ASP.student_register_aspx.Profile”隐藏了继承的成员“Student_register.Profile”。如果是有意隐藏，请使用关键字 new。
c:\inetpub\wwwroot\LearnSite\App_Data\Temp\root\5d43c239\4d8f1d83\assembly\dl3\6ad2fe03\0011bc37_ef7ddc01\LearnSite.DLL: (与前一个警告相关的符号位置)
c:\inetpub\wwwroot\LearnSite\App_Data\Temp\root\5d43c239\4d8f1d83\App_Web_treg8jxg.9.cs(178,46): warning CS0108: “ASP.student_register_aspx.ApplicationInstance”隐藏了继承的成员“Student_register.ApplicationInstance”。如果是有意隐藏，请使用关键字 new。
c:\inetpub\wwwroot\LearnSite\App_Data\Temp\root\5d43c239\4d8f1d83\assembly\dl3\6ad2fe03\0011bc37_ef7ddc01\LearnSite.DLL: (与前一个警告相关的符号位置)
c:\inetpub\wwwroot\LearnSite\App_Data\Temp\root\5d43c239\4d8f1d83\App_Web_treg8jxg.0.cs(135,53): warning CS0108: “ASP.student_txtform_aspx.Profile”隐藏了继承的成员“Student_txtform.Profile”。如果是有意隐藏，请使用关键字 new。
c:\inetpub\wwwroot\LearnSite\App_Data\Temp\root\5d43c239\4d8f1d83\assembly\dl3\6ad2fe03\0011bc37_ef7ddc01\LearnSite.DLL: (与前一个警告相关的符号位置)
c:\inetpub\wwwroot\LearnSite\App_Data\Temp\root\5d43c239\4d8f1d83\App_Web_treg8jxg.0.cs(141,46): warning CS0108: “ASP.student_txtform_aspx.ApplicationInstance”隐藏了继承的成员“Student_txtform.ApplicationInstance”。如果是有意隐藏，请使用关键字 new。
c:\inetpub\wwwroot\LearnSite\App_Data\Temp\root\5d43c239\4d8f1d83\assembly\dl3\6ad2fe03\0011bc37_ef7ddc01\LearnSite.DLL: (与前一个警告相关的符号位置)
c:\inetpub\wwwroot\LearnSite\App_Data\Temp\root\5d43c239\4d8f1d83\App_Web_treg8jxg.20.cs(128,53): warning CS0108: “ASP.student_word_aspx.Profile”隐藏了继承的成员“student_word.Profile”。如果是有意隐藏，请使用关键字 new。
c:\inetpub\wwwroot\LearnSite\App_Data\Temp\root\5d43c239\4d8f1d83\assembly\dl3\6ad2fe03\0011bc37_ef7ddc01\LearnSite.DLL: (与前一个警告相关的符号位置)
c:\inetpub\wwwroot\LearnSite\App_Data\Temp\root\5d43c239\4d8f1d83\App_Web_treg8jxg.20.cs(134,46): warning CS0108: “ASP.student_word_aspx.ApplicationInstance”隐藏了继承的成员“student_word.ApplicationInstance”。如果是有意隐藏，请使用关键字 new。
c:\inetpub\wwwroot\LearnSite\App_Data\Temp\root\5d43c239\4d8f1d83\assembly\dl3\6ad2fe03\0011bc37_ef7ddc01\LearnSite.DLL: (与前一个警告相关的符号位置)
c:\inetpub\wwwroot\LearnSite\student\quizrank.aspx(238,9): warning CS0168: 声明了变量“ex”，但从未使用过
c:\inetpub\wwwroot\LearnSite\student\quizrank_new.aspx(238,9): warning CS0168: 声明了变量“ex”，但从未使用过
c:\inetpub\wwwroot\LearnSite\student\programshow.aspx(747,59): error CS0117: “ASP.student_programshow_aspx”并不包含“LinkBtn_Click”的定义
c:\inetpub\wwwroot\LearnSite\student\programshow.aspx(747,59): error CS0117: “ASP.student_programshow_aspx”并不包含“LinkBtn_Click”的定义
